stm32l5xx_ll_bus.h:435:22:void LL_AHB2_GRP1_EnableClock(uint32_t)	24	static
stm32l5xx_ll_bus.h:916:22:void LL_APB1_GRP2_EnableClock(uint32_t)	24	static
main.cpp:75:5:int main()	176	static,ignoring_inline_asm
main.cpp:138:6:void SystemClock_Config()	104	static
main.cpp:194:13:void MX_ADC1_Init()	48	static
main.cpp:258:13:void MX_LPUART1_UART_Init()	8	static
main.cpp:306:13:void MX_USART2_UART_Init()	8	static
main.cpp:354:13:void MX_RTC_Init()	32	static
main.cpp:400:13:void MX_UCPD1_Init()	32	static
main.cpp:442:13:void MX_USB_PCD_Init()	8	static
main.cpp:475:13:void MX_GPIO_Init()	48	static
main.cpp:532:6:void Error_Handler()	4	static,ignoring_inline_asm
