vectorNav.cpp:28:11:static Position& VN300::getInstance()	8	static,ignoring_inline_asm
vectorNav.cpp:33:6:virtual void VN300::GetResult(PositionData_t&)	16	static
vectorNav.hpp:53:7:constexpr Position::Position()	16	static
vectorNav.cpp:47:1:VN300::VN300()	16	static
vectorNav.cpp:51:6:void VN300::VN300Init()	16	static
vectorNav.cpp:71:6:void VN300::parse_gps_data(GPSData_t&)	176	static
vectorNav.cpp:117:7:float VN300::binary_to_float(uint64_t)	32	static
vectorNav.cpp:122:8:double VN300::binary_to_double(uint64_t)	32	static
vectorNav.cpp:127:6:void VN300::parse_imu_data(IMUData_t&)	88	static
vectorNav.cpp:166:6:void VN300::sendCommand(const char*, uint16_t)	24	static
vectorNav.cpp:170:6:void VN300::recieveResponse()	16	static
