vectorNav.cpp:20:11:static Position& VN300::getInstance()	8	static
vectorNav.cpp:25:6:virtual void VN300::GetResult(PositionData_t&)	16	static
vectorNav.hpp:56:7:constexpr Position::Position()	16	static
vectorNav.cpp:39:1:VN300::VN300()	16	static
vectorNav.cpp:43:6:void VN300::VN300Init()	16	static
vectorNav.cpp:50:6:void VN300::parse_gps_data(GPSData_t&)	48	static
vectorNav.cpp:91:7:float VN300::binary_to_float(uint64_t)	48	static
vectorNav.cpp:101:8:double VN300::binary_to_double(uint64_t)	48	static
vectorNav.cpp:109:6:void VN300::parse_imu_data(IMUData_t&)	48	static
vectorNav.cpp:144:6:void VN300::sendCommand(const char*, uint16_t)	24	static
vectorNav.cpp:148:6:void VN300::recieveResponse()	16	static
cmath:415:5:constexpr typename __gnu_cxx::__promote_2<_Tp, _Up>::__type std::pow(_Tp, _Up) [with _Tp = int; _Up = int]	16	static
cmath:415:5:constexpr typename __gnu_cxx::__promote_2<_Tp, _Up>::__type std::pow(_Tp, _Up) [with _Tp = int; _Up = unsigned char]	16	static
