Archive member included to satisfy reference by file (symbol)

/opt/st/stm32cubeide_1.11.0/plugins/com.st.stm32cube.ide.mcu.externaltools.gnu-tools-for-stm32.10.3-2021.10.linux64_1.0.100.202210260954/tools/bin/../lib/gcc/arm-none-eabi/10.3.1/../../../../arm-none-eabi/lib/thumb/v8-m.main+fp/hard/libc_nano.a(lib_a-errno.o)
                              ./Core/Src/syscalls.o (__errno)
/opt/st/stm32cubeide_1.11.0/plugins/com.st.stm32cube.ide.mcu.externaltools.gnu-tools-for-stm32.10.3-2021.10.linux64_1.0.100.202210260954/tools/bin/../lib/gcc/arm-none-eabi/10.3.1/../../../../arm-none-eabi/lib/thumb/v8-m.main+fp/hard/libc_nano.a(lib_a-exit.o)
                              /opt/st/stm32cubeide_1.11.0/plugins/com.st.stm32cube.ide.mcu.externaltools.gnu-tools-for-stm32.10.3-2021.10.linux64_1.0.100.202210260954/tools/bin/../lib/gcc/arm-none-eabi/10.3.1/../../../../arm-none-eabi/lib/thumb/v8-m.main+fp/hard/crt0.o (exit)
/opt/st/stm32cubeide_1.11.0/plugins/com.st.stm32cube.ide.mcu.externaltools.gnu-tools-for-stm32.10.3-2021.10.linux64_1.0.100.202210260954/tools/bin/../lib/gcc/arm-none-eabi/10.3.1/../../../../arm-none-eabi/lib/thumb/v8-m.main+fp/hard/libc_nano.a(lib_a-impure.o)
                              /opt/st/stm32cubeide_1.11.0/plugins/com.st.stm32cube.ide.mcu.externaltools.gnu-tools-for-stm32.10.3-2021.10.linux64_1.0.100.202210260954/tools/bin/../lib/gcc/arm-none-eabi/10.3.1/../../../../arm-none-eabi/lib/thumb/v8-m.main+fp/hard/libc_nano.a(lib_a-exit.o) (_global_impure_ptr)
/opt/st/stm32cubeide_1.11.0/plugins/com.st.stm32cube.ide.mcu.externaltools.gnu-tools-for-stm32.10.3-2021.10.linux64_1.0.100.202210260954/tools/bin/../lib/gcc/arm-none-eabi/10.3.1/../../../../arm-none-eabi/lib/thumb/v8-m.main+fp/hard/libc_nano.a(lib_a-init.o)
                              /opt/st/stm32cubeide_1.11.0/plugins/com.st.stm32cube.ide.mcu.externaltools.gnu-tools-for-stm32.10.3-2021.10.linux64_1.0.100.202210260954/tools/bin/../lib/gcc/arm-none-eabi/10.3.1/../../../../arm-none-eabi/lib/thumb/v8-m.main+fp/hard/crt0.o (__libc_init_array)
/opt/st/stm32cubeide_1.11.0/plugins/com.st.stm32cube.ide.mcu.externaltools.gnu-tools-for-stm32.10.3-2021.10.linux64_1.0.100.202210260954/tools/bin/../lib/gcc/arm-none-eabi/10.3.1/../../../../arm-none-eabi/lib/thumb/v8-m.main+fp/hard/libc_nano.a(lib_a-memset.o)
                              /opt/st/stm32cubeide_1.11.0/plugins/com.st.stm32cube.ide.mcu.externaltools.gnu-tools-for-stm32.10.3-2021.10.linux64_1.0.100.202210260954/tools/bin/../lib/gcc/arm-none-eabi/10.3.1/../../../../arm-none-eabi/lib/thumb/v8-m.main+fp/hard/crt0.o (memset)
/opt/st/stm32cubeide_1.11.0/plugins/com.st.stm32cube.ide.mcu.externaltools.gnu-tools-for-stm32.10.3-2021.10.linux64_1.0.100.202210260954/tools/bin/../lib/gcc/arm-none-eabi/10.3.1/thumb/v8-m.main+fp/hard/libgcc.a(_aeabi_uldivmod.o)
                              ./Drivers/STM32L5xx_HAL_Driver/Src/stm32l5xx_hal_uart.o (__aeabi_uldivmod)
/opt/st/stm32cubeide_1.11.0/plugins/com.st.stm32cube.ide.mcu.externaltools.gnu-tools-for-stm32.10.3-2021.10.linux64_1.0.100.202210260954/tools/bin/../lib/gcc/arm-none-eabi/10.3.1/thumb/v8-m.main+fp/hard/libgcc.a(_udivmoddi4.o)
                              /opt/st/stm32cubeide_1.11.0/plugins/com.st.stm32cube.ide.mcu.externaltools.gnu-tools-for-stm32.10.3-2021.10.linux64_1.0.100.202210260954/tools/bin/../lib/gcc/arm-none-eabi/10.3.1/thumb/v8-m.main+fp/hard/libgcc.a(_aeabi_uldivmod.o) (__udivmoddi4)
/opt/st/stm32cubeide_1.11.0/plugins/com.st.stm32cube.ide.mcu.externaltools.gnu-tools-for-stm32.10.3-2021.10.linux64_1.0.100.202210260954/tools/bin/../lib/gcc/arm-none-eabi/10.3.1/thumb/v8-m.main+fp/hard/libgcc.a(_dvmd_tls.o)
                              /opt/st/stm32cubeide_1.11.0/plugins/com.st.stm32cube.ide.mcu.externaltools.gnu-tools-for-stm32.10.3-2021.10.linux64_1.0.100.202210260954/tools/bin/../lib/gcc/arm-none-eabi/10.3.1/thumb/v8-m.main+fp/hard/libgcc.a(_aeabi_uldivmod.o) (__aeabi_ldiv0)

Discarded input sections

 .text          0x0000000000000000        0x0 /opt/st/stm32cubeide_1.11.0/plugins/com.st.stm32cube.ide.mcu.externaltools.gnu-tools-for-stm32.10.3-2021.10.linux64_1.0.100.202210260954/tools/bin/../lib/gcc/arm-none-eabi/10.3.1/thumb/v8-m.main+fp/hard/crti.o
 .data          0x0000000000000000        0x0 /opt/st/stm32cubeide_1.11.0/plugins/com.st.stm32cube.ide.mcu.externaltools.gnu-tools-for-stm32.10.3-2021.10.linux64_1.0.100.202210260954/tools/bin/../lib/gcc/arm-none-eabi/10.3.1/thumb/v8-m.main+fp/hard/crti.o
 .bss           0x0000000000000000        0x0 /opt/st/stm32cubeide_1.11.0/plugins/com.st.stm32cube.ide.mcu.externaltools.gnu-tools-for-stm32.10.3-2021.10.linux64_1.0.100.202210260954/tools/bin/../lib/gcc/arm-none-eabi/10.3.1/thumb/v8-m.main+fp/hard/crti.o
 .data          0x0000000000000000        0x4 /opt/st/stm32cubeide_1.11.0/plugins/com.st.stm32cube.ide.mcu.externaltools.gnu-tools-for-stm32.10.3-2021.10.linux64_1.0.100.202210260954/tools/bin/../lib/gcc/arm-none-eabi/10.3.1/thumb/v8-m.main+fp/hard/crtbegin.o
[...]
Memory Configuration

Name             Origin             Length             Attributes
RAM              0x0000000020000000 0x0000000000030000 xrw
RAM2             0x0000000020030000 0x0000000000010000 xrw
FLASH            0x0000000008000000 0x0000000000080000 xr
*default*        0x0000000000000000 0xffffffffffffffff

Linker script and memory map

LOAD /opt/st/stm32cubeide_1.11.0/plugins/com.st.stm32cube.ide.mcu.externaltools.gnu-tools-for-stm32.10.3-2021.10.linux64_1.0.100.202210260954/tools/bin/../lib/gcc/arm-none-eabi/10.3.1/thumb/v8-m.main+fp/hard/crti.o
LOAD /opt/st/stm32cubeide_1.11.0/plugins/com.st.stm32cube.ide.mcu.externaltools.gnu-tools-for-stm32.10.3-2021.10.linux64_1.0.100.202210260954/tools/bin/../lib/gcc/arm-none-eabi/10.3.1/thumb/v8-m.main+fp/hard/crtbegin.o
LOAD /opt/st/stm32cubeide_1.11.0/plugins/com.st.stm32cube.ide.mcu.externaltools.gnu-tools-for-stm32.10.3-2021.10.linux64_1.0.100.202210260954/tools/bin/../lib/gcc/arm-none-eabi/10.3.1/../../../../arm-none-eabi/lib/thumb/v8-m.main+fp/hard/crt0.o
LOAD ./Core/Src/main.o
LOAD ./Core/Src/stm32l5xx_hal_msp.o
LOAD ./Core/Src/stm32l5xx_it.o
LOAD ./Core/Src/syscalls.o
LOAD ./Core/Src/sysmem.o
LOAD ./Core/Src/system_stm32l5xx.o
LOAD ./Core/Startup/startup_stm32l562zetxq.o
LOAD ./Drivers/STM32L5xx_HAL_Driver/Src/stm32l5xx_hal.o
LOAD ./Drivers/STM32L5xx_HAL_Driver/Src/stm32l5xx_hal_cortex.o
LOAD ./Drivers/STM32L5xx_HAL_Driver/Src/stm32l5xx_hal_dma.o
LOAD ./Drivers/STM32L5xx_HAL_Driver/Src/stm32l5xx_hal_dma_ex.o
LOAD ./Drivers/STM32L5xx_HAL_Driver/Src/stm32l5xx_hal_exti.o
LOAD ./Drivers/STM32L5xx_HAL_Driver/Src/stm32l5xx_hal_flash.o
LOAD ./Drivers/STM32L5xx_HAL_Driver/Src/stm32l5xx_hal_flash_ex.o
LOAD ./Drivers/STM32L5xx_HAL_Driver/Src/stm32l5xx_hal_flash_ramfunc.o
LOAD ./Drivers/STM32L5xx_HAL_Driver/Src/stm32l5xx_hal_gpio.o
LOAD ./Drivers/STM32L5xx_HAL_Driver/Src/stm32l5xx_hal_i2c.o
LOAD ./Drivers/STM32L5xx_HAL_Driver/Src/stm32l5xx_hal_i2c_ex.o
LOAD ./Drivers/STM32L5xx_HAL_Driver/Src/stm32l5xx_hal_icache.o
LOAD ./Drivers/STM32L5xx_HAL_Driver/Src/stm32l5xx_hal_pwr.o
LOAD ./Drivers/STM32L5xx_HAL_Driver/Src/stm32l5xx_hal_pwr_ex.o
LOAD ./Drivers/STM32L5xx_HAL_Driver/Src/stm32l5xx_hal_rcc.o
LOAD ./Drivers/STM32L5xx_HAL_Driver/Src/stm32l5xx_hal_rcc_ex.o
LOAD ./Drivers/STM32L5xx_HAL_Driver/Src/stm32l5xx_hal_spi.o
LOAD ./Drivers/STM32L5xx_HAL_Driver/Src/stm32l5xx_hal_spi_ex.o
LOAD ./Drivers/STM32L5xx_HAL_Driver/Src/stm32l5xx_hal_tim.o
LOAD ./Drivers/STM32L5xx_HAL_Driver/Src/stm32l5xx_hal_tim_ex.o
LOAD ./Drivers/STM32L5xx_HAL_Driver/Src/stm32l5xx_hal_uart.o
LOAD ./Drivers/STM32L5xx_HAL_Driver/Src/stm32l5xx_hal_uart_ex.o
START GROUP
LOAD /opt/st/stm32cubeide_1.11.0/plugins/com.st.stm32cube.ide.mcu.externaltools.gnu-tools-for-stm32.10.3-2021.10.linux64_1.0.100.202210260954/tools/bin/../lib/gcc/arm-none-eabi/10.3.1/../../../../arm-none-eabi/lib/thumb/v8-m.main+fp/hard/libc_nano.a
LOAD /opt/st/stm32cubeide_1.11.0/plugins/com.st.stm32cube.ide.mcu.externaltools.gnu-tools-for-stm32.10.3-2021.10.linux64_1.0.100.202210260954/tools/bin/../lib/gcc/arm-none-eabi/10.3.1/../../../../arm-none-eabi/lib/thumb/v8-m.main+fp/hard/libm.a
END GROUP
START GROUP
LOAD /opt/st/stm32cubeide_1.11.0/plugins/com.st.stm32cube.ide.mcu.externaltools.gnu-tools-for-stm32.10.3-2021.10.linux64_1.0.100.202210260954/tools/bin/../lib/gcc/arm-none-eabi/10.3.1/thumb/v8-m.main+fp/hard/libgcc.a
LOAD /opt/st/stm32cubeide_1.11.0/plugins/com.st.stm32cube.ide.mcu.externaltools.gnu-tools-for-stm32.10.3-2021.10.linux64_1.0.100.202210260954/tools/bin/../lib/gcc/arm-none-eabi/10.3.1/../../../../arm-none-eabi/lib/thumb/v8-m.main+fp/hard/libc_nano.a
END GROUP
START GROUP
LOAD /opt/st/stm32cubeide_1.11.0/plugins/com.st.stm32cube.ide.mcu.externaltools.gnu-tools-for-stm32.10.3-2021.10.linux64_1.0.100.202210260954/tools/bin/../lib/gcc/arm-none-eabi/10.3.1/thumb/v8-m.main+fp/hard/libgcc.a
LOAD /opt/st/stm32cubeide_1.11.0/plugins/com.st.stm32cube.ide.mcu.externaltools.gnu-tools-for-stm32.10.3-2021.10.linux64_1.0.100.202210260954/tools/bin/../lib/gcc/arm-none-eabi/10.3.1/../../../../arm-none-eabi/lib/thumb/v8-m.main+fp/hard/libc_nano.a
LOAD /opt/st/stm32cubeide_1.11.0/plugins/com.st.stm32cube.ide.mcu.externaltools.gnu-tools-for-stm32.10.3-2021.10.linux64_1.0.100.202210260954/tools/bin/../lib/gcc/arm-none-eabi/10.3.1/../../../../arm-none-eabi/lib/thumb/v8-m.main+fp/hard/libnosys.a
END GROUP
START GROUP
LOAD /opt/st/stm32cubeide_1.11.0/plugins/com.st.stm32cube.ide.mcu.externaltools.gnu-tools-for-stm32.10.3-2021.10.linux64_1.0.100.202210260954/tools/bin/../lib/gcc/arm-none-eabi/10.3.1/thumb/v8-m.main+fp/hard/libgcc.a
LOAD /opt/st/stm32cubeide_1.11.0/plugins/com.st.stm32cube.ide.mcu.externaltools.gnu-tools-for-stm32.10.3-2021.10.linux64_1.0.100.202210260954/tools/bin/../lib/gcc/arm-none-eabi/10.3.1/../../../../arm-none-eabi/lib/thumb/v8-m.main+fp/hard/libc_nano.a
LOAD /opt/st/stm32cubeide_1.11.0/plugins/com.st.stm32cube.ide.mcu.externaltools.gnu-tools-for-stm32.10.3-2021.10.linux64_1.0.100.202210260954/tools/bin/../lib/gcc/arm-none-eabi/10.3.1/../../../../arm-none-eabi/lib/thumb/v8-m.main+fp/hard/libnosys.a
END GROUP
LOAD /opt/st/stm32cubeide_1.11.0/plugins/com.st.stm32cube.ide.mcu.externaltools.gnu-tools-for-stm32.10.3-2021.10.linux64_1.0.100.202210260954/tools/bin/../lib/gcc/arm-none-eabi/10.3.1/thumb/v8-m.main+fp/hard/crtend.o
LOAD /opt/st/stm32cubeide_1.11.0/plugins/com.st.stm32cube.ide.mcu.externaltools.gnu-tools-for-stm32.10.3-2021.10.linux64_1.0.100.202210260954/tools/bin/../lib/gcc/arm-none-eabi/10.3.1/thumb/v8-m.main+fp/hard/crtn.o
                0x0000000020030000                _estack = (ORIGIN (RAM) + LENGTH (RAM))
                0x0000000000000200                _Min_Heap_Size = 0x200
                0x0000000000000400                _Min_Stack_Size = 0x400

.isr_vector     0x0000000008000000      0x1f4
                0x0000000008000000                . = ALIGN (0x4)
 *(.isr_vector)
 .isr_vector    0x0000000008000000      0x1f4 ./Core/Startup/startup_stm32l562zetxq.o
                0x0000000008000000                g_pfnVectors
                0x00000000080001f4                . = ALIGN (0x4)

.text           0x00000000080001f4     0x5a08
                0x00000000080001f4                . = ALIGN (0x4)
 *(.text)
 .text          0x00000000080001f4       0x40 /opt/st/stm32cubeide_1.11.0/plugins/com.st.stm32cube.ide.mcu.externaltools.gnu-tools-for-stm32.10.3-2021.10.linux64_1.0.100.202210260954/tools/bin/../lib/gcc/arm-none-eabi/10.3.1/thumb/v8-m.main+fp/hard/crtbegin.o
 .text          0x0000000008000234       0x30 /opt/st/stm32cubeide_1.11.0/plugins/com.st.stm32cube.ide.mcu.externaltools.gnu-tools-for-stm32.10.3-2021.10.linux64_1.0.100.202210260954/tools/bin/../lib/gcc/arm-none-eabi/10.3.1/thumb/v8-m.main+fp/hard/libgcc.a(_aeabi_uldivmod.o)
                0x0000000008000234                __aeabi_uldivmod
 .text          0x0000000008000264      0x2ec /opt/st/stm32cubeide_1.11.0/plugins/com.st.stm32cube.ide.mcu.externaltools.gnu-tools-for-stm32.10.3-2021.10.linux64_1.0.100.202210260954/tools/bin/../lib/gcc/arm-none-eabi/10.3.1/thumb/v8-m.main+fp/hard/libgcc.a(_udivmoddi4.o)
                0x0000000008000264                __udivmoddi4
 .text          0x0000000008000550        0x4 /opt/st/stm32cubeide_1.11.0/plugins/com.st.stm32cube.ide.mcu.externaltools.gnu-tools-for-stm32.10.3-2021.10.linux64_1.0.100.202210260954/tools/bin/../lib/gcc/arm-none-eabi/10.3.1/thumb/v8-m.main+fp/hard/libgcc.a(_dvmd_tls.o)
                0x0000000008000550                __aeabi_ldiv0
                0x0000000008000550                __aeabi_idiv0
 *(.text*)
 .text.toggle_all_GPIO
                0x0000000008000554       0x3c ./Core/Src/main.o
                0x0000000008000554                toggle_all_GPIO
 .text.main     0x0000000008000590       0x5a ./Core/Src/main.o
                0x0000000008000590                main
 .text.SystemClock_Config
                0x00000000080005ea       0x8c ./Core/Src/main.o
                0x00000000080005ea                SystemClock_Config
 *fill*         0x0000000008000676        0x2 
 .text.MX_I2C1_Init
                0x0000000008000678       0x7c ./Core/Src/main.o
 .text.MX_I2C2_Init
                0x00000000080006f4       0x7c ./Core/Src/main.o
 .text.MX_I2C3_Init
                0x0000000008000770       0x7c ./Core/Src/main.o
 .text.MX_LPUART1_UART_Init
                0x00000000080007ec       0x98 ./Core/Src/main.o
 .text.MX_UART4_Init
                0x0000000008000884       0x98 ./Core/Src/main.o
 .text.MX_USART1_UART_Init
                0x000000000800091c       0x98 ./Core/Src/main.o
 .text.MX_USART2_UART_Init
                0x00000000080009b4       0x98 ./Core/Src/main.o
 .text.MX_USART3_UART_Init
                0x0000000008000a4c       0x98 ./Core/Src/main.o
 .text.MX_SPI1_Init
                0x0000000008000ae4       0x7c ./Core/Src/main.o
 .text.MX_SPI2_Init
                0x0000000008000b60       0x7c ./Core/Src/main.o
 .text.MX_TIM3_Init
                0x0000000008000bdc       0xf8 ./Core/Src/main.o
 .text.MX_TIM4_Init
                0x0000000008000cd4       0xf8 ./Core/Src/main.o
 .text.MX_TIM5_Init
                0x0000000008000dcc       0xf8 ./Core/Src/main.o
 .text.MX_TIM16_Init
                0x0000000008000ec4       0xf4 ./Core/Src/main.o
 .text.MX_TIM17_Init
                0x0000000008000fb8       0xf4 ./Core/Src/main.o
 .text.MX_GPIO_Init
                0x00000000080010ac      0x194 ./Core/Src/main.o
 .text.Error_Handler
                0x0000000008001240        0xa ./Core/Src/main.o
                0x0000000008001240                Error_Handler
 *fill*         0x000000000800124a        0x2 
 .text.HAL_MspInit
                0x000000000800124c       0x48 ./Core/Src/stm32l5xx_hal_msp.o
                0x000000000800124c                HAL_MspInit
 .text.HAL_I2C_MspInit
                0x0000000008001294      0x1d8 ./Core/Src/stm32l5xx_hal_msp.o
                0x0000000008001294                HAL_I2C_MspInit
 .text.HAL_UART_MspInit
                0x000000000800146c      0x2e0 ./Core/Src/stm32l5xx_hal_msp.o
                0x000000000800146c                HAL_UART_MspInit
 .text.HAL_SPI_MspInit
                0x000000000800174c      0x12c ./Core/Src/stm32l5xx_hal_msp.o
                0x000000000800174c                HAL_SPI_MspInit
 .text.HAL_TIM_PWM_MspInit
                0x0000000008001878       0x90 ./Core/Src/stm32l5xx_hal_msp.o
                0x0000000008001878                HAL_TIM_PWM_MspInit
 .text.HAL_TIM_Base_MspInit
                0x0000000008001908       0x68 ./Core/Src/stm32l5xx_hal_msp.o
                0x0000000008001908                HAL_TIM_Base_MspInit
 .text.HAL_TIM_MspPostInit
                0x0000000008001970      0x1a4 ./Core/Src/stm32l5xx_hal_msp.o
                0x0000000008001970                HAL_TIM_MspPostInit
 .text.NMI_Handler
                0x0000000008001b14        0x6 ./Core/Src/stm32l5xx_it.o
                0x0000000008001b14                NMI_Handler
 .text.HardFault_Handler
                0x0000000008001b1a        0x6 ./Core/Src/stm32l5xx_it.o
                0x0000000008001b1a                HardFault_Handler
 .text.MemManage_Handler
                0x0000000008001b20        0x6 ./Core/Src/stm32l5xx_it.o
                0x0000000008001b20                MemManage_Handler
 .text.BusFault_Handler
                0x0000000008001b26        0x6 ./Core/Src/stm32l5xx_it.o
                0x0000000008001b26                BusFault_Handler
 .text.UsageFault_Handler
                0x0000000008001b2c        0x6 ./Core/Src/stm32l5xx_it.o
                0x0000000008001b2c                UsageFault_Handler
 .text.SVC_Handler
                0x0000000008001b32        0xe ./Core/Src/stm32l5xx_it.o
                0x0000000008001b32                SVC_Handler
 .text.DebugMon_Handler
                0x0000000008001b40        0xe ./Core/Src/stm32l5xx_it.o
                0x0000000008001b40                DebugMon_Handler
 .text.PendSV_Handler
                0x0000000008001b4e        0xe ./Core/Src/stm32l5xx_it.o
                0x0000000008001b4e                PendSV_Handler
 .text.SysTick_Handler
                0x0000000008001b5c        0xc ./Core/Src/stm32l5xx_it.o
                0x0000000008001b5c                SysTick_Handler
 .text.SystemInit
                0x0000000008001b68       0x24 ./Core/Src/system_stm32l5xx.o
                0x0000000008001b68                SystemInit
 .text.SystemCoreClockUpdate
                0x0000000008001b8c      0x158 ./Core/Src/system_stm32l5xx.o
                0x0000000008001b8c                SystemCoreClockUpdate
 .text.Reset_Handler
                0x0000000008001ce4       0x50 ./Core/Startup/startup_stm32l562zetxq.o
                0x0000000008001ce4                Reset_Handler
 .text.Default_Handler
                0x0000000008001d34        0x2 ./Core/Startup/startup_stm32l562zetxq.o
                0x0000000008001d34                EXTI2_IRQHandler
                0x0000000008001d34                TIM8_TRG_COM_IRQHandler
                0x0000000008001d34                TIM8_CC_IRQHandler
                0x0000000008001d34                EXTI5_IRQHandler
                0x0000000008001d34                FLASH_S_IRQHandler
                0x0000000008001d34                EXTI13_IRQHandler
                0x0000000008001d34                TIM1_CC_IRQHandler
                0x0000000008001d34                TSC_IRQHandler
                0x0000000008001d34                TAMP_IRQHandler
                0x0000000008001d34                TIM6_IRQHandler
                0x0000000008001d34                EXTI12_IRQHandler
                0x0000000008001d34                DMA2_Channel8_IRQHandler
                0x0000000008001d34                EXTI3_IRQHandler
                0x0000000008001d34                EXTI8_IRQHandler
                0x0000000008001d34                LPTIM2_IRQHandler
                0x0000000008001d34                DFSDM1_FLT1_IRQHandler
                0x0000000008001d34                USB_FS_IRQHandler
                0x0000000008001d34                I2C3_ER_IRQHandler
                0x0000000008001d34                DFSDM1_FLT2_IRQHandler
                0x0000000008001d34                DMAMUX1_IRQHandler
                0x0000000008001d34                LPTIM3_IRQHandler
                0x0000000008001d34                EXTI0_IRQHandler
                0x0000000008001d34                I2C2_EV_IRQHandler
                0x0000000008001d34                FPU_IRQHandler
                0x0000000008001d34                FDCAN1_IT1_IRQHandler
                0x0000000008001d34                ADC1_2_IRQHandler
                0x0000000008001d34                SPI1_IRQHandler
                0x0000000008001d34                OCTOSPI1_IRQHandler
                0x0000000008001d34                TIM8_UP_IRQHandler
                0x0000000008001d34                RCC_S_IRQHandler
                0x0000000008001d34                DMA2_Channel2_IRQHandler
                0x0000000008001d34                DMA1_Channel4_IRQHandler
                0x0000000008001d34                SAI2_IRQHandler
                0x0000000008001d34                DFSDM1_FLT3_IRQHandler
                0x0000000008001d34                PKA_IRQHandler
                0x0000000008001d34                EXTI15_IRQHandler
                0x0000000008001d34                TIM17_IRQHandler
                0x0000000008001d34                USART3_IRQHandler
                0x0000000008001d34                RTC_IRQHandler
                0x0000000008001d34                EXTI9_IRQHandler
                0x0000000008001d34                DMA1_Channel7_IRQHandler
                0x0000000008001d34                UART5_IRQHandler
                0x0000000008001d34                TIM4_IRQHandler
                0x0000000008001d34                DMA2_Channel1_IRQHandler
                0x0000000008001d34                I2C1_EV_IRQHandler
                0x0000000008001d34                DMA1_Channel6_IRQHandler
                0x0000000008001d34                TIM16_IRQHandler
                0x0000000008001d34                UART4_IRQHandler
                0x0000000008001d34                DMA2_Channel4_IRQHandler
                0x0000000008001d34                SecureFault_Handler
                0x0000000008001d34                TIM3_IRQHandler
                0x0000000008001d34                RCC_IRQHandler
                0x0000000008001d34                TIM1_TRG_COM_IRQHandler
                0x0000000008001d34                DMA1_Channel1_IRQHandler
                0x0000000008001d34                Default_Handler
                0x0000000008001d34                DMA2_Channel7_IRQHandler
                0x0000000008001d34                OTFDEC1_IRQHandler
                0x0000000008001d34                DMA1_Channel8_IRQHandler
                0x0000000008001d34                TIM7_IRQHandler
                0x0000000008001d34                SDMMC1_IRQHandler
                0x0000000008001d34                TIM5_IRQHandler
                0x0000000008001d34                UCPD1_IRQHandler
                0x0000000008001d34                TIM15_IRQHandler
                0x0000000008001d34                I2C3_EV_IRQHandler
                0x0000000008001d34                PVD_PVM_IRQHandler
                0x0000000008001d34                SPI2_IRQHandler
                0x0000000008001d34                EXTI14_IRQHandler
                0x0000000008001d34                EXTI11_IRQHandler
                0x0000000008001d34                DMA2_Channel5_IRQHandler
                0x0000000008001d34                CRS_IRQHandler
                0x0000000008001d34                DMA1_Channel5_IRQHandler
                0x0000000008001d34                EXTI4_IRQHandler
                0x0000000008001d34                RTC_S_IRQHandler
                0x0000000008001d34                RNG_IRQHandler
                0x0000000008001d34                DMAMUX1_S_IRQHandler
                0x0000000008001d34                DMA1_Channel3_IRQHandler
                0x0000000008001d34                COMP_IRQHandler
                0x0000000008001d34                TIM1_UP_IRQHandler
                0x0000000008001d34                WWDG_IRQHandler
                0x0000000008001d34                I2C4_EV_IRQHandler
                0x0000000008001d34                LPUART1_IRQHandler
                0x0000000008001d34                DMA2_Channel6_IRQHandler
                0x0000000008001d34                FDCAN1_IT0_IRQHandler
                0x0000000008001d34                TIM2_IRQHandler
                0x0000000008001d34                TAMP_S_IRQHandler
                0x0000000008001d34                EXTI7_IRQHandler
                0x0000000008001d34                TIM1_BRK_IRQHandler
                0x0000000008001d34                DAC_IRQHandler
                0x0000000008001d34                EXTI1_IRQHandler
                0x0000000008001d34                AES_IRQHandler
                0x0000000008001d34                GTZC_IRQHandler
                0x0000000008001d34                USART2_IRQHandler
                0x0000000008001d34                DFSDM1_FLT0_IRQHandler
                0x0000000008001d34                I2C2_ER_IRQHandler
                0x0000000008001d34                DMA1_Channel2_IRQHandler
                0x0000000008001d34                TIM8_BRK_IRQHandler
                0x0000000008001d34                FLASH_IRQHandler
                0x0000000008001d34                USART1_IRQHandler
                0x0000000008001d34                EXTI10_IRQHandler
                0x0000000008001d34                SPI3_IRQHandler
                0x0000000008001d34                I2C1_ER_IRQHandler
                0x0000000008001d34                FMC_IRQHandler
                0x0000000008001d34                EXTI6_IRQHandler
                0x0000000008001d34                LPTIM1_IRQHandler
                0x0000000008001d34                I2C4_ER_IRQHandler
                0x0000000008001d34                ICACHE_IRQHandler
                0x0000000008001d34                SAI1_IRQHandler
                0x0000000008001d34                HASH_IRQHandler
                0x0000000008001d34                DMA2_Channel3_IRQHandler
 .text.HAL_Init
                0x0000000008001d36       0x34 ./Drivers/STM32L5xx_HAL_Driver/Src/stm32l5xx_hal.o
                0x0000000008001d36                HAL_Init
 *fill*         0x0000000008001d6a        0x2 
 .text.HAL_InitTick
                0x0000000008001d6c       0x78 ./Drivers/STM32L5xx_HAL_Driver/Src/stm32l5xx_hal.o
                0x0000000008001d6c                HAL_InitTick
 .text.HAL_IncTick
                0x0000000008001de4       0x28 ./Drivers/STM32L5xx_HAL_Driver/Src/stm32l5xx_hal.o
                0x0000000008001de4                HAL_IncTick
 .text.HAL_GetTick
                0x0000000008001e0c       0x18 ./Drivers/STM32L5xx_HAL_Driver/Src/stm32l5xx_hal.o
                0x0000000008001e0c                HAL_GetTick
 .text.HAL_Delay
                0x0000000008001e24       0x48 ./Drivers/STM32L5xx_HAL_Driver/Src/stm32l5xx_hal.o
                0x0000000008001e24                HAL_Delay
 .text.__NVIC_SetPriorityGrouping
                0x0000000008001e6c       0x48 ./Drivers/STM32L5xx_HAL_Driver/Src/stm32l5xx_hal_cortex.o
 .text.__NVIC_GetPriorityGrouping
                0x0000000008001eb4       0x1c ./Drivers/STM32L5xx_HAL_Driver/Src/stm32l5xx_hal_cortex.o
 .text.__NVIC_SetPriority
                0x0000000008001ed0       0x54 ./Drivers/STM32L5xx_HAL_Driver/Src/stm32l5xx_hal_cortex.o
 .text.NVIC_EncodePriority
                0x0000000008001f24       0x66 ./Drivers/STM32L5xx_HAL_Driver/Src/stm32l5xx_hal_cortex.o
 *fill*         0x0000000008001f8a        0x2 
 .text.SysTick_Config
                0x0000000008001f8c       0x44 ./Drivers/STM32L5xx_HAL_Driver/Src/stm32l5xx_hal_cortex.o
 .text.HAL_NVIC_SetPriorityGrouping
                0x0000000008001fd0       0x16 ./Drivers/STM32L5xx_HAL_Driver/Src/stm32l5xx_hal_cortex.o
                0x0000000008001fd0                HAL_NVIC_SetPriorityGrouping
 .text.HAL_NVIC_SetPriority
                0x0000000008001fe6       0x34 ./Drivers/STM32L5xx_HAL_Driver/Src/stm32l5xx_hal_cortex.o
                0x0000000008001fe6                HAL_NVIC_SetPriority
 .text.HAL_SYSTICK_Config
                0x000000000800201a       0x18 ./Drivers/STM32L5xx_HAL_Driver/Src/stm32l5xx_hal_cortex.o
                0x000000000800201a                HAL_SYSTICK_Config
 *fill*         0x0000000008002032        0x2 
 .text.HAL_GPIO_Init
                0x0000000008002034      0x300 ./Drivers/STM32L5xx_HAL_Driver/Src/stm32l5xx_hal_gpio.o
                0x0000000008002034                HAL_GPIO_Init
 .text.HAL_GPIO_WritePin
                0x0000000008002334       0x30 ./Drivers/STM32L5xx_HAL_Driver/Src/stm32l5xx_hal_gpio.o
                0x0000000008002334                HAL_GPIO_WritePin
 .text.HAL_GPIO_TogglePin
                0x0000000008002364       0x34 ./Drivers/STM32L5xx_HAL_Driver/Src/stm32l5xx_hal_gpio.o
                0x0000000008002364                HAL_GPIO_TogglePin
 .text.HAL_I2C_Init
                0x0000000008002398      0x11e ./Drivers/STM32L5xx_HAL_Driver/Src/stm32l5xx_hal_i2c.o
                0x0000000008002398                HAL_I2C_Init
 .text.HAL_I2CEx_ConfigAnalogFilter
                0x00000000080024b6       0x96 ./Drivers/STM32L5xx_HAL_Driver/Src/stm32l5xx_hal_i2c_ex.o
                0x00000000080024b6                HAL_I2CEx_ConfigAnalogFilter
 .text.HAL_I2CEx_ConfigDigitalFilter
                0x000000000800254c       0x98 ./Drivers/STM32L5xx_HAL_Driver/Src/stm32l5xx_hal_i2c_ex.o
                0x000000000800254c                HAL_I2CEx_ConfigDigitalFilter
 .text.HAL_PWREx_GetVoltageRange
                0x00000000080025e4       0x1c ./Drivers/STM32L5xx_HAL_Driver/Src/stm32l5xx_hal_pwr_ex.o
                0x00000000080025e4                HAL_PWREx_GetVoltageRange
 .text.HAL_PWREx_ControlVoltageScaling
                0x0000000008002600       0xb8 ./Drivers/STM32L5xx_HAL_Driver/Src/stm32l5xx_hal_pwr_ex.o
                0x0000000008002600                HAL_PWREx_ControlVoltageScaling
 .text.HAL_PWREx_EnableVddIO2
                0x00000000080026b8       0x20 ./Drivers/STM32L5xx_HAL_Driver/Src/stm32l5xx_hal_pwr_ex.o
                0x00000000080026b8                HAL_PWREx_EnableVddIO2
 .text.HAL_PWREx_SMPS_GetEffectiveMode
                0x00000000080026d8       0x48 ./Drivers/STM32L5xx_HAL_Driver/Src/stm32l5xx_hal_pwr_ex.o
                0x00000000080026d8                HAL_PWREx_SMPS_GetEffectiveMode
 .text.HAL_RCC_OscConfig
                0x0000000008002720      0x9ac ./Drivers/STM32L5xx_HAL_Driver/Src/stm32l5xx_hal_rcc.o
                0x0000000008002720                HAL_RCC_OscConfig
 .text.HAL_RCC_ClockConfig
                0x00000000080030cc      0x270 ./Drivers/STM32L5xx_HAL_Driver/Src/stm32l5xx_hal_rcc.o
                0x00000000080030cc                HAL_RCC_ClockConfig
 .text.HAL_RCC_GetSysClockFreq
                0x000000000800333c      0x138 ./Drivers/STM32L5xx_HAL_Driver/Src/stm32l5xx_hal_rcc.o
                0x000000000800333c                HAL_RCC_GetSysClockFreq
 .text.HAL_RCC_GetHCLKFreq
                0x0000000008003474       0x28 ./Drivers/STM32L5xx_HAL_Driver/Src/stm32l5xx_hal_rcc.o
                0x0000000008003474                HAL_RCC_GetHCLKFreq
 .text.HAL_RCC_GetPCLK1Freq
                0x000000000800349c       0x28 ./Drivers/STM32L5xx_HAL_Driver/Src/stm32l5xx_hal_rcc.o
                0x000000000800349c                HAL_RCC_GetPCLK1Freq
 .text.HAL_RCC_GetPCLK2Freq
                0x00000000080034c4       0x28 ./Drivers/STM32L5xx_HAL_Driver/Src/stm32l5xx_hal_rcc.o
                0x00000000080034c4                HAL_RCC_GetPCLK2Freq
 .text.RCC_SetFlashLatencyFromMSIRange
                0x00000000080034ec       0xc8 ./Drivers/STM32L5xx_HAL_Driver/Src/stm32l5xx_hal_rcc.o
 .text.RCC_GetSysClockFreqFromPLLSource
                0x00000000080035b4       0xd8 ./Drivers/STM32L5xx_HAL_Driver/Src/stm32l5xx_hal_rcc.o
 .text.HAL_RCCEx_PeriphCLKConfig
                0x000000000800368c      0x708 ./Drivers/STM32L5xx_HAL_Driver/Src/stm32l5xx_hal_rcc_ex.o
                0x000000000800368c                HAL_RCCEx_PeriphCLKConfig
 .text.RCCEx_PLLSAI1_Config
                0x0000000008003d94      0x1cc ./Drivers/STM32L5xx_HAL_Driver/Src/stm32l5xx_hal_rcc_ex.o
 .text.RCCEx_PLLSAI2_Config
                0x0000000008003f60      0x158 ./Drivers/STM32L5xx_HAL_Driver/Src/stm32l5xx_hal_rcc_ex.o
 .text.HAL_SPI_Init
                0x00000000080040b8      0x146 ./Drivers/STM32L5xx_HAL_Driver/Src/stm32l5xx_hal_spi.o
                0x00000000080040b8                HAL_SPI_Init
 .text.HAL_TIM_Base_Init
                0x00000000080041fe       0xae ./Drivers/STM32L5xx_HAL_Driver/Src/stm32l5xx_hal_tim.o
                0x00000000080041fe                HAL_TIM_Base_Init
 .text.HAL_TIM_PWM_Init
                0x00000000080042ac       0xae ./Drivers/STM32L5xx_HAL_Driver/Src/stm32l5xx_hal_tim.o
                0x00000000080042ac                HAL_TIM_PWM_Init
 *fill*         0x000000000800435a        0x2 
 .text.HAL_TIM_PWM_ConfigChannel
                0x000000000800435c      0x228 ./Drivers/STM32L5xx_HAL_Driver/Src/stm32l5xx_hal_tim.o
                0x000000000800435c                HAL_TIM_PWM_ConfigChannel
 .text.TIM_Base_SetConfig
                0x0000000008004584      0x134 ./Drivers/STM32L5xx_HAL_Driver/Src/stm32l5xx_hal_tim.o
                0x0000000008004584                TIM_Base_SetConfig
 .text.TIM_OC1_SetConfig
                0x00000000080046b8      0x120 ./Drivers/STM32L5xx_HAL_Driver/Src/stm32l5xx_hal_tim.o
 .text.TIM_OC2_SetConfig
                0x00000000080047d8      0x114 ./Drivers/STM32L5xx_HAL_Driver/Src/stm32l5xx_hal_tim.o
                0x00000000080047d8                TIM_OC2_SetConfig
 .text.TIM_OC3_SetConfig
                0x00000000080048ec      0x110 ./Drivers/STM32L5xx_HAL_Driver/Src/stm32l5xx_hal_tim.o
 .text.TIM_OC4_SetConfig
                0x00000000080049fc       0xd4 ./Drivers/STM32L5xx_HAL_Driver/Src/stm32l5xx_hal_tim.o
 .text.TIM_OC5_SetConfig
                0x0000000008004ad0       0xc8 ./Drivers/STM32L5xx_HAL_Driver/Src/stm32l5xx_hal_tim.o
 .text.TIM_OC6_SetConfig
                0x0000000008004b98       0xcc ./Drivers/STM32L5xx_HAL_Driver/Src/stm32l5xx_hal_tim.o
 .text.HAL_TIMEx_MasterConfigSynchronization
                0x0000000008004c64      0x110 ./Drivers/STM32L5xx_HAL_Driver/Src/stm32l5xx_hal_tim_ex.o
                0x0000000008004c64                HAL_TIMEx_MasterConfigSynchronization
 .text.HAL_TIMEx_ConfigBreakDeadTime
                0x0000000008004d74      0x140 ./Drivers/STM32L5xx_HAL_Driver/Src/stm32l5xx_hal_tim_ex.o
                0x0000000008004d74                HAL_TIMEx_ConfigBreakDeadTime
 .text.HAL_UART_Init
                0x0000000008004eb4       0xa0 ./Drivers/STM32L5xx_HAL_Driver/Src/stm32l5xx_hal_uart.o
                0x0000000008004eb4                HAL_UART_Init
 .text.UART_SetConfig
                0x0000000008004f54      0x600 ./Drivers/STM32L5xx_HAL_Driver/Src/stm32l5xx_hal_uart.o
                0x0000000008004f54                UART_SetConfig
 .text.UART_AdvFeatureConfig
                0x0000000008005554      0x144 ./Drivers/STM32L5xx_HAL_Driver/Src/stm32l5xx_hal_uart.o
                0x0000000008005554                UART_AdvFeatureConfig
 .text.UART_CheckIdleState
                0x0000000008005698      0x154 ./Drivers/STM32L5xx_HAL_Driver/Src/stm32l5xx_hal_uart.o
                0x0000000008005698                UART_CheckIdleState
 .text.UART_WaitOnFlagUntilTimeout
                0x00000000080057ec       0xce ./Drivers/STM32L5xx_HAL_Driver/Src/stm32l5xx_hal_uart.o
                0x00000000080057ec                UART_WaitOnFlagUntilTimeout
 .text.UART_EndRxTransfer
                0x00000000080058ba       0xcc ./Drivers/STM32L5xx_HAL_Driver/Src/stm32l5xx_hal_uart.o
 .text.HAL_UARTEx_DisableFifoMode
                0x0000000008005986       0x72 ./Drivers/STM32L5xx_HAL_Driver/Src/stm32l5xx_hal_uart_ex.o
                0x0000000008005986                HAL_UARTEx_DisableFifoMode
 .text.HAL_UARTEx_SetTxFifoThreshold
                0x00000000080059f8       0x7c ./Drivers/STM32L5xx_HAL_Driver/Src/stm32l5xx_hal_uart_ex.o
                0x00000000080059f8                HAL_UARTEx_SetTxFifoThreshold
 .text.HAL_UARTEx_SetRxFifoThreshold
                0x0000000008005a74       0x7c ./Drivers/STM32L5xx_HAL_Driver/Src/stm32l5xx_hal_uart_ex.o
                0x0000000008005a74                HAL_UARTEx_SetRxFifoThreshold
 .text.UARTEx_SetNbDataToProcess
                0x0000000008005af0       0x9c ./Drivers/STM32L5xx_HAL_Driver/Src/stm32l5xx_hal_uart_ex.o
 .text.__libc_init_array
                0x0000000008005b8c       0x48 /opt/st/stm32cubeide_1.11.0/plugins/com.st.stm32cube.ide.mcu.externaltools.gnu-tools-for-stm32.10.3-2021.10.linux64_1.0.100.202210260954/tools/bin/../lib/gcc/arm-none-eabi/10.3.1/../../../../arm-none-eabi/lib/thumb/v8-m.main+fp/hard/libc_nano.a(lib_a-init.o)
                0x0000000008005b8c                __libc_init_array
 .text.memset   0x0000000008005bd4       0x10 /opt/st/stm32cubeide_1.11.0/plugins/com.st.stm32cube.ide.mcu.externaltools.gnu-tools-for-stm32.10.3-2021.10.linux64_1.0.100.202210260954/tools/bin/../lib/gcc/arm-none-eabi/10.3.1/../../../../arm-none-eabi/lib/thumb/v8-m.main+fp/hard/libc_nano.a(lib_a-memset.o)
                0x0000000008005bd4                memset
 *(.glue_7)
 .glue_7        0x0000000008005be4        0x0 linker stubs
 *(.glue_7t)
 .glue_7t       0x0000000008005be4        0x0 linker stubs
 *(.eh_frame)
 .eh_frame      0x0000000008005be4        0x0 /opt/st/stm32cubeide_1.11.0/plugins/com.st.stm32cube.ide.mcu.externaltools.gnu-tools-for-stm32.10.3-2021.10.linux64_1.0.100.202210260954/tools/bin/../lib/gcc/arm-none-eabi/10.3.1/thumb/v8-m.main+fp/hard/crtbegin.o
 *(.init)
 .init          0x0000000008005be4        0x4 /opt/st/stm32cubeide_1.11.0/plugins/com.st.stm32cube.ide.mcu.externaltools.gnu-tools-for-stm32.10.3-2021.10.linux64_1.0.100.202210260954/tools/bin/../lib/gcc/arm-none-eabi/10.3.1/thumb/v8-m.main+fp/hard/crti.o
                0x0000000008005be4                _init
 .init          0x0000000008005be8        0x8 /opt/st/stm32cubeide_1.11.0/plugins/com.st.stm32cube.ide.mcu.externaltools.gnu-tools-for-stm32.10.3-2021.10.linux64_1.0.100.202210260954/tools/bin/../lib/gcc/arm-none-eabi/10.3.1/thumb/v8-m.main+fp/hard/crtn.o
 *(.fini)
 .fini          0x0000000008005bf0        0x4 /opt/st/stm32cubeide_1.11.0/plugins/com.st.stm32cube.ide.mcu.externaltools.gnu-tools-for-stm32.10.3-2021.10.linux64_1.0.100.202210260954/tools/bin/../lib/gcc/arm-none-eabi/10.3.1/thumb/v8-m.main+fp/hard/crti.o
                0x0000000008005bf0                _fini
 .fini          0x0000000008005bf4        0x8 /opt/st/stm32cubeide_1.11.0/plugins/com.st.stm32cube.ide.mcu.externaltools.gnu-tools-for-stm32.10.3-2021.10.linux64_1.0.100.202210260954/tools/bin/../lib/gcc/arm-none-eabi/10.3.1/thumb/v8-m.main+fp/hard/crtn.o
                0x0000000008005bfc                . = ALIGN (0x4)
                0x0000000008005bfc                _etext = .

.vfp11_veneer   0x0000000008005bfc        0x0
 .vfp11_veneer  0x0000000008005bfc        0x0 linker stubs

.v4_bx          0x0000000008005bfc        0x0
 .v4_bx         0x0000000008005bfc        0x0 linker stubs

.iplt           0x0000000008005bfc        0x0
 .iplt          0x0000000008005bfc        0x0 /opt/st/stm32cubeide_1.11.0/plugins/com.st.stm32cube.ide.mcu.externaltools.gnu-tools-for-stm32.10.3-2021.10.linux64_1.0.100.202210260954/tools/bin/../lib/gcc/arm-none-eabi/10.3.1/thumb/v8-m.main+fp/hard/crtbegin.o

.rodata         0x0000000008005bfc       0x80
                0x0000000008005bfc                . = ALIGN (0x4)
 *(.rodata)
 *(.rodata*)
 .rodata.AHBPrescTable
                0x0000000008005bfc       0x10 ./Core/Src/system_stm32l5xx.o
                0x0000000008005bfc                AHBPrescTable
 .rodata.APBPrescTable
                0x0000000008005c0c        0x8 ./Core/Src/system_stm32l5xx.o
                0x0000000008005c0c                APBPrescTable
 .rodata.MSIRangeTable
                0x0000000008005c14       0x40 ./Core/Src/system_stm32l5xx.o
                0x0000000008005c14                MSIRangeTable
 .rodata.UARTPrescTable
                0x0000000008005c54       0x18 ./Drivers/STM32L5xx_HAL_Driver/Src/stm32l5xx_hal_uart.o
                0x0000000008005c54                UARTPrescTable
 .rodata.numerator.1
                0x0000000008005c6c        0x8 ./Drivers/STM32L5xx_HAL_Driver/Src/stm32l5xx_hal_uart_ex.o
 .rodata.denominator.0
                0x0000000008005c74        0x8 ./Drivers/STM32L5xx_HAL_Driver/Src/stm32l5xx_hal_uart_ex.o
                0x0000000008005c7c                . = ALIGN (0x4)

.ARM.extab      0x0000000008005c7c        0x0
                0x0000000008005c7c                . = ALIGN (0x4)
 *(.ARM.extab* .gnu.linkonce.armextab.*)
                0x0000000008005c7c                . = ALIGN (0x4)

.ARM            0x0000000008005c7c        0x8
                0x0000000008005c7c                . = ALIGN (0x4)
                0x0000000008005c7c                __exidx_start = .
 *(.ARM.exidx*)
 .ARM.exidx     0x0000000008005c7c        0x8 /opt/st/stm32cubeide_1.11.0/plugins/com.st.stm32cube.ide.mcu.externaltools.gnu-tools-for-stm32.10.3-2021.10.linux64_1.0.100.202210260954/tools/bin/../lib/gcc/arm-none-eabi/10.3.1/thumb/v8-m.main+fp/hard/libgcc.a(_udivmoddi4.o)
                0x0000000008005c84                __exidx_end = .
                0x0000000008005c84                . = ALIGN (0x4)

.rel.dyn        0x0000000008005c84        0x0
 .rel.iplt      0x0000000008005c84        0x0 /opt/st/stm32cubeide_1.11.0/plugins/com.st.stm32cube.ide.mcu.externaltools.gnu-tools-for-stm32.10.3-2021.10.linux64_1.0.100.202210260954/tools/bin/../lib/gcc/arm-none-eabi/10.3.1/thumb/v8-m.main+fp/hard/crtbegin.o

.preinit_array  0x0000000008005c84        0x0
                0x0000000008005c84                . = ALIGN (0x4)
                0x0000000008005c84                PROVIDE (__preinit_array_start = .)
 *(.preinit_array*)
                0x0000000008005c84                PROVIDE (__preinit_array_end = .)
                0x0000000008005c84                . = ALIGN (0x4)

.init_array     0x0000000008005c84        0x4
                0x0000000008005c84                . = ALIGN (0x4)
                0x0000000008005c84                PROVIDE (__init_array_start = .)
 *(SORT_BY_NAME(.init_array.*))
 *(.init_array*)
 .init_array    0x0000000008005c84        0x4 /opt/st/stm32cubeide_1.11.0/plugins/com.st.stm32cube.ide.mcu.externaltools.gnu-tools-for-stm32.10.3-2021.10.linux64_1.0.100.202210260954/tools/bin/../lib/gcc/arm-none-eabi/10.3.1/thumb/v8-m.main+fp/hard/crtbegin.o
                0x0000000008005c88                PROVIDE (__init_array_end = .)
                0x0000000008005c88                . = ALIGN (0x4)

.fini_array     0x0000000008005c88        0x4
                0x0000000008005c88                . = ALIGN (0x4)
                [!provide]                        PROVIDE (__fini_array_start = .)
 *(SORT_BY_NAME(.fini_array.*))
 *(.fini_array*)
 .fini_array    0x0000000008005c88        0x4 /opt/st/stm32cubeide_1.11.0/plugins/com.st.stm32cube.ide.mcu.externaltools.gnu-tools-for-stm32.10.3-2021.10.linux64_1.0.100.202210260954/tools/bin/../lib/gcc/arm-none-eabi/10.3.1/thumb/v8-m.main+fp/hard/crtbegin.o
                [!provide]                        PROVIDE (__fini_array_end = .)
                0x0000000008005c8c                . = ALIGN (0x4)
                0x0000000008005c8c                _sidata = LOADADDR (.data)

.data           0x0000000020000000        0xc load address 0x0000000008005c8c
                0x0000000020000000                . = ALIGN (0x4)
                0x0000000020000000                _sdata = .
 *(.data)
 *(.data*)
 .data.SystemCoreClock
                0x0000000020000000        0x4 ./Core/Src/system_stm32l5xx.o
                0x0000000020000000                SystemCoreClock
 .data.uwTickPrio
                0x0000000020000004        0x4 ./Drivers/STM32L5xx_HAL_Driver/Src/stm32l5xx_hal.o
                0x0000000020000004                uwTickPrio
 .data.uwTickFreq
                0x0000000020000008        0x1 ./Drivers/STM32L5xx_HAL_Driver/Src/stm32l5xx_hal.o
                0x0000000020000008                uwTickFreq
 *(.RamFunc)
 *(.RamFunc*)
                0x000000002000000c                . = ALIGN (0x4)
 *fill*         0x0000000020000009        0x3 
                0x000000002000000c                _edata = .

.igot.plt       0x000000002000000c        0x0 load address 0x0000000008005c98
 .igot.plt      0x000000002000000c        0x0 /opt/st/stm32cubeide_1.11.0/plugins/com.st.stm32cube.ide.mcu.externaltools.gnu-tools-for-stm32.10.3-2021.10.linux64_1.0.100.202210260954/tools/bin/../lib/gcc/arm-none-eabi/10.3.1/thumb/v8-m.main+fp/hard/crtbegin.o
                0x000000002000000c                . = ALIGN (0x4)

.bss            0x000000002000000c      0x644 load address 0x0000000008005c98
                0x000000002000000c                _sbss = .
                0x000000002000000c                __bss_start__ = _sbss
 *(.bss)
 .bss           0x000000002000000c       0x1c /opt/st/stm32cubeide_1.11.0/plugins/com.st.stm32cube.ide.mcu.externaltools.gnu-tools-for-stm32.10.3-2021.10.linux64_1.0.100.202210260954/tools/bin/../lib/gcc/arm-none-eabi/10.3.1/thumb/v8-m.main+fp/hard/crtbegin.o
 *(.bss*)
 .bss.hi2c1     0x0000000020000028       0x54 ./Core/Src/main.o
                0x0000000020000028                hi2c1
 .bss.hi2c2     0x000000002000007c       0x54 ./Core/Src/main.o
                0x000000002000007c                hi2c2
 .bss.hi2c3     0x00000000200000d0       0x54 ./Core/Src/main.o
                0x00000000200000d0                hi2c3
 .bss.hlpuart1  0x0000000020000124       0x94 ./Core/Src/main.o
                0x0000000020000124                hlpuart1
 .bss.huart4    0x00000000200001b8       0x94 ./Core/Src/main.o
                0x00000000200001b8                huart4
 .bss.huart1    0x000000002000024c       0x94 ./Core/Src/main.o
                0x000000002000024c                huart1
 .bss.huart2    0x00000000200002e0       0x94 ./Core/Src/main.o
                0x00000000200002e0                huart2
 .bss.huart3    0x0000000020000374       0x94 ./Core/Src/main.o
                0x0000000020000374                huart3
 .bss.hspi1     0x0000000020000408       0x64 ./Core/Src/main.o
                0x0000000020000408                hspi1
 .bss.hspi2     0x000000002000046c       0x64 ./Core/Src/main.o
                0x000000002000046c                hspi2
 .bss.htim3     0x00000000200004d0       0x4c ./Core/Src/main.o
                0x00000000200004d0                htim3
 .bss.htim4     0x000000002000051c       0x4c ./Core/Src/main.o
                0x000000002000051c                htim4
 .bss.htim5     0x0000000020000568       0x4c ./Core/Src/main.o
                0x0000000020000568                htim5
 .bss.htim16    0x00000000200005b4       0x4c ./Core/Src/main.o
                0x00000000200005b4                htim16
 .bss.htim17    0x0000000020000600       0x4c ./Core/Src/main.o
                0x0000000020000600                htim17
 .bss.uwTick    0x000000002000064c        0x4 ./Drivers/STM32L5xx_HAL_Driver/Src/stm32l5xx_hal.o
                0x000000002000064c                uwTick
 *(COMMON)
                0x0000000020000650                . = ALIGN (0x4)
                0x0000000020000650                _ebss = .
                0x0000000020000650                __bss_end__ = _ebss

._user_heap_stack
                0x0000000020000650      0x600 load address 0x0000000008005c98
                0x0000000020000650                . = ALIGN (0x8)
                [!provide]                        PROVIDE (end = .)
                0x0000000020000650                PROVIDE (_end = .)
                0x0000000020000850                . = (. + _Min_Heap_Size)
 *fill*         0x0000000020000650      0x200 
                0x0000000020000c50                . = (. + _Min_Stack_Size)
 *fill*         0x0000000020000850      0x400 
                0x0000000020000c50                . = ALIGN (0x8)

/DISCARD/
 libc.a(*)
 libm.a(*)
 libgcc.a(*)

.ARM.attributes
                0x0000000000000000       0x36
 *(.ARM.attributes)
 .ARM.attributes
                0x0000000000000000       0x22 /opt/st/stm32cubeide_1.11.0/plugins/com.st.stm32cube.ide.mcu.externaltools.gnu-tools-for-stm32.10.3-2021.10.linux64_1.0.100.202210260954/tools/bin/../lib/gcc/arm-none-eabi/10.3.1/thumb/v8-m.main+fp/hard/crti.o
 .ARM.attributes
                0x0000000000000022       0x38 /opt/st/stm32cubeide_1.11.0/plugins/com.st.stm32cube.ide.mcu.externaltools.gnu-tools-for-stm32.10.3-2021.10.linux64_1.0.100.202210260954/tools/bin/../lib/gcc/arm-none-eabi/10.3.1/thumb/v8-m.main+fp/hard/crtbegin.o
 .ARM.attributes
                0x000000000000005a       0x3a ./Core/Src/main.o
 .ARM.attributes
                0x0000000000000094       0x3a ./Core/Src/stm32l5xx_hal_msp.o
 .ARM.attributes
                0x00000000000000ce       0x3a ./Core/Src/stm32l5xx_it.o
 .ARM.attributes
                0x0000000000000108       0x3a ./Core/Src/system_stm32l5xx.o
 .ARM.attributes
                0x0000000000000142       0x24 ./Core/Startup/startup_stm32l562zetxq.o
 .ARM.attributes
                0x0000000000000166       0x3a ./Drivers/STM32L5xx_HAL_Driver/Src/stm32l5xx_hal.o
 .ARM.attributes
                0x00000000000001a0       0x3a ./Drivers/STM32L5xx_HAL_Driver/Src/stm32l5xx_hal_cortex.o
 .ARM.attributes
                0x00000000000001da       0x3a ./Drivers/STM32L5xx_HAL_Driver/Src/stm32l5xx_hal_gpio.o
 .ARM.attributes
                0x0000000000000214       0x3a ./Drivers/STM32L5xx_HAL_Driver/Src/stm32l5xx_hal_i2c.o
 .ARM.attributes
                0x000000000000024e       0x3a ./Drivers/STM32L5xx_HAL_Driver/Src/stm32l5xx_hal_i2c_ex.o
 .ARM.attributes
                0x0000000000000288       0x3a ./Drivers/STM32L5xx_HAL_Driver/Src/stm32l5xx_hal_pwr_ex.o
 .ARM.attributes
                0x00000000000002c2       0x3a ./Drivers/STM32L5xx_HAL_Driver/Src/stm32l5xx_hal_rcc.o
 .ARM.attributes
                0x00000000000002fc       0x3a ./Drivers/STM32L5xx_HAL_Driver/Src/stm32l5xx_hal_rcc_ex.o
 .ARM.attributes
                0x0000000000000336       0x3a ./Drivers/STM32L5xx_HAL_Driver/Src/stm32l5xx_hal_spi.o
 .ARM.attributes
                0x0000000000000370       0x3a ./Drivers/STM32L5xx_HAL_Driver/Src/stm32l5xx_hal_tim.o
 .ARM.attributes
                0x00000000000003aa       0x3a ./Drivers/STM32L5xx_HAL_Driver/Src/stm32l5xx_hal_tim_ex.o
 .ARM.attributes
                0x00000000000003e4       0x3a ./Drivers/STM32L5xx_HAL_Driver/Src/stm32l5xx_hal_uart.o
 .ARM.attributes
                0x000000000000041e       0x3a ./Drivers/STM32L5xx_HAL_Driver/Src/stm32l5xx_hal_uart_ex.o
 .ARM.attributes
                0x0000000000000458       0x38 /opt/st/stm32cubeide_1.11.0/plugins/com.st.stm32cube.ide.mcu.externaltools.gnu-tools-for-stm32.10.3-2021.10.linux64_1.0.100.202210260954/tools/bin/../lib/gcc/arm-none-eabi/10.3.1/../../../../arm-none-eabi/lib/thumb/v8-m.main+fp/hard/libc_nano.a(lib_a-init.o)
 .ARM.attributes
                0x0000000000000490       0x38 /opt/st/stm32cubeide_1.11.0/plugins/com.st.stm32cube.ide.mcu.externaltools.gnu-tools-for-stm32.10.3-2021.10.linux64_1.0.100.202210260954/tools/bin/../lib/gcc/arm-none-eabi/10.3.1/../../../../arm-none-eabi/lib/thumb/v8-m.main+fp/hard/libc_nano.a(lib_a-memset.o)
 .ARM.attributes
                0x00000000000004c8       0x22 /opt/st/stm32cubeide_1.11.0/plugins/com.st.stm32cube.ide.mcu.externaltools.gnu-tools-for-stm32.10.3-2021.10.linux64_1.0.100.202210260954/tools/bin/../lib/gcc/arm-none-eabi/10.3.1/thumb/v8-m.main+fp/hard/libgcc.a(_aeabi_uldivmod.o)
 .ARM.attributes
                0x00000000000004ea       0x38 /opt/st/stm32cubeide_1.11.0/plugins/com.st.stm32cube.ide.mcu.externaltools.gnu-tools-for-stm32.10.3-2021.10.linux64_1.0.100.202210260954/tools/bin/../lib/gcc/arm-none-eabi/10.3.1/thumb/v8-m.main+fp/hard/libgcc.a(_udivmoddi4.o)
 .ARM.attributes
                0x0000000000000522       0x22 /opt/st/stm32cubeide_1.11.0/plugins/com.st.stm32cube.ide.mcu.externaltools.gnu-tools-for-stm32.10.3-2021.10.linux64_1.0.100.202210260954/tools/bin/../lib/gcc/arm-none-eabi/10.3.1/thumb/v8-m.main+fp/hard/libgcc.a(_dvmd_tls.o)
 .ARM.attributes
                0x0000000000000544       0x22 /opt/st/stm32cubeide_1.11.0/plugins/com.st.stm32cube.ide.mcu.externaltools.gnu-tools-for-stm32.10.3-2021.10.linux64_1.0.100.202210260954/tools/bin/../lib/gcc/arm-none-eabi/10.3.1/thumb/v8-m.main+fp/hard/crtn.o
OUTPUT(ZP3_PCB_Testing.elf elf32-littlearm)
LOAD linker stubs
LOAD /opt/st/stm32cubeide_1.11.0/plugins/com.st.stm32cube.ide.mcu.externaltools.gnu-tools-for-stm32.10.3-2021.10.linux64_1.0.100.202210260954/tools/bin/../lib/gcc/arm-none-eabi/10.3.1/../../../../arm-none-eabi/lib/thumb/v8-m.main+fp/hard/libc.a
LOAD /opt/st/stm32cubeide_1.11.0/plugins/com.st.stm32cube.ide.mcu.externaltools.gnu-tools-for-stm32.10.3-2021.10.linux64_1.0.100.202210260954/tools/bin/../lib/gcc/arm-none-eabi/10.3.1/../../../../arm-none-eabi/lib/thumb/v8-m.main+fp/hard/libm.a
LOAD /opt/st/stm32cubeide_1.11.0/plugins/com.st.stm32cube.ide.mcu.externaltools.gnu-tools-for-stm32.10.3-2021.10.linux64_1.0.100.202210260954/tools/bin/../lib/gcc/arm-none-eabi/10.3.1/thumb/v8-m.main+fp/hard/libgcc.a

.debug_info     0x0000000000000000    0x18a25
 .debug_info    0x0000000000000000     0x1f5f ./Core/Src/main.o
 .debug_info    0x0000000000001f5f     0x1e17 ./Core/Src/stm32l5xx_hal_msp.o
 .debug_info    0x0000000000003d76      0x122 ./Core/Src/stm32l5xx_it.o
 .debug_info    0x0000000000003e98      0x7fc ./Core/Src/system_stm32l5xx.o
 .debug_info    0x0000000000004694       0x22 ./Core/Startup/startup_stm32l562zetxq.o
 .debug_info    0x00000000000046b6      0xd55 ./Drivers/STM32L5xx_HAL_Driver/Src/stm32l5xx_hal.o
 .debug_info    0x000000000000540b     0x1189 ./Drivers/STM32L5xx_HAL_Driver/Src/stm32l5xx_hal_cortex.o
 .debug_info    0x0000000000006594      0x655 ./Drivers/STM32L5xx_HAL_Driver/Src/stm32l5xx_hal_gpio.o
 .debug_info    0x0000000000006be9     0x23b4 ./Drivers/STM32L5xx_HAL_Driver/Src/stm32l5xx_hal_i2c.o
 .debug_info    0x0000000000008f9d      0xc90 ./Drivers/STM32L5xx_HAL_Driver/Src/stm32l5xx_hal_i2c_ex.o
 .debug_info    0x0000000000009c2d      0xdf9 ./Drivers/STM32L5xx_HAL_Driver/Src/stm32l5xx_hal_pwr_ex.o
 .debug_info    0x000000000000aa26     0x1083 ./Drivers/STM32L5xx_HAL_Driver/Src/stm32l5xx_hal_rcc.o
 .debug_info    0x000000000000baa9     0x121a ./Drivers/STM32L5xx_HAL_Driver/Src/stm32l5xx_hal_rcc_ex.o
 .debug_info    0x000000000000ccc3     0x18c4 ./Drivers/STM32L5xx_HAL_Driver/Src/stm32l5xx_hal_spi.o
 .debug_info    0x000000000000e587     0x2e46 ./Drivers/STM32L5xx_HAL_Driver/Src/stm32l5xx_hal_tim.o
 .debug_info    0x00000000000113cd     0x1a0e ./Drivers/STM32L5xx_HAL_Driver/Src/stm32l5xx_hal_tim_ex.o
 .debug_info    0x0000000000012ddb     0x4ba2 ./Drivers/STM32L5xx_HAL_Driver/Src/stm32l5xx_hal_uart.o
 .debug_info    0x000000000001797d     0x10a8 ./Drivers/STM32L5xx_HAL_Driver/Src/stm32l5xx_hal_uart_ex.o

.debug_abbrev   0x0000000000000000     0x27ed
 .debug_abbrev  0x0000000000000000      0x2fb ./Core/Src/main.o
 .debug_abbrev  0x00000000000002fb      0x270 ./Core/Src/stm32l5xx_hal_msp.o
 .debug_abbrev  0x000000000000056b       0x74 ./Core/Src/stm32l5xx_it.o
 .debug_abbrev  0x00000000000005df      0x127 ./Core/Src/system_stm32l5xx.o
 .debug_abbrev  0x0000000000000706       0x12 ./Core/Startup/startup_stm32l562zetxq.o
 .debug_abbrev  0x0000000000000718      0x2c3 ./Drivers/STM32L5xx_HAL_Driver/Src/stm32l5xx_hal.o
 .debug_abbrev  0x00000000000009db      0x31d ./Drivers/STM32L5xx_HAL_Driver/Src/stm32l5xx_hal_cortex.o
 .debug_abbrev  0x0000000000000cf8      0x1b2 ./Drivers/STM32L5xx_HAL_Driver/Src/stm32l5xx_hal_gpio.o
 .debug_abbrev  0x0000000000000eaa      0x243 ./Drivers/STM32L5xx_HAL_Driver/Src/stm32l5xx_hal_i2c.o
 .debug_abbrev  0x00000000000010ed      0x1d0 ./Drivers/STM32L5xx_HAL_Driver/Src/stm32l5xx_hal_i2c_ex.o
 .debug_abbrev  0x00000000000012bd      0x283 ./Drivers/STM32L5xx_HAL_Driver/Src/stm32l5xx_hal_pwr_ex.o
 .debug_abbrev  0x0000000000001540      0x2ee ./Drivers/STM32L5xx_HAL_Driver/Src/stm32l5xx_hal_rcc.o
 .debug_abbrev  0x000000000000182e      0x2b9 ./Drivers/STM32L5xx_HAL_Driver/Src/stm32l5xx_hal_rcc_ex.o
 .debug_abbrev  0x0000000000001ae7      0x254 ./Drivers/STM32L5xx_HAL_Driver/Src/stm32l5xx_hal_spi.o
 .debug_abbrev  0x0000000000001d3b      0x264 ./Drivers/STM32L5xx_HAL_Driver/Src/stm32l5xx_hal_tim.o
 .debug_abbrev  0x0000000000001f9f      0x281 ./Drivers/STM32L5xx_HAL_Driver/Src/stm32l5xx_hal_tim_ex.o
 .debug_abbrev  0x0000000000002220      0x310 ./Drivers/STM32L5xx_HAL_Driver/Src/stm32l5xx_hal_uart.o
 .debug_abbrev  0x0000000000002530      0x2bd ./Drivers/STM32L5xx_HAL_Driver/Src/stm32l5xx_hal_uart_ex.o

.debug_aranges  0x0000000000000000     0x1538
 .debug_aranges
                0x0000000000000000       0xb8 ./Core/Src/main.o
 .debug_aranges
                0x00000000000000b8       0x78 ./Core/Src/stm32l5xx_hal_msp.o
 .debug_aranges
                0x0000000000000130       0x60 ./Core/Src/stm32l5xx_it.o
 .debug_aranges
                0x0000000000000190       0x28 ./Core/Src/system_stm32l5xx.o
 .debug_aranges
                0x00000000000001b8       0x28 ./Core/Startup/startup_stm32l562zetxq.o
 .debug_aranges
                0x00000000000001e0      0x130 ./Drivers/STM32L5xx_HAL_Driver/Src/stm32l5xx_hal.o
 .debug_aranges
                0x0000000000000310      0x130 ./Drivers/STM32L5xx_HAL_Driver/Src/stm32l5xx_hal_cortex.o
 .debug_aranges
                0x0000000000000440       0x60 ./Drivers/STM32L5xx_HAL_Driver/Src/stm32l5xx_hal_gpio.o
 .debug_aranges
                0x00000000000004a0      0x2a0 ./Drivers/STM32L5xx_HAL_Driver/Src/stm32l5xx_hal_i2c.o
 .debug_aranges
                0x0000000000000740       0x48 ./Drivers/STM32L5xx_HAL_Driver/Src/stm32l5xx_hal_i2c_ex.o
 .debug_aranges
                0x0000000000000788      0x1b8 ./Drivers/STM32L5xx_HAL_Driver/Src/stm32l5xx_hal_pwr_ex.o
 .debug_aranges
                0x0000000000000940       0xa8 ./Drivers/STM32L5xx_HAL_Driver/Src/stm32l5xx_hal_rcc.o
 .debug_aranges
                0x00000000000009e8      0x118 ./Drivers/STM32L5xx_HAL_Driver/Src/stm32l5xx_hal_rcc_ex.o
 .debug_aranges
                0x0000000000000b00      0x1d8 ./Drivers/STM32L5xx_HAL_Driver/Src/stm32l5xx_hal_spi.o
 .debug_aranges
                0x0000000000000cd8      0x3e0 ./Drivers/STM32L5xx_HAL_Driver/Src/stm32l5xx_hal_tim.o
 .debug_aranges
                0x00000000000010b8      0x190 ./Drivers/STM32L5xx_HAL_Driver/Src/stm32l5xx_hal_tim_ex.o
 .debug_aranges
                0x0000000000001248      0x248 ./Drivers/STM32L5xx_HAL_Driver/Src/stm32l5xx_hal_uart.o
 .debug_aranges
                0x0000000000001490       0xa8 ./Drivers/STM32L5xx_HAL_Driver/Src/stm32l5xx_hal_uart_ex.o

.debug_ranges   0x0000000000000000     0x1450
 .debug_ranges  0x0000000000000000       0xa8 ./Core/Src/main.o
 .debug_ranges  0x00000000000000a8       0x68 ./Core/Src/stm32l5xx_hal_msp.o
 .debug_ranges  0x0000000000000110       0x50 ./Core/Src/stm32l5xx_it.o
 .debug_ranges  0x0000000000000160       0x18 ./Core/Src/system_stm32l5xx.o
 .debug_ranges  0x0000000000000178       0x20 ./Core/Startup/startup_stm32l562zetxq.o
 .debug_ranges  0x0000000000000198      0x120 ./Drivers/STM32L5xx_HAL_Driver/Src/stm32l5xx_hal.o
 .debug_ranges  0x00000000000002b8      0x120 ./Drivers/STM32L5xx_HAL_Driver/Src/stm32l5xx_hal_cortex.o
 .debug_ranges  0x00000000000003d8       0x50 ./Drivers/STM32L5xx_HAL_Driver/Src/stm32l5xx_hal_gpio.o
 .debug_ranges  0x0000000000000428      0x290 ./Drivers/STM32L5xx_HAL_Driver/Src/stm32l5xx_hal_i2c.o
 .debug_ranges  0x00000000000006b8       0x38 ./Drivers/STM32L5xx_HAL_Driver/Src/stm32l5xx_hal_i2c_ex.o
 .debug_ranges  0x00000000000006f0      0x1a8 ./Drivers/STM32L5xx_HAL_Driver/Src/stm32l5xx_hal_pwr_ex.o
 .debug_ranges  0x0000000000000898       0x98 ./Drivers/STM32L5xx_HAL_Driver/Src/stm32l5xx_hal_rcc.o
 .debug_ranges  0x0000000000000930      0x108 ./Drivers/STM32L5xx_HAL_Driver/Src/stm32l5xx_hal_rcc_ex.o
 .debug_ranges  0x0000000000000a38      0x1c8 ./Drivers/STM32L5xx_HAL_Driver/Src/stm32l5xx_hal_spi.o
 .debug_ranges  0x0000000000000c00      0x3d0 ./Drivers/STM32L5xx_HAL_Driver/Src/stm32l5xx_hal_tim.o
 .debug_ranges  0x0000000000000fd0      0x180 ./Drivers/STM32L5xx_HAL_Driver/Src/stm32l5xx_hal_tim_ex.o
 .debug_ranges  0x0000000000001150      0x268 ./Drivers/STM32L5xx_HAL_Driver/Src/stm32l5xx_hal_uart.o
 .debug_ranges  0x00000000000013b8       0x98 ./Drivers/STM32L5xx_HAL_Driver/Src/stm32l5xx_hal_uart_ex.o

.debug_macro    0x0000000000000000    0x29a4d
 .debug_macro   0x0000000000000000      0x20f ./Core/Src/main.o
 .debug_macro   0x000000000000020f      0xa7e ./Core/Src/main.o
 .debug_macro   0x0000000000000c8d      0x19c ./Core/Src/main.o
 .debug_macro   0x0000000000000e29       0x2e ./Core/Src/main.o
 .debug_macro   0x0000000000000e57       0x42 ./Core/Src/main.o
 .debug_macro   0x0000000000000e99       0x22 ./Core/Src/main.o
 .debug_macro   0x0000000000000ebb       0x8e ./Core/Src/main.o
 .debug_macro   0x0000000000000f49       0x51 ./Core/Src/main.o
 .debug_macro   0x0000000000000f9a      0x103 ./Core/Src/main.o
 .debug_macro   0x000000000000109d       0x6a ./Core/Src/main.o
 .debug_macro   0x0000000000001107      0x1df ./Core/Src/main.o
 .debug_macro   0x00000000000012e6       0x1c ./Core/Src/main.o
 .debug_macro   0x0000000000001302       0x29 ./Core/Src/main.o
 .debug_macro   0x000000000000132b       0xfb ./Core/Src/main.o
 .debug_macro   0x0000000000001426     0x1336 ./Core/Src/main.o
 .debug_macro   0x000000000000275c       0x5e ./Core/Src/main.o
 .debug_macro   0x00000000000027ba    0x1bca6 ./Core/Src/main.o
 .debug_macro   0x000000000001e460       0x6c ./Core/Src/main.o
 .debug_macro   0x000000000001e4cc     0x3535 ./Core/Src/main.o
 .debug_macro   0x0000000000021a01      0x174 ./Core/Src/main.o
 .debug_macro   0x0000000000021b75       0x5c ./Core/Src/main.o
 .debug_macro   0x0000000000021bd1     0x19cd ./Core/Src/main.o
 .debug_macro   0x000000000002359e      0xa52 ./Core/Src/main.o
 .debug_macro   0x0000000000023ff0      0x1cf ./Core/Src/main.o
 .debug_macro   0x00000000000241bf      0x1d8 ./Core/Src/main.o
 .debug_macro   0x0000000000024397      0x4e1 ./Core/Src/main.o
 .debug_macro   0x0000000000024878      0x1ab ./Core/Src/main.o
 .debug_macro   0x0000000000024a23       0x4a ./Core/Src/main.o
 .debug_macro   0x0000000000024a6d      0x1b9 ./Core/Src/main.o
 .debug_macro   0x0000000000024c26      0x230 ./Core/Src/main.o
 .debug_macro   0x0000000000024e56      0x3bb ./Core/Src/main.o
 .debug_macro   0x0000000000025211       0x36 ./Core/Src/main.o
 .debug_macro   0x0000000000025247      0x11c ./Core/Src/main.o
 .debug_macro   0x0000000000025363      0x22c ./Core/Src/main.o
 .debug_macro   0x000000000002558f       0x5b ./Core/Src/main.o
 .debug_macro   0x00000000000255ea       0xa5 ./Core/Src/main.o
 .debug_macro   0x000000000002568f       0xc8 ./Core/Src/main.o
 .debug_macro   0x0000000000025757      0x199 ./Core/Src/main.o
 .debug_macro   0x00000000000258f0      0x487 ./Core/Src/main.o
 .debug_macro   0x0000000000025d77      0x2fe ./Core/Src/main.o
 .debug_macro   0x0000000000026075      0xab4 ./Core/Src/main.o
 .debug_macro   0x0000000000026b29      0x184 ./Core/Src/main.o
 .debug_macro   0x0000000000026cad      0x693 ./Core/Src/main.o
 .debug_macro   0x0000000000027340       0xa6 ./Core/Src/main.o
 .debug_macro   0x00000000000273e6      0x3f1 ./Core/Src/main.o
 .debug_macro   0x00000000000277d7      0x20f ./Core/Src/stm32l5xx_hal_msp.o
 .debug_macro   0x00000000000279e6      0x219 ./Core/Src/stm32l5xx_it.o
 .debug_macro   0x0000000000027bff      0x205 ./Core/Src/system_stm32l5xx.o
 .debug_macro   0x0000000000027e04      0x235 ./Drivers/STM32L5xx_HAL_Driver/Src/stm32l5xx_hal.o
 .debug_macro   0x0000000000028039      0x205 ./Drivers/STM32L5xx_HAL_Driver/Src/stm32l5xx_hal_cortex.o
 .debug_macro   0x000000000002823e      0x20b ./Drivers/STM32L5xx_HAL_Driver/Src/stm32l5xx_hal_gpio.o
 .debug_macro   0x0000000000028449      0x2d1 ./Drivers/STM32L5xx_HAL_Driver/Src/stm32l5xx_hal_i2c.o
 .debug_macro   0x000000000002871a      0x205 ./Drivers/STM32L5xx_HAL_Driver/Src/stm32l5xx_hal_i2c_ex.o
 .debug_macro   0x000000000002891f      0x235 ./Drivers/STM32L5xx_HAL_Driver/Src/stm32l5xx_hal_pwr_ex.o
 .debug_macro   0x0000000000028b54      0x22f ./Drivers/STM32L5xx_HAL_Driver/Src/stm32l5xx_hal_rcc.o
 .debug_macro   0x0000000000028d83      0x26b ./Drivers/STM32L5xx_HAL_Driver/Src/stm32l5xx_hal_rcc_ex.o
 .debug_macro   0x0000000000028fee      0x20d ./Drivers/STM32L5xx_HAL_Driver/Src/stm32l5xx_hal_spi.o
 .debug_macro   0x00000000000291fb      0x206 ./Drivers/STM32L5xx_HAL_Driver/Src/stm32l5xx_hal_tim.o
 .debug_macro   0x0000000000029401      0x20b ./Drivers/STM32L5xx_HAL_Driver/Src/stm32l5xx_hal_tim_ex.o
 .debug_macro   0x000000000002960c      0x230 ./Drivers/STM32L5xx_HAL_Driver/Src/stm32l5xx_hal_uart.o
 .debug_macro   0x000000000002983c      0x211 ./Drivers/STM32L5xx_HAL_Driver/Src/stm32l5xx_hal_uart_ex.o

.debug_line     0x0000000000000000    0x18f12
 .debug_line    0x0000000000000000      0xde6 ./Core/Src/main.o
 .debug_line    0x0000000000000de6      0xb9a ./Core/Src/stm32l5xx_hal_msp.o
 .debug_line    0x0000000000001980      0x7fa ./Core/Src/stm32l5xx_it.o
 .debug_line    0x000000000000217a      0x7cf ./Core/Src/system_stm32l5xx.o
 .debug_line    0x0000000000002949       0x88 ./Core/Startup/startup_stm32l562zetxq.o
 .debug_line    0x00000000000029d1      0xb42 ./Drivers/STM32L5xx_HAL_Driver/Src/stm32l5xx_hal.o
 .debug_line    0x0000000000003513      0xd3a ./Drivers/STM32L5xx_HAL_Driver/Src/stm32l5xx_hal_cortex.o
 .debug_line    0x000000000000424d      0xb87 ./Drivers/STM32L5xx_HAL_Driver/Src/stm32l5xx_hal_gpio.o
 .debug_line    0x0000000000004dd4     0x3790 ./Drivers/STM32L5xx_HAL_Driver/Src/stm32l5xx_hal_i2c.o
 .debug_line    0x0000000000008564      0x955 ./Drivers/STM32L5xx_HAL_Driver/Src/stm32l5xx_hal_i2c_ex.o
 .debug_line    0x0000000000008eb9      0xef6 ./Drivers/STM32L5xx_HAL_Driver/Src/stm32l5xx_hal_pwr_ex.o
 .debug_line    0x0000000000009daf     0x1282 ./Drivers/STM32L5xx_HAL_Driver/Src/stm32l5xx_hal_rcc.o
 .debug_line    0x000000000000b031     0x1b9a ./Drivers/STM32L5xx_HAL_Driver/Src/stm32l5xx_hal_rcc_ex.o
 .debug_line    0x000000000000cbcb     0x1f61 ./Drivers/STM32L5xx_HAL_Driver/Src/stm32l5xx_hal_spi.o
 .debug_line    0x000000000000eb2c     0x3d91 ./Drivers/STM32L5xx_HAL_Driver/Src/stm32l5xx_hal_tim.o
 .debug_line    0x00000000000128bd     0x1d35 ./Drivers/STM32L5xx_HAL_Driver/Src/stm32l5xx_hal_tim_ex.o
 .debug_line    0x00000000000145f2     0x3b9d ./Drivers/STM32L5xx_HAL_Driver/Src/stm32l5xx_hal_uart.o
 .debug_line    0x000000000001818f      0xd83 ./Drivers/STM32L5xx_HAL_Driver/Src/stm32l5xx_hal_uart_ex.o

.debug_str      0x0000000000000000   0x10dc6b
 .debug_str     0x0000000000000000   0x107e49 ./Core/Src/main.o
                                     0x1082cf (size before relaxing)
 .debug_str     0x0000000000107e49      0x435 ./Core/Src/stm32l5xx_hal_msp.o
                                     0x10807e (size before relaxing)
 .debug_str     0x000000000010827e       0xc9 ./Core/Src/stm32l5xx_it.o
                                     0x106d76 (size before relaxing)
 .debug_str     0x0000000000108347      0x182 ./Core/Src/system_stm32l5xx.o
                                     0x107012 (size before relaxing)
 .debug_str     0x00000000001084c9       0x37 ./Core/Startup/startup_stm32l562zetxq.o
                                         0x76 (size before relaxing)
 .debug_str     0x0000000000108500      0xbab ./Drivers/STM32L5xx_HAL_Driver/Src/stm32l5xx_hal.o
                                     0x107ba8 (size before relaxing)
 .debug_str     0x00000000001090ab      0x3b9 ./Drivers/STM32L5xx_HAL_Driver/Src/stm32l5xx_hal_cortex.o
                                     0x1079af (size before relaxing)
 .debug_str     0x0000000000109464      0x17d ./Drivers/STM32L5xx_HAL_Driver/Src/stm32l5xx_hal_gpio.o
                                     0x106f9b (size before relaxing)
 .debug_str     0x00000000001095e1      0xddf ./Drivers/STM32L5xx_HAL_Driver/Src/stm32l5xx_hal_i2c.o
                                     0x108234 (size before relaxing)
 .debug_str     0x000000000010a3c0       0xb8 ./Drivers/STM32L5xx_HAL_Driver/Src/stm32l5xx_hal_i2c_ex.o
                                     0x1075ff (size before relaxing)
 .debug_str     0x000000000010a478      0x729 ./Drivers/STM32L5xx_HAL_Driver/Src/stm32l5xx_hal_pwr_ex.o
                                     0x107777 (size before relaxing)
 .debug_str     0x000000000010aba1      0x3ef ./Drivers/STM32L5xx_HAL_Driver/Src/stm32l5xx_hal_rcc.o
                                     0x10762c (size before relaxing)
 .debug_str     0x000000000010af90      0x7cc ./Drivers/STM32L5xx_HAL_Driver/Src/stm32l5xx_hal_rcc_ex.o
                                     0x107b82 (size before relaxing)
 .debug_str     0x000000000010b75c      0x574 ./Drivers/STM32L5xx_HAL_Driver/Src/stm32l5xx_hal_spi.o
                                     0x107851 (size before relaxing)
 .debug_str     0x000000000010bcd0      0xe24 ./Drivers/STM32L5xx_HAL_Driver/Src/stm32l5xx_hal_tim.o
                                     0x108360 (size before relaxing)
 .debug_str     0x000000000010caf4      0x55f ./Drivers/STM32L5xx_HAL_Driver/Src/stm32l5xx_hal_tim_ex.o
                                     0x107d09 (size before relaxing)
 .debug_str     0x000000000010d053      0x9b4 ./Drivers/STM32L5xx_HAL_Driver/Src/stm32l5xx_hal_uart.o
                                     0x107f52 (size before relaxing)
 .debug_str     0x000000000010da07      0x264 ./Drivers/STM32L5xx_HAL_Driver/Src/stm32l5xx_hal_uart_ex.o
                                     0x1076e0 (size before relaxing)

.comment        0x0000000000000000       0x50
 .comment       0x0000000000000000       0x50 ./Core/Src/main.o
                                         0x51 (size before relaxing)
 .comment       0x0000000000000050       0x51 ./Core/Src/stm32l5xx_hal_msp.o
 .comment       0x0000000000000050       0x51 ./Core/Src/stm32l5xx_it.o
 .comment       0x0000000000000050       0x51 ./Core/Src/system_stm32l5xx.o
 .comment       0x0000000000000050       0x51 ./Drivers/STM32L5xx_HAL_Driver/Src/stm32l5xx_hal.o
 .comment       0x0000000000000050       0x51 ./Drivers/STM32L5xx_HAL_Driver/Src/stm32l5xx_hal_cortex.o
 .comment       0x0000000000000050       0x51 ./Drivers/STM32L5xx_HAL_Driver/Src/stm32l5xx_hal_gpio.o
 .comment       0x0000000000000050       0x51 ./Drivers/STM32L5xx_HAL_Driver/Src/stm32l5xx_hal_i2c.o
 .comment       0x0000000000000050       0x51 ./Drivers/STM32L5xx_HAL_Driver/Src/stm32l5xx_hal_i2c_ex.o
 .comment       0x0000000000000050       0x51 ./Drivers/STM32L5xx_HAL_Driver/Src/stm32l5xx_hal_pwr_ex.o
 .comment       0x0000000000000050       0x51 ./Drivers/STM32L5xx_HAL_Driver/Src/stm32l5xx_hal_rcc.o
 .comment       0x0000000000000050       0x51 ./Drivers/STM32L5xx_HAL_Driver/Src/stm32l5xx_hal_rcc_ex.o
 .comment       0x0000000000000050       0x51 ./Drivers/STM32L5xx_HAL_Driver/Src/stm32l5xx_hal_spi.o
 .comment       0x0000000000000050       0x51 ./Drivers/STM32L5xx_HAL_Driver/Src/stm32l5xx_hal_tim.o
 .comment       0x0000000000000050       0x51 ./Drivers/STM32L5xx_HAL_Driver/Src/stm32l5xx_hal_tim_ex.o
 .comment       0x0000000000000050       0x51 ./Drivers/STM32L5xx_HAL_Driver/Src/stm32l5xx_hal_uart.o
 .comment       0x0000000000000050       0x51 ./Drivers/STM32L5xx_HAL_Driver/Src/stm32l5xx_hal_uart_ex.o

.debug_frame    0x0000000000000000     0x5ba0
 .debug_frame   0x0000000000000000      0x274 ./Core/Src/main.o
 .debug_frame   0x0000000000000274      0x1dc ./Core/Src/stm32l5xx_hal_msp.o
 .debug_frame   0x0000000000000450      0x104 ./Core/Src/stm32l5xx_it.o
 .debug_frame   0x0000000000000554       0x58 ./Core/Src/system_stm32l5xx.o
 .debug_frame   0x00000000000005ac      0x4a4 ./Drivers/STM32L5xx_HAL_Driver/Src/stm32l5xx_hal.o
 .debug_frame   0x0000000000000a50      0x508 ./Drivers/STM32L5xx_HAL_Driver/Src/stm32l5xx_hal_cortex.o
 .debug_frame   0x0000000000000f58      0x174 ./Drivers/STM32L5xx_HAL_Driver/Src/stm32l5xx_hal_gpio.o
 .debug_frame   0x00000000000010cc      0xc38 ./Drivers/STM32L5xx_HAL_Driver/Src/stm32l5xx_hal_i2c.o
 .debug_frame   0x0000000000001d04      0x100 ./Drivers/STM32L5xx_HAL_Driver/Src/stm32l5xx_hal_i2c_ex.o
 .debug_frame   0x0000000000001e04      0x6fc ./Drivers/STM32L5xx_HAL_Driver/Src/stm32l5xx_hal_pwr_ex.o
 .debug_frame   0x0000000000002500      0x298 ./Drivers/STM32L5xx_HAL_Driver/Src/stm32l5xx_hal_rcc.o
 .debug_frame   0x0000000000002798      0x48c ./Drivers/STM32L5xx_HAL_Driver/Src/stm32l5xx_hal_rcc_ex.o
 .debug_frame   0x0000000000002c24      0x860 ./Drivers/STM32L5xx_HAL_Driver/Src/stm32l5xx_hal_spi.o
 .debug_frame   0x0000000000003484     0x121c ./Drivers/STM32L5xx_HAL_Driver/Src/stm32l5xx_hal_tim.o
 .debug_frame   0x00000000000046a0      0x6fc ./Drivers/STM32L5xx_HAL_Driver/Src/stm32l5xx_hal_tim_ex.o
 .debug_frame   0x0000000000004d9c      0xa94 ./Drivers/STM32L5xx_HAL_Driver/Src/stm32l5xx_hal_uart.o
 .debug_frame   0x0000000000005830      0x2c0 ./Drivers/STM32L5xx_HAL_Driver/Src/stm32l5xx_hal_uart_ex.o
 .debug_frame   0x0000000000005af0       0x2c /opt/st/stm32cubeide_1.11.0/plugins/com.st.stm32cube.ide.mcu.externaltools.gnu-tools-for-stm32.10.3-2021.10.linux64_1.0.100.202210260954/tools/bin/../lib/gcc/arm-none-eabi/10.3.1/../../../../arm-none-eabi/lib/thumb/v8-m.main+fp/hard/libc_nano.a(lib_a-init.o)
 .debug_frame   0x0000000000005b1c       0x20 /opt/st/stm32cubeide_1.11.0/plugins/com.st.stm32cube.ide.mcu.externaltools.gnu-tools-for-stm32.10.3-2021.10.linux64_1.0.100.202210260954/tools/bin/../lib/gcc/arm-none-eabi/10.3.1/../../../../arm-none-eabi/lib/thumb/v8-m.main+fp/hard/libc_nano.a(lib_a-memset.o)
 .debug_frame   0x0000000000005b3c       0x2c /opt/st/stm32cubeide_1.11.0/plugins/com.st.stm32cube.ide.mcu.externaltools.gnu-tools-for-stm32.10.3-2021.10.linux64_1.0.100.202210260954/tools/bin/../lib/gcc/arm-none-eabi/10.3.1/thumb/v8-m.main+fp/hard/libgcc.a(_aeabi_uldivmod.o)
 .debug_frame   0x0000000000005b68       0x38 /opt/st/stm32cubeide_1.11.0/plugins/com.st.stm32cube.ide.mcu.externaltools.gnu-tools-for-stm32.10.3-2021.10.linux64_1.0.100.202210260954/tools/bin/../lib/gcc/arm-none-eabi/10.3.1/thumb/v8-m.main+fp/hard/libgcc.a(_udivmoddi4.o)
