Archive member included to satisfy reference by file (symbol)

/opt/st/stm32cubeide_1.11.0/plugins/com.st.stm32cube.ide.mcu.externaltools.gnu-tools-for-stm32.10.3-2021.10.linux64_1.0.100.202210260954/tools/bin/../lib/gcc/arm-none-eabi/10.3.1/../../../../arm-none-eabi/lib/thumb/v8-m.main+fp/hard/libc_nano.a(lib_a-errno.o)
                              ./Core/Src/syscalls.o (__errno)
/opt/st/stm32cubeide_1.11.0/plugins/com.st.stm32cube.ide.mcu.externaltools.gnu-tools-for-stm32.10.3-2021.10.linux64_1.0.100.202210260954/tools/bin/../lib/gcc/arm-none-eabi/10.3.1/../../../../arm-none-eabi/lib/thumb/v8-m.main+fp/hard/libc_nano.a(lib_a-exit.o)
                              /opt/st/stm32cubeide_1.11.0/plugins/com.st.stm32cube.ide.mcu.externaltools.gnu-tools-for-stm32.10.3-2021.10.linux64_1.0.100.202210260954/tools/bin/../lib/gcc/arm-none-eabi/10.3.1/../../../../arm-none-eabi/lib/thumb/v8-m.main+fp/hard/crt0.o (exit)
/opt/st/stm32cubeide_1.11.0/plugins/com.st.stm32cube.ide.mcu.externaltools.gnu-tools-for-stm32.10.3-2021.10.linux64_1.0.100.202210260954/tools/bin/../lib/gcc/arm-none-eabi/10.3.1/../../../../arm-none-eabi/lib/thumb/v8-m.main+fp/hard/libc_nano.a(lib_a-impure.o)
                              /opt/st/stm32cubeide_1.11.0/plugins/com.st.stm32cube.ide.mcu.externaltools.gnu-tools-for-stm32.10.3-2021.10.linux64_1.0.100.202210260954/tools/bin/../lib/gcc/arm-none-eabi/10.3.1/../../../../arm-none-eabi/lib/thumb/v8-m.main+fp/hard/libc_nano.a(lib_a-exit.o) (_global_impure_ptr)
/opt/st/stm32cubeide_1.11.0/plugins/com.st.stm32cube.ide.mcu.externaltools.gnu-tools-for-stm32.10.3-2021.10.linux64_1.0.100.202210260954/tools/bin/../lib/gcc/arm-none-eabi/10.3.1/../../../../arm-none-eabi/lib/thumb/v8-m.main+fp/hard/libc_nano.a(lib_a-init.o)
                              /opt/st/stm32cubeide_1.11.0/plugins/com.st.stm32cube.ide.mcu.externaltools.gnu-tools-for-stm32.10.3-2021.10.linux64_1.0.100.202210260954/tools/bin/../lib/gcc/arm-none-eabi/10.3.1/../../../../arm-none-eabi/lib/thumb/v8-m.main+fp/hard/crt0.o (__libc_init_array)
/opt/st/stm32cubeide_1.11.0/plugins/com.st.stm32cube.ide.mcu.externaltools.gnu-tools-for-stm32.10.3-2021.10.linux64_1.0.100.202210260954/tools/bin/../lib/gcc/arm-none-eabi/10.3.1/../../../../arm-none-eabi/lib/thumb/v8-m.main+fp/hard/libc_nano.a(lib_a-memset.o)
                              /opt/st/stm32cubeide_1.11.0/plugins/com.st.stm32cube.ide.mcu.externaltools.gnu-tools-for-stm32.10.3-2021.10.linux64_1.0.100.202210260954/tools/bin/../lib/gcc/arm-none-eabi/10.3.1/../../../../arm-none-eabi/lib/thumb/v8-m.main+fp/hard/crt0.o (memset)
/opt/st/stm32cubeide_1.11.0/plugins/com.st.stm32cube.ide.mcu.externaltools.gnu-tools-for-stm32.10.3-2021.10.linux64_1.0.100.202210260954/tools/bin/../lib/gcc/arm-none-eabi/10.3.1/thumb/v8-m.main+fp/hard/libgcc.a(_aeabi_uldivmod.o)
                              ./Drivers/STM32L5xx_HAL_Driver/Src/stm32l5xx_hal_uart.o (__aeabi_uldivmod)
/opt/st/stm32cubeide_1.11.0/plugins/com.st.stm32cube.ide.mcu.externaltools.gnu-tools-for-stm32.10.3-2021.10.linux64_1.0.100.202210260954/tools/bin/../lib/gcc/arm-none-eabi/10.3.1/thumb/v8-m.main+fp/hard/libgcc.a(_udivmoddi4.o)
                              /opt/st/stm32cubeide_1.11.0/plugins/com.st.stm32cube.ide.mcu.externaltools.gnu-tools-for-stm32.10.3-2021.10.linux64_1.0.100.202210260954/tools/bin/../lib/gcc/arm-none-eabi/10.3.1/thumb/v8-m.main+fp/hard/libgcc.a(_aeabi_uldivmod.o) (__udivmoddi4)
/opt/st/stm32cubeide_1.11.0/plugins/com.st.stm32cube.ide.mcu.externaltools.gnu-tools-for-stm32.10.3-2021.10.linux64_1.0.100.202210260954/tools/bin/../lib/gcc/arm-none-eabi/10.3.1/thumb/v8-m.main+fp/hard/libgcc.a(_dvmd_tls.o)
                              /opt/st/stm32cubeide_1.11.0/plugins/com.st.stm32cube.ide.mcu.externaltools.gnu-tools-for-stm32.10.3-2021.10.linux64_1.0.100.202210260954/tools/bin/../lib/gcc/arm-none-eabi/10.3.1/thumb/v8-m.main+fp/hard/libgcc.a(_aeabi_uldivmod.o) (__aeabi_ldiv0)

Discarded input sections

 .text          0x0000000000000000        0x0 /opt/st/stm32cubeide_1.11.0/plugins/com.st.stm32cube.ide.mcu.externaltools.gnu-tools-for-stm32.10.3-2021.10.linux64_1.0.100.202210260954/tools/bin/../lib/gcc/arm-none-eabi/10.3.1/thumb/v8-m.main+fp/hard/crti.o
 .data          0x0000000000000000        0x0 /opt/st/stm32cubeide_1.11.0/plugins/com.st.stm32cube.ide.mcu.externaltools.gnu-tools-for-stm32.10.3-2021.10.linux64_1.0.100.202210260954/tools/bin/../lib/gcc/arm-none-eabi/10.3.1/thumb/v8-m.main+fp/hard/crti.o
 .bss           0x0000000000000000        0x0 /opt/st/stm32cubeide_1.11.0/plugins/com.st.stm32cube.ide.mcu.externaltools.gnu-tools-for-stm32.10.3-2021.10.linux64_1.0.100.202210260954/tools/bin/../lib/gcc/arm-none-eabi/10.3.1/thumb/v8-m.main+fp/hard/crti.o
 .data          0x0000000000000000        0x4 /opt/st/stm32cubeide_1.11.0/plugins/com.st.stm32cube.ide.mcu.externaltools.gnu-tools-for-stm32.10.3-2021.10.linux64_1.0.100.202210260954/tools/bin/../lib/gcc/arm-none-eabi/10.3.1/thumb/v8-m.main+fp/hard/crtbegin.o
[...]
Memory Configuration

Name             Origin             Length             Attributes
RAM              0x0000000020000000 0x0000000000030000 xrw
RAM2             0x0000000020030000 0x0000000000010000 xrw
FLASH            0x0000000008000000 0x0000000000080000 xr
*default*        0x0000000000000000 0xffffffffffffffff

Linker script and memory map

LOAD /opt/st/stm32cubeide_1.11.0/plugins/com.st.stm32cube.ide.mcu.externaltools.gnu-tools-for-stm32.10.3-2021.10.linux64_1.0.100.202210260954/tools/bin/../lib/gcc/arm-none-eabi/10.3.1/thumb/v8-m.main+fp/hard/crti.o
LOAD /opt/st/stm32cubeide_1.11.0/plugins/com.st.stm32cube.ide.mcu.externaltools.gnu-tools-for-stm32.10.3-2021.10.linux64_1.0.100.202210260954/tools/bin/../lib/gcc/arm-none-eabi/10.3.1/thumb/v8-m.main+fp/hard/crtbegin.o
LOAD /opt/st/stm32cubeide_1.11.0/plugins/com.st.stm32cube.ide.mcu.externaltools.gnu-tools-for-stm32.10.3-2021.10.linux64_1.0.100.202210260954/tools/bin/../lib/gcc/arm-none-eabi/10.3.1/../../../../arm-none-eabi/lib/thumb/v8-m.main+fp/hard/crt0.o
LOAD ./Core/Src/main.o
LOAD ./Core/Src/stm32l5xx_hal_msp.o
LOAD ./Core/Src/stm32l5xx_it.o
LOAD ./Core/Src/syscalls.o
LOAD ./Core/Src/sysmem.o
LOAD ./Core/Src/system_stm32l5xx.o
LOAD ./Core/Startup/startup_stm32l562zetxq.o
LOAD ./Drivers/STM32L5xx_HAL_Driver/Src/stm32l5xx_hal.o
LOAD ./Drivers/STM32L5xx_HAL_Driver/Src/stm32l5xx_hal_cortex.o
LOAD ./Drivers/STM32L5xx_HAL_Driver/Src/stm32l5xx_hal_dma.o
LOAD ./Drivers/STM32L5xx_HAL_Driver/Src/stm32l5xx_hal_dma_ex.o
LOAD ./Drivers/STM32L5xx_HAL_Driver/Src/stm32l5xx_hal_exti.o
LOAD ./Drivers/STM32L5xx_HAL_Driver/Src/stm32l5xx_hal_flash.o
LOAD ./Drivers/STM32L5xx_HAL_Driver/Src/stm32l5xx_hal_flash_ex.o
LOAD ./Drivers/STM32L5xx_HAL_Driver/Src/stm32l5xx_hal_flash_ramfunc.o
LOAD ./Drivers/STM32L5xx_HAL_Driver/Src/stm32l5xx_hal_gpio.o
LOAD ./Drivers/STM32L5xx_HAL_Driver/Src/stm32l5xx_hal_i2c.o
LOAD ./Drivers/STM32L5xx_HAL_Driver/Src/stm32l5xx_hal_i2c_ex.o
LOAD ./Drivers/STM32L5xx_HAL_Driver/Src/stm32l5xx_hal_icache.o
LOAD ./Drivers/STM32L5xx_HAL_Driver/Src/stm32l5xx_hal_pwr.o
LOAD ./Drivers/STM32L5xx_HAL_Driver/Src/stm32l5xx_hal_pwr_ex.o
LOAD ./Drivers/STM32L5xx_HAL_Driver/Src/stm32l5xx_hal_rcc.o
LOAD ./Drivers/STM32L5xx_HAL_Driver/Src/stm32l5xx_hal_rcc_ex.o
LOAD ./Drivers/STM32L5xx_HAL_Driver/Src/stm32l5xx_hal_spi.o
LOAD ./Drivers/STM32L5xx_HAL_Driver/Src/stm32l5xx_hal_spi_ex.o
LOAD ./Drivers/STM32L5xx_HAL_Driver/Src/stm32l5xx_hal_tim.o
LOAD ./Drivers/STM32L5xx_HAL_Driver/Src/stm32l5xx_hal_tim_ex.o
LOAD ./Drivers/STM32L5xx_HAL_Driver/Src/stm32l5xx_hal_uart.o
LOAD ./Drivers/STM32L5xx_HAL_Driver/Src/stm32l5xx_hal_uart_ex.o
START GROUP
LOAD /opt/st/stm32cubeide_1.11.0/plugins/com.st.stm32cube.ide.mcu.externaltools.gnu-tools-for-stm32.10.3-2021.10.linux64_1.0.100.202210260954/tools/bin/../lib/gcc/arm-none-eabi/10.3.1/../../../../arm-none-eabi/lib/thumb/v8-m.main+fp/hard/libc_nano.a
LOAD /opt/st/stm32cubeide_1.11.0/plugins/com.st.stm32cube.ide.mcu.externaltools.gnu-tools-for-stm32.10.3-2021.10.linux64_1.0.100.202210260954/tools/bin/../lib/gcc/arm-none-eabi/10.3.1/../../../../arm-none-eabi/lib/thumb/v8-m.main+fp/hard/libm.a
END GROUP
START GROUP
LOAD /opt/st/stm32cubeide_1.11.0/plugins/com.st.stm32cube.ide.mcu.externaltools.gnu-tools-for-stm32.10.3-2021.10.linux64_1.0.100.202210260954/tools/bin/../lib/gcc/arm-none-eabi/10.3.1/thumb/v8-m.main+fp/hard/libgcc.a
LOAD /opt/st/stm32cubeide_1.11.0/plugins/com.st.stm32cube.ide.mcu.externaltools.gnu-tools-for-stm32.10.3-2021.10.linux64_1.0.100.202210260954/tools/bin/../lib/gcc/arm-none-eabi/10.3.1/../../../../arm-none-eabi/lib/thumb/v8-m.main+fp/hard/libc_nano.a
END GROUP
START GROUP
LOAD /opt/st/stm32cubeide_1.11.0/plugins/com.st.stm32cube.ide.mcu.externaltools.gnu-tools-for-stm32.10.3-2021.10.linux64_1.0.100.202210260954/tools/bin/../lib/gcc/arm-none-eabi/10.3.1/thumb/v8-m.main+fp/hard/libgcc.a
LOAD /opt/st/stm32cubeide_1.11.0/plugins/com.st.stm32cube.ide.mcu.externaltools.gnu-tools-for-stm32.10.3-2021.10.linux64_1.0.100.202210260954/tools/bin/../lib/gcc/arm-none-eabi/10.3.1/../../../../arm-none-eabi/lib/thumb/v8-m.main+fp/hard/libc_nano.a
LOAD /opt/st/stm32cubeide_1.11.0/plugins/com.st.stm32cube.ide.mcu.externaltools.gnu-tools-for-stm32.10.3-2021.10.linux64_1.0.100.202210260954/tools/bin/../lib/gcc/arm-none-eabi/10.3.1/../../../../arm-none-eabi/lib/thumb/v8-m.main+fp/hard/libnosys.a
END GROUP
START GROUP
LOAD /opt/st/stm32cubeide_1.11.0/plugins/com.st.stm32cube.ide.mcu.externaltools.gnu-tools-for-stm32.10.3-2021.10.linux64_1.0.100.202210260954/tools/bin/../lib/gcc/arm-none-eabi/10.3.1/thumb/v8-m.main+fp/hard/libgcc.a
LOAD /opt/st/stm32cubeide_1.11.0/plugins/com.st.stm32cube.ide.mcu.externaltools.gnu-tools-for-stm32.10.3-2021.10.linux64_1.0.100.202210260954/tools/bin/../lib/gcc/arm-none-eabi/10.3.1/../../../../arm-none-eabi/lib/thumb/v8-m.main+fp/hard/libc_nano.a
LOAD /opt/st/stm32cubeide_1.11.0/plugins/com.st.stm32cube.ide.mcu.externaltools.gnu-tools-for-stm32.10.3-2021.10.linux64_1.0.100.202210260954/tools/bin/../lib/gcc/arm-none-eabi/10.3.1/../../../../arm-none-eabi/lib/thumb/v8-m.main+fp/hard/libnosys.a
END GROUP
LOAD /opt/st/stm32cubeide_1.11.0/plugins/com.st.stm32cube.ide.mcu.externaltools.gnu-tools-for-stm32.10.3-2021.10.linux64_1.0.100.202210260954/tools/bin/../lib/gcc/arm-none-eabi/10.3.1/thumb/v8-m.main+fp/hard/crtend.o
LOAD /opt/st/stm32cubeide_1.11.0/plugins/com.st.stm32cube.ide.mcu.externaltools.gnu-tools-for-stm32.10.3-2021.10.linux64_1.0.100.202210260954/tools/bin/../lib/gcc/arm-none-eabi/10.3.1/thumb/v8-m.main+fp/hard/crtn.o
                0x0000000020030000                _estack = (ORIGIN (RAM) + LENGTH (RAM))
                0x0000000000000200                _Min_Heap_Size = 0x200
                0x0000000000000400                _Min_Stack_Size = 0x400

.isr_vector     0x0000000008000000      0x1f4
                0x0000000008000000                . = ALIGN (0x4)
 *(.isr_vector)
 .isr_vector    0x0000000008000000      0x1f4 ./Core/Startup/startup_stm32l562zetxq.o
                0x0000000008000000                g_pfnVectors
                0x00000000080001f4                . = ALIGN (0x4)

.text           0x00000000080001f4     0x5944
                0x00000000080001f4                . = ALIGN (0x4)
 *(.text)
 .text          0x00000000080001f4       0x40 /opt/st/stm32cubeide_1.11.0/plugins/com.st.stm32cube.ide.mcu.externaltools.gnu-tools-for-stm32.10.3-2021.10.linux64_1.0.100.202210260954/tools/bin/../lib/gcc/arm-none-eabi/10.3.1/thumb/v8-m.main+fp/hard/crtbegin.o
 .text          0x0000000008000234       0x30 /opt/st/stm32cubeide_1.11.0/plugins/com.st.stm32cube.ide.mcu.externaltools.gnu-tools-for-stm32.10.3-2021.10.linux64_1.0.100.202210260954/tools/bin/../lib/gcc/arm-none-eabi/10.3.1/thumb/v8-m.main+fp/hard/libgcc.a(_aeabi_uldivmod.o)
                0x0000000008000234                __aeabi_uldivmod
 .text          0x0000000008000264      0x2ec /opt/st/stm32cubeide_1.11.0/plugins/com.st.stm32cube.ide.mcu.externaltools.gnu-tools-for-stm32.10.3-2021.10.linux64_1.0.100.202210260954/tools/bin/../lib/gcc/arm-none-eabi/10.3.1/thumb/v8-m.main+fp/hard/libgcc.a(_udivmoddi4.o)
                0x0000000008000264                __udivmoddi4
 .text          0x0000000008000550        0x4 /opt/st/stm32cubeide_1.11.0/plugins/com.st.stm32cube.ide.mcu.externaltools.gnu-tools-for-stm32.10.3-2021.10.linux64_1.0.100.202210260954/tools/bin/../lib/gcc/arm-none-eabi/10.3.1/thumb/v8-m.main+fp/hard/libgcc.a(_dvmd_tls.o)
                0x0000000008000550                __aeabi_ldiv0
                0x0000000008000550                __aeabi_idiv0
 *(.text*)
 .text.main     0x0000000008000554       0x4e ./Core/Src/main.o
                0x0000000008000554                main
 .text.SystemClock_Config
                0x00000000080005a2       0x8c ./Core/Src/main.o
                0x00000000080005a2                SystemClock_Config
 *fill*         0x000000000800062e        0x2 
 .text.MX_I2C1_Init
                0x0000000008000630       0x7c ./Core/Src/main.o
 .text.MX_I2C2_Init
                0x00000000080006ac       0x7c ./Core/Src/main.o
 .text.MX_I2C3_Init
                0x0000000008000728       0x7c ./Core/Src/main.o
 .text.MX_LPUART1_UART_Init
                0x00000000080007a4       0x98 ./Core/Src/main.o
 .text.MX_UART4_Init
                0x000000000800083c       0x98 ./Core/Src/main.o
 .text.MX_USART1_UART_Init
                0x00000000080008d4       0x98 ./Core/Src/main.o
 .text.MX_USART2_UART_Init
                0x000000000800096c       0x98 ./Core/Src/main.o
 .text.MX_USART3_UART_Init
                0x0000000008000a04       0x98 ./Core/Src/main.o
 .text.MX_SPI1_Init
                0x0000000008000a9c       0x7c ./Core/Src/main.o
 .text.MX_SPI2_Init
                0x0000000008000b18       0x7c ./Core/Src/main.o
 .text.MX_TIM3_Init
                0x0000000008000b94       0xf8 ./Core/Src/main.o
 .text.MX_TIM4_Init
                0x0000000008000c8c       0xf8 ./Core/Src/main.o
 .text.MX_TIM5_Init
                0x0000000008000d84       0xf8 ./Core/Src/main.o
 .text.MX_TIM16_Init
                0x0000000008000e7c       0xf4 ./Core/Src/main.o
 .text.MX_TIM17_Init
                0x0000000008000f70       0xf4 ./Core/Src/main.o
 .text.MX_GPIO_Init
                0x0000000008001064      0x194 ./Core/Src/main.o
 .text.Error_Handler
                0x00000000080011f8        0xa ./Core/Src/main.o
                0x00000000080011f8                Error_Handler
 *fill*         0x0000000008001202        0x2 
 .text.HAL_MspInit
                0x0000000008001204       0x48 ./Core/Src/stm32l5xx_hal_msp.o
                0x0000000008001204                HAL_MspInit
 .text.HAL_I2C_MspInit
                0x000000000800124c      0x1d8 ./Core/Src/stm32l5xx_hal_msp.o
                0x000000000800124c                HAL_I2C_MspInit
 .text.HAL_UART_MspInit
                0x0000000008001424      0x2e0 ./Core/Src/stm32l5xx_hal_msp.o
                0x0000000008001424                HAL_UART_MspInit
 .text.HAL_SPI_MspInit
                0x0000000008001704      0x12c ./Core/Src/stm32l5xx_hal_msp.o
                0x0000000008001704                HAL_SPI_MspInit
 .text.HAL_TIM_PWM_MspInit
                0x0000000008001830       0x90 ./Core/Src/stm32l5xx_hal_msp.o
                0x0000000008001830                HAL_TIM_PWM_MspInit
 .text.HAL_TIM_Base_MspInit
                0x00000000080018c0       0x68 ./Core/Src/stm32l5xx_hal_msp.o
                0x00000000080018c0                HAL_TIM_Base_MspInit
 .text.HAL_TIM_MspPostInit
                0x0000000008001928      0x1a4 ./Core/Src/stm32l5xx_hal_msp.o
                0x0000000008001928                HAL_TIM_MspPostInit
 .text.NMI_Handler
                0x0000000008001acc        0x6 ./Core/Src/stm32l5xx_it.o
                0x0000000008001acc                NMI_Handler
 .text.HardFault_Handler
                0x0000000008001ad2        0x6 ./Core/Src/stm32l5xx_it.o
                0x0000000008001ad2                HardFault_Handler
 .text.MemManage_Handler
                0x0000000008001ad8        0x6 ./Core/Src/stm32l5xx_it.o
                0x0000000008001ad8                MemManage_Handler
 .text.BusFault_Handler
                0x0000000008001ade        0x6 ./Core/Src/stm32l5xx_it.o
                0x0000000008001ade                BusFault_Handler
 .text.UsageFault_Handler
                0x0000000008001ae4        0x6 ./Core/Src/stm32l5xx_it.o
                0x0000000008001ae4                UsageFault_Handler
 .text.SVC_Handler
                0x0000000008001aea        0xe ./Core/Src/stm32l5xx_it.o
                0x0000000008001aea                SVC_Handler
 .text.DebugMon_Handler
                0x0000000008001af8        0xe ./Core/Src/stm32l5xx_it.o
                0x0000000008001af8                DebugMon_Handler
 .text.PendSV_Handler
                0x0000000008001b06        0xe ./Core/Src/stm32l5xx_it.o
                0x0000000008001b06                PendSV_Handler
 .text.SysTick_Handler
                0x0000000008001b14        0xc ./Core/Src/stm32l5xx_it.o
                0x0000000008001b14                SysTick_Handler
 .text.SystemInit
                0x0000000008001b20       0x24 ./Core/Src/system_stm32l5xx.o
                0x0000000008001b20                SystemInit
 .text.SystemCoreClockUpdate
                0x0000000008001b44      0x158 ./Core/Src/system_stm32l5xx.o
                0x0000000008001b44                SystemCoreClockUpdate
 .text.Reset_Handler
                0x0000000008001c9c       0x50 ./Core/Startup/startup_stm32l562zetxq.o
                0x0000000008001c9c                Reset_Handler
 .text.Default_Handler
                0x0000000008001cec        0x2 ./Core/Startup/startup_stm32l562zetxq.o
                0x0000000008001cec                EXTI2_IRQHandler
                0x0000000008001cec                TIM8_TRG_COM_IRQHandler
                0x0000000008001cec                TIM8_CC_IRQHandler
                0x0000000008001cec                EXTI5_IRQHandler
                0x0000000008001cec                FLASH_S_IRQHandler
                0x0000000008001cec                EXTI13_IRQHandler
                0x0000000008001cec                TIM1_CC_IRQHandler
                0x0000000008001cec                TSC_IRQHandler
                0x0000000008001cec                TAMP_IRQHandler
                0x0000000008001cec                TIM6_IRQHandler
                0x0000000008001cec                EXTI12_IRQHandler
                0x0000000008001cec                DMA2_Channel8_IRQHandler
                0x0000000008001cec                EXTI3_IRQHandler
                0x0000000008001cec                EXTI8_IRQHandler
                0x0000000008001cec                LPTIM2_IRQHandler
                0x0000000008001cec                DFSDM1_FLT1_IRQHandler
                0x0000000008001cec                USB_FS_IRQHandler
                0x0000000008001cec                I2C3_ER_IRQHandler
                0x0000000008001cec                DFSDM1_FLT2_IRQHandler
                0x0000000008001cec                DMAMUX1_IRQHandler
                0x0000000008001cec                LPTIM3_IRQHandler
                0x0000000008001cec                EXTI0_IRQHandler
                0x0000000008001cec                I2C2_EV_IRQHandler
                0x0000000008001cec                FPU_IRQHandler
                0x0000000008001cec                FDCAN1_IT1_IRQHandler
                0x0000000008001cec                ADC1_2_IRQHandler
                0x0000000008001cec                SPI1_IRQHandler
                0x0000000008001cec                OCTOSPI1_IRQHandler
                0x0000000008001cec                TIM8_UP_IRQHandler
                0x0000000008001cec                RCC_S_IRQHandler
                0x0000000008001cec                DMA2_Channel2_IRQHandler
                0x0000000008001cec                DMA1_Channel4_IRQHandler
                0x0000000008001cec                SAI2_IRQHandler
                0x0000000008001cec                DFSDM1_FLT3_IRQHandler
                0x0000000008001cec                PKA_IRQHandler
                0x0000000008001cec                EXTI15_IRQHandler
                0x0000000008001cec                TIM17_IRQHandler
                0x0000000008001cec                USART3_IRQHandler
                0x0000000008001cec                RTC_IRQHandler
                0x0000000008001cec                EXTI9_IRQHandler
                0x0000000008001cec                DMA1_Channel7_IRQHandler
                0x0000000008001cec                UART5_IRQHandler
                0x0000000008001cec                TIM4_IRQHandler
                0x0000000008001cec                DMA2_Channel1_IRQHandler
                0x0000000008001cec                I2C1_EV_IRQHandler
                0x0000000008001cec                DMA1_Channel6_IRQHandler
                0x0000000008001cec                TIM16_IRQHandler
                0x0000000008001cec                UART4_IRQHandler
                0x0000000008001cec                DMA2_Channel4_IRQHandler
                0x0000000008001cec                SecureFault_Handler
                0x0000000008001cec                TIM3_IRQHandler
                0x0000000008001cec                RCC_IRQHandler
                0x0000000008001cec                TIM1_TRG_COM_IRQHandler
                0x0000000008001cec                DMA1_Channel1_IRQHandler
                0x0000000008001cec                Default_Handler
                0x0000000008001cec                DMA2_Channel7_IRQHandler
                0x0000000008001cec                OTFDEC1_IRQHandler
                0x0000000008001cec                DMA1_Channel8_IRQHandler
                0x0000000008001cec                TIM7_IRQHandler
                0x0000000008001cec                SDMMC1_IRQHandler
                0x0000000008001cec                TIM5_IRQHandler
                0x0000000008001cec                UCPD1_IRQHandler
                0x0000000008001cec                TIM15_IRQHandler
                0x0000000008001cec                I2C3_EV_IRQHandler
                0x0000000008001cec                PVD_PVM_IRQHandler
                0x0000000008001cec                SPI2_IRQHandler
                0x0000000008001cec                EXTI14_IRQHandler
                0x0000000008001cec                EXTI11_IRQHandler
                0x0000000008001cec                DMA2_Channel5_IRQHandler
                0x0000000008001cec                CRS_IRQHandler
                0x0000000008001cec                DMA1_Channel5_IRQHandler
                0x0000000008001cec                EXTI4_IRQHandler
                0x0000000008001cec                RTC_S_IRQHandler
                0x0000000008001cec                RNG_IRQHandler
                0x0000000008001cec                DMAMUX1_S_IRQHandler
                0x0000000008001cec                DMA1_Channel3_IRQHandler
                0x0000000008001cec                COMP_IRQHandler
                0x0000000008001cec                TIM1_UP_IRQHandler
                0x0000000008001cec                WWDG_IRQHandler
                0x0000000008001cec                I2C4_EV_IRQHandler
                0x0000000008001cec                LPUART1_IRQHandler
                0x0000000008001cec                DMA2_Channel6_IRQHandler
                0x0000000008001cec                FDCAN1_IT0_IRQHandler
                0x0000000008001cec                TIM2_IRQHandler
                0x0000000008001cec                TAMP_S_IRQHandler
                0x0000000008001cec                EXTI7_IRQHandler
                0x0000000008001cec                TIM1_BRK_IRQHandler
                0x0000000008001cec                DAC_IRQHandler
                0x0000000008001cec                EXTI1_IRQHandler
                0x0000000008001cec                AES_IRQHandler
                0x0000000008001cec                GTZC_IRQHandler
                0x0000000008001cec                USART2_IRQHandler
                0x0000000008001cec                DFSDM1_FLT0_IRQHandler
                0x0000000008001cec                I2C2_ER_IRQHandler
                0x0000000008001cec                DMA1_Channel2_IRQHandler
                0x0000000008001cec                TIM8_BRK_IRQHandler
                0x0000000008001cec                FLASH_IRQHandler
                0x0000000008001cec                USART1_IRQHandler
                0x0000000008001cec                EXTI10_IRQHandler
                0x0000000008001cec                SPI3_IRQHandler
                0x0000000008001cec                I2C1_ER_IRQHandler
                0x0000000008001cec                FMC_IRQHandler
                0x0000000008001cec                EXTI6_IRQHandler
                0x0000000008001cec                LPTIM1_IRQHandler
                0x0000000008001cec                I2C4_ER_IRQHandler
                0x0000000008001cec                ICACHE_IRQHandler
                0x0000000008001cec                SAI1_IRQHandler
                0x0000000008001cec                HASH_IRQHandler
                0x0000000008001cec                DMA2_Channel3_IRQHandler
 .text.HAL_Init
                0x0000000008001cee       0x34 ./Drivers/STM32L5xx_HAL_Driver/Src/stm32l5xx_hal.o
                0x0000000008001cee                HAL_Init
 *fill*         0x0000000008001d22        0x2 
 .text.HAL_InitTick
                0x0000000008001d24       0x78 ./Drivers/STM32L5xx_HAL_Driver/Src/stm32l5xx_hal.o
                0x0000000008001d24                HAL_InitTick
 .text.HAL_IncTick
                0x0000000008001d9c       0x28 ./Drivers/STM32L5xx_HAL_Driver/Src/stm32l5xx_hal.o
                0x0000000008001d9c                HAL_IncTick
 .text.HAL_GetTick
                0x0000000008001dc4       0x18 ./Drivers/STM32L5xx_HAL_Driver/Src/stm32l5xx_hal.o
                0x0000000008001dc4                HAL_GetTick
 .text.__NVIC_SetPriorityGrouping
                0x0000000008001ddc       0x48 ./Drivers/STM32L5xx_HAL_Driver/Src/stm32l5xx_hal_cortex.o
 .text.__NVIC_GetPriorityGrouping
                0x0000000008001e24       0x1c ./Drivers/STM32L5xx_HAL_Driver/Src/stm32l5xx_hal_cortex.o
 .text.__NVIC_SetPriority
                0x0000000008001e40       0x54 ./Drivers/STM32L5xx_HAL_Driver/Src/stm32l5xx_hal_cortex.o
 .text.NVIC_EncodePriority
                0x0000000008001e94       0x66 ./Drivers/STM32L5xx_HAL_Driver/Src/stm32l5xx_hal_cortex.o
 *fill*         0x0000000008001efa        0x2 
 .text.SysTick_Config
                0x0000000008001efc       0x44 ./Drivers/STM32L5xx_HAL_Driver/Src/stm32l5xx_hal_cortex.o
 .text.HAL_NVIC_SetPriorityGrouping
                0x0000000008001f40       0x16 ./Drivers/STM32L5xx_HAL_Driver/Src/stm32l5xx_hal_cortex.o
                0x0000000008001f40                HAL_NVIC_SetPriorityGrouping
 .text.HAL_NVIC_SetPriority
                0x0000000008001f56       0x34 ./Drivers/STM32L5xx_HAL_Driver/Src/stm32l5xx_hal_cortex.o
                0x0000000008001f56                HAL_NVIC_SetPriority
 .text.HAL_SYSTICK_Config
                0x0000000008001f8a       0x18 ./Drivers/STM32L5xx_HAL_Driver/Src/stm32l5xx_hal_cortex.o
                0x0000000008001f8a                HAL_SYSTICK_Config
 *fill*         0x0000000008001fa2        0x2 
 .text.HAL_GPIO_Init
                0x0000000008001fa4      0x300 ./Drivers/STM32L5xx_HAL_Driver/Src/stm32l5xx_hal_gpio.o
                0x0000000008001fa4                HAL_GPIO_Init
 .text.HAL_GPIO_WritePin
                0x00000000080022a4       0x30 ./Drivers/STM32L5xx_HAL_Driver/Src/stm32l5xx_hal_gpio.o
                0x00000000080022a4                HAL_GPIO_WritePin
 .text.HAL_I2C_Init
                0x00000000080022d4      0x11e ./Drivers/STM32L5xx_HAL_Driver/Src/stm32l5xx_hal_i2c.o
                0x00000000080022d4                HAL_I2C_Init
 .text.HAL_I2CEx_ConfigAnalogFilter
                0x00000000080023f2       0x96 ./Drivers/STM32L5xx_HAL_Driver/Src/stm32l5xx_hal_i2c_ex.o
                0x00000000080023f2                HAL_I2CEx_ConfigAnalogFilter
 .text.HAL_I2CEx_ConfigDigitalFilter
                0x0000000008002488       0x98 ./Drivers/STM32L5xx_HAL_Driver/Src/stm32l5xx_hal_i2c_ex.o
                0x0000000008002488                HAL_I2CEx_ConfigDigitalFilter
 .text.HAL_PWREx_GetVoltageRange
                0x0000000008002520       0x1c ./Drivers/STM32L5xx_HAL_Driver/Src/stm32l5xx_hal_pwr_ex.o
                0x0000000008002520                HAL_PWREx_GetVoltageRange
 .text.HAL_PWREx_ControlVoltageScaling
                0x000000000800253c       0xb8 ./Drivers/STM32L5xx_HAL_Driver/Src/stm32l5xx_hal_pwr_ex.o
                0x000000000800253c                HAL_PWREx_ControlVoltageScaling
 .text.HAL_PWREx_EnableVddIO2
                0x00000000080025f4       0x20 ./Drivers/STM32L5xx_HAL_Driver/Src/stm32l5xx_hal_pwr_ex.o
                0x00000000080025f4                HAL_PWREx_EnableVddIO2
 .text.HAL_PWREx_SMPS_GetEffectiveMode
                0x0000000008002614       0x48 ./Drivers/STM32L5xx_HAL_Driver/Src/stm32l5xx_hal_pwr_ex.o
                0x0000000008002614                HAL_PWREx_SMPS_GetEffectiveMode
 .text.HAL_RCC_OscConfig
                0x000000000800265c      0x9ac ./Drivers/STM32L5xx_HAL_Driver/Src/stm32l5xx_hal_rcc.o
                0x000000000800265c                HAL_RCC_OscConfig
 .text.HAL_RCC_ClockConfig
                0x0000000008003008      0x270 ./Drivers/STM32L5xx_HAL_Driver/Src/stm32l5xx_hal_rcc.o
                0x0000000008003008                HAL_RCC_ClockConfig
 .text.HAL_RCC_GetSysClockFreq
                0x0000000008003278      0x138 ./Drivers/STM32L5xx_HAL_Driver/Src/stm32l5xx_hal_rcc.o
                0x0000000008003278                HAL_RCC_GetSysClockFreq
 .text.HAL_RCC_GetHCLKFreq
                0x00000000080033b0       0x28 ./Drivers/STM32L5xx_HAL_Driver/Src/stm32l5xx_hal_rcc.o
                0x00000000080033b0                HAL_RCC_GetHCLKFreq
 .text.HAL_RCC_GetPCLK1Freq
                0x00000000080033d8       0x28 ./Drivers/STM32L5xx_HAL_Driver/Src/stm32l5xx_hal_rcc.o
                0x00000000080033d8                HAL_RCC_GetPCLK1Freq
 .text.HAL_RCC_GetPCLK2Freq
                0x0000000008003400       0x28 ./Drivers/STM32L5xx_HAL_Driver/Src/stm32l5xx_hal_rcc.o
                0x0000000008003400                HAL_RCC_GetPCLK2Freq
 .text.RCC_SetFlashLatencyFromMSIRange
                0x0000000008003428       0xc8 ./Drivers/STM32L5xx_HAL_Driver/Src/stm32l5xx_hal_rcc.o
 .text.RCC_GetSysClockFreqFromPLLSource
                0x00000000080034f0       0xd8 ./Drivers/STM32L5xx_HAL_Driver/Src/stm32l5xx_hal_rcc.o
 .text.HAL_RCCEx_PeriphCLKConfig
                0x00000000080035c8      0x708 ./Drivers/STM32L5xx_HAL_Driver/Src/stm32l5xx_hal_rcc_ex.o
                0x00000000080035c8                HAL_RCCEx_PeriphCLKConfig
 .text.RCCEx_PLLSAI1_Config
                0x0000000008003cd0      0x1cc ./Drivers/STM32L5xx_HAL_Driver/Src/stm32l5xx_hal_rcc_ex.o
 .text.RCCEx_PLLSAI2_Config
                0x0000000008003e9c      0x158 ./Drivers/STM32L5xx_HAL_Driver/Src/stm32l5xx_hal_rcc_ex.o
 .text.HAL_SPI_Init
                0x0000000008003ff4      0x146 ./Drivers/STM32L5xx_HAL_Driver/Src/stm32l5xx_hal_spi.o
                0x0000000008003ff4                HAL_SPI_Init
 .text.HAL_TIM_Base_Init
                0x000000000800413a       0xae ./Drivers/STM32L5xx_HAL_Driver/Src/stm32l5xx_hal_tim.o
                0x000000000800413a                HAL_TIM_Base_Init
 .text.HAL_TIM_PWM_Init
                0x00000000080041e8       0xae ./Drivers/STM32L5xx_HAL_Driver/Src/stm32l5xx_hal_tim.o
                0x00000000080041e8                HAL_TIM_PWM_Init
 *fill*         0x0000000008004296        0x2 
 .text.HAL_TIM_PWM_ConfigChannel
                0x0000000008004298      0x228 ./Drivers/STM32L5xx_HAL_Driver/Src/stm32l5xx_hal_tim.o
                0x0000000008004298                HAL_TIM_PWM_ConfigChannel
 .text.TIM_Base_SetConfig
                0x00000000080044c0      0x134 ./Drivers/STM32L5xx_HAL_Driver/Src/stm32l5xx_hal_tim.o
                0x00000000080044c0                TIM_Base_SetConfig
 .text.TIM_OC1_SetConfig
                0x00000000080045f4      0x120 ./Drivers/STM32L5xx_HAL_Driver/Src/stm32l5xx_hal_tim.o
 .text.TIM_OC2_SetConfig
                0x0000000008004714      0x114 ./Drivers/STM32L5xx_HAL_Driver/Src/stm32l5xx_hal_tim.o
                0x0000000008004714                TIM_OC2_SetConfig
 .text.TIM_OC3_SetConfig
                0x0000000008004828      0x110 ./Drivers/STM32L5xx_HAL_Driver/Src/stm32l5xx_hal_tim.o
 .text.TIM_OC4_SetConfig
                0x0000000008004938       0xd4 ./Drivers/STM32L5xx_HAL_Driver/Src/stm32l5xx_hal_tim.o
 .text.TIM_OC5_SetConfig
                0x0000000008004a0c       0xc8 ./Drivers/STM32L5xx_HAL_Driver/Src/stm32l5xx_hal_tim.o
 .text.TIM_OC6_SetConfig
                0x0000000008004ad4       0xcc ./Drivers/STM32L5xx_HAL_Driver/Src/stm32l5xx_hal_tim.o
 .text.HAL_TIMEx_MasterConfigSynchronization
                0x0000000008004ba0      0x110 ./Drivers/STM32L5xx_HAL_Driver/Src/stm32l5xx_hal_tim_ex.o
                0x0000000008004ba0                HAL_TIMEx_MasterConfigSynchronization
 .text.HAL_TIMEx_ConfigBreakDeadTime
                0x0000000008004cb0      0x140 ./Drivers/STM32L5xx_HAL_Driver/Src/stm32l5xx_hal_tim_ex.o
                0x0000000008004cb0                HAL_TIMEx_ConfigBreakDeadTime
 .text.HAL_UART_Init
                0x0000000008004df0       0xa0 ./Drivers/STM32L5xx_HAL_Driver/Src/stm32l5xx_hal_uart.o
                0x0000000008004df0                HAL_UART_Init
 .text.UART_SetConfig
                0x0000000008004e90      0x600 ./Drivers/STM32L5xx_HAL_Driver/Src/stm32l5xx_hal_uart.o
                0x0000000008004e90                UART_SetConfig
 .text.UART_AdvFeatureConfig
                0x0000000008005490      0x144 ./Drivers/STM32L5xx_HAL_Driver/Src/stm32l5xx_hal_uart.o
                0x0000000008005490                UART_AdvFeatureConfig
 .text.UART_CheckIdleState
                0x00000000080055d4      0x154 ./Drivers/STM32L5xx_HAL_Driver/Src/stm32l5xx_hal_uart.o
                0x00000000080055d4                UART_CheckIdleState
 .text.UART_WaitOnFlagUntilTimeout
                0x0000000008005728       0xce ./Drivers/STM32L5xx_HAL_Driver/Src/stm32l5xx_hal_uart.o
                0x0000000008005728                UART_WaitOnFlagUntilTimeout
 .text.UART_EndRxTransfer
                0x00000000080057f6       0xcc ./Drivers/STM32L5xx_HAL_Driver/Src/stm32l5xx_hal_uart.o
 .text.HAL_UARTEx_DisableFifoMode
                0x00000000080058c2       0x72 ./Drivers/STM32L5xx_HAL_Driver/Src/stm32l5xx_hal_uart_ex.o
                0x00000000080058c2                HAL_UARTEx_DisableFifoMode
 .text.HAL_UARTEx_SetTxFifoThreshold
                0x0000000008005934       0x7c ./Drivers/STM32L5xx_HAL_Driver/Src/stm32l5xx_hal_uart_ex.o
                0x0000000008005934                HAL_UARTEx_SetTxFifoThreshold
 .text.HAL_UARTEx_SetRxFifoThreshold
                0x00000000080059b0       0x7c ./Drivers/STM32L5xx_HAL_Driver/Src/stm32l5xx_hal_uart_ex.o
                0x00000000080059b0                HAL_UARTEx_SetRxFifoThreshold
 .text.UARTEx_SetNbDataToProcess
                0x0000000008005a2c       0x9c ./Drivers/STM32L5xx_HAL_Driver/Src/stm32l5xx_hal_uart_ex.o
 .text.__libc_init_array
                0x0000000008005ac8       0x48 /opt/st/stm32cubeide_1.11.0/plugins/com.st.stm32cube.ide.mcu.externaltools.gnu-tools-for-stm32.10.3-2021.10.linux64_1.0.100.202210260954/tools/bin/../lib/gcc/arm-none-eabi/10.3.1/../../../../arm-none-eabi/lib/thumb/v8-m.main+fp/hard/libc_nano.a(lib_a-init.o)
                0x0000000008005ac8                __libc_init_array
 .text.memset   0x0000000008005b10       0x10 /opt/st/stm32cubeide_1.11.0/plugins/com.st.stm32cube.ide.mcu.externaltools.gnu-tools-for-stm32.10.3-2021.10.linux64_1.0.100.202210260954/tools/bin/../lib/gcc/arm-none-eabi/10.3.1/../../../../arm-none-eabi/lib/thumb/v8-m.main+fp/hard/libc_nano.a(lib_a-memset.o)
                0x0000000008005b10                memset
 *(.glue_7)
 .glue_7        0x0000000008005b20        0x0 linker stubs
 *(.glue_7t)
 .glue_7t       0x0000000008005b20        0x0 linker stubs
 *(.eh_frame)
 .eh_frame      0x0000000008005b20        0x0 /opt/st/stm32cubeide_1.11.0/plugins/com.st.stm32cube.ide.mcu.externaltools.gnu-tools-for-stm32.10.3-2021.10.linux64_1.0.100.202210260954/tools/bin/../lib/gcc/arm-none-eabi/10.3.1/thumb/v8-m.main+fp/hard/crtbegin.o
 *(.init)
 .init          0x0000000008005b20        0x4 /opt/st/stm32cubeide_1.11.0/plugins/com.st.stm32cube.ide.mcu.externaltools.gnu-tools-for-stm32.10.3-2021.10.linux64_1.0.100.202210260954/tools/bin/../lib/gcc/arm-none-eabi/10.3.1/thumb/v8-m.main+fp/hard/crti.o
                0x0000000008005b20                _init
 .init          0x0000000008005b24        0x8 /opt/st/stm32cubeide_1.11.0/plugins/com.st.stm32cube.ide.mcu.externaltools.gnu-tools-for-stm32.10.3-2021.10.linux64_1.0.100.202210260954/tools/bin/../lib/gcc/arm-none-eabi/10.3.1/thumb/v8-m.main+fp/hard/crtn.o
 *(.fini)
 .fini          0x0000000008005b2c        0x4 /opt/st/stm32cubeide_1.11.0/plugins/com.st.stm32cube.ide.mcu.externaltools.gnu-tools-for-stm32.10.3-2021.10.linux64_1.0.100.202210260954/tools/bin/../lib/gcc/arm-none-eabi/10.3.1/thumb/v8-m.main+fp/hard/crti.o
                0x0000000008005b2c                _fini
 .fini          0x0000000008005b30        0x8 /opt/st/stm32cubeide_1.11.0/plugins/com.st.stm32cube.ide.mcu.externaltools.gnu-tools-for-stm32.10.3-2021.10.linux64_1.0.100.202210260954/tools/bin/../lib/gcc/arm-none-eabi/10.3.1/thumb/v8-m.main+fp/hard/crtn.o
                0x0000000008005b38                . = ALIGN (0x4)
                0x0000000008005b38                _etext = .

.vfp11_veneer   0x0000000008005b38        0x0
 .vfp11_veneer  0x0000000008005b38        0x0 linker stubs

.v4_bx          0x0000000008005b38        0x0
 .v4_bx         0x0000000008005b38        0x0 linker stubs

.iplt           0x0000000008005b38        0x0
 .iplt          0x0000000008005b38        0x0 /opt/st/stm32cubeide_1.11.0/plugins/com.st.stm32cube.ide.mcu.externaltools.gnu-tools-for-stm32.10.3-2021.10.linux64_1.0.100.202210260954/tools/bin/../lib/gcc/arm-none-eabi/10.3.1/thumb/v8-m.main+fp/hard/crtbegin.o

.rodata         0x0000000008005b38       0x80
                0x0000000008005b38                . = ALIGN (0x4)
 *(.rodata)
 *(.rodata*)
 .rodata.AHBPrescTable
                0x0000000008005b38       0x10 ./Core/Src/system_stm32l5xx.o
                0x0000000008005b38                AHBPrescTable
 .rodata.APBPrescTable
                0x0000000008005b48        0x8 ./Core/Src/system_stm32l5xx.o
                0x0000000008005b48                APBPrescTable
 .rodata.MSIRangeTable
                0x0000000008005b50       0x40 ./Core/Src/system_stm32l5xx.o
                0x0000000008005b50                MSIRangeTable
 .rodata.UARTPrescTable
                0x0000000008005b90       0x18 ./Drivers/STM32L5xx_HAL_Driver/Src/stm32l5xx_hal_uart.o
                0x0000000008005b90                UARTPrescTable
 .rodata.numerator.1
                0x0000000008005ba8        0x8 ./Drivers/STM32L5xx_HAL_Driver/Src/stm32l5xx_hal_uart_ex.o
 .rodata.denominator.0
                0x0000000008005bb0        0x8 ./Drivers/STM32L5xx_HAL_Driver/Src/stm32l5xx_hal_uart_ex.o
                0x0000000008005bb8                . = ALIGN (0x4)

.ARM.extab      0x0000000008005bb8        0x0
                0x0000000008005bb8                . = ALIGN (0x4)
 *(.ARM.extab* .gnu.linkonce.armextab.*)
                0x0000000008005bb8                . = ALIGN (0x4)

.ARM            0x0000000008005bb8        0x8
                0x0000000008005bb8                . = ALIGN (0x4)
                0x0000000008005bb8                __exidx_start = .
 *(.ARM.exidx*)
 .ARM.exidx     0x0000000008005bb8        0x8 /opt/st/stm32cubeide_1.11.0/plugins/com.st.stm32cube.ide.mcu.externaltools.gnu-tools-for-stm32.10.3-2021.10.linux64_1.0.100.202210260954/tools/bin/../lib/gcc/arm-none-eabi/10.3.1/thumb/v8-m.main+fp/hard/libgcc.a(_udivmoddi4.o)
                0x0000000008005bc0                __exidx_end = .
                0x0000000008005bc0                . = ALIGN (0x4)

.rel.dyn        0x0000000008005bc0        0x0
 .rel.iplt      0x0000000008005bc0        0x0 /opt/st/stm32cubeide_1.11.0/plugins/com.st.stm32cube.ide.mcu.externaltools.gnu-tools-for-stm32.10.3-2021.10.linux64_1.0.100.202210260954/tools/bin/../lib/gcc/arm-none-eabi/10.3.1/thumb/v8-m.main+fp/hard/crtbegin.o

.preinit_array  0x0000000008005bc0        0x0
                0x0000000008005bc0                . = ALIGN (0x4)
                0x0000000008005bc0                PROVIDE (__preinit_array_start = .)
 *(.preinit_array*)
                0x0000000008005bc0                PROVIDE (__preinit_array_end = .)
                0x0000000008005bc0                . = ALIGN (0x4)

.init_array     0x0000000008005bc0        0x4
                0x0000000008005bc0                . = ALIGN (0x4)
                0x0000000008005bc0                PROVIDE (__init_array_start = .)
 *(SORT_BY_NAME(.init_array.*))
 *(.init_array*)
 .init_array    0x0000000008005bc0        0x4 /opt/st/stm32cubeide_1.11.0/plugins/com.st.stm32cube.ide.mcu.externaltools.gnu-tools-for-stm32.10.3-2021.10.linux64_1.0.100.202210260954/tools/bin/../lib/gcc/arm-none-eabi/10.3.1/thumb/v8-m.main+fp/hard/crtbegin.o
                0x0000000008005bc4                PROVIDE (__init_array_end = .)
                0x0000000008005bc4                . = ALIGN (0x4)

.fini_array     0x0000000008005bc4        0x4
                0x0000000008005bc4                . = ALIGN (0x4)
                [!provide]                        PROVIDE (__fini_array_start = .)
 *(SORT_BY_NAME(.fini_array.*))
 *(.fini_array*)
 .fini_array    0x0000000008005bc4        0x4 /opt/st/stm32cubeide_1.11.0/plugins/com.st.stm32cube.ide.mcu.externaltools.gnu-tools-for-stm32.10.3-2021.10.linux64_1.0.100.202210260954/tools/bin/../lib/gcc/arm-none-eabi/10.3.1/thumb/v8-m.main+fp/hard/crtbegin.o
                [!provide]                        PROVIDE (__fini_array_end = .)
                0x0000000008005bc8                . = ALIGN (0x4)
                0x0000000008005bc8                _sidata = LOADADDR (.data)

.data           0x0000000020000000        0xc load address 0x0000000008005bc8
                0x0000000020000000                . = ALIGN (0x4)
                0x0000000020000000                _sdata = .
 *(.data)
 *(.data*)
 .data.SystemCoreClock
                0x0000000020000000        0x4 ./Core/Src/system_stm32l5xx.o
                0x0000000020000000                SystemCoreClock
 .data.uwTickPrio
                0x0000000020000004        0x4 ./Drivers/STM32L5xx_HAL_Driver/Src/stm32l5xx_hal.o
                0x0000000020000004                uwTickPrio
 .data.uwTickFreq
                0x0000000020000008        0x1 ./Drivers/STM32L5xx_HAL_Driver/Src/stm32l5xx_hal.o
                0x0000000020000008                uwTickFreq
 *(.RamFunc)
 *(.RamFunc*)
                0x000000002000000c                . = ALIGN (0x4)
 *fill*         0x0000000020000009        0x3 
                0x000000002000000c                _edata = .

.igot.plt       0x000000002000000c        0x0 load address 0x0000000008005bd4
 .igot.plt      0x000000002000000c        0x0 /opt/st/stm32cubeide_1.11.0/plugins/com.st.stm32cube.ide.mcu.externaltools.gnu-tools-for-stm32.10.3-2021.10.linux64_1.0.100.202210260954/tools/bin/../lib/gcc/arm-none-eabi/10.3.1/thumb/v8-m.main+fp/hard/crtbegin.o
                0x000000002000000c                . = ALIGN (0x4)

.bss            0x000000002000000c      0x644 load address 0x0000000008005bd4
                0x000000002000000c                _sbss = .
                0x000000002000000c                __bss_start__ = _sbss
 *(.bss)
 .bss           0x000000002000000c       0x1c /opt/st/stm32cubeide_1.11.0/plugins/com.st.stm32cube.ide.mcu.externaltools.gnu-tools-for-stm32.10.3-2021.10.linux64_1.0.100.202210260954/tools/bin/../lib/gcc/arm-none-eabi/10.3.1/thumb/v8-m.main+fp/hard/crtbegin.o
 *(.bss*)
 .bss.hi2c1     0x0000000020000028       0x54 ./Core/Src/main.o
                0x0000000020000028                hi2c1
 .bss.hi2c2     0x000000002000007c       0x54 ./Core/Src/main.o
                0x000000002000007c                hi2c2
 .bss.hi2c3     0x00000000200000d0       0x54 ./Core/Src/main.o
                0x00000000200000d0                hi2c3
 .bss.hlpuart1  0x0000000020000124       0x94 ./Core/Src/main.o
                0x0000000020000124                hlpuart1
 .bss.huart4    0x00000000200001b8       0x94 ./Core/Src/main.o
                0x00000000200001b8                huart4
 .bss.huart1    0x000000002000024c       0x94 ./Core/Src/main.o
                0x000000002000024c                huart1
 .bss.huart2    0x00000000200002e0       0x94 ./Core/Src/main.o
                0x00000000200002e0                huart2
 .bss.huart3    0x0000000020000374       0x94 ./Core/Src/main.o
                0x0000000020000374                huart3
 .bss.hspi1     0x0000000020000408       0x64 ./Core/Src/main.o
                0x0000000020000408                hspi1
 .bss.hspi2     0x000000002000046c       0x64 ./Core/Src/main.o
                0x000000002000046c                hspi2
 .bss.htim3     0x00000000200004d0       0x4c ./Core/Src/main.o
                0x00000000200004d0                htim3
 .bss.htim4     0x000000002000051c       0x4c ./Core/Src/main.o
                0x000000002000051c                htim4
 .bss.htim5     0x0000000020000568       0x4c ./Core/Src/main.o
                0x0000000020000568                htim5
 .bss.htim16    0x00000000200005b4       0x4c ./Core/Src/main.o
                0x00000000200005b4                htim16
 .bss.htim17    0x0000000020000600       0x4c ./Core/Src/main.o
                0x0000000020000600                htim17
 .bss.uwTick    0x000000002000064c        0x4 ./Drivers/STM32L5xx_HAL_Driver/Src/stm32l5xx_hal.o
                0x000000002000064c                uwTick
 *(COMMON)
                0x0000000020000650                . = ALIGN (0x4)
                0x0000000020000650                _ebss = .
                0x0000000020000650                __bss_end__ = _ebss

._user_heap_stack
                0x0000000020000650      0x600 load address 0x0000000008005bd4
                0x0000000020000650                . = ALIGN (0x8)
                [!provide]                        PROVIDE (end = .)
                0x0000000020000650                PROVIDE (_end = .)
                0x0000000020000850                . = (. + _Min_Heap_Size)
 *fill*         0x0000000020000650      0x200 
                0x0000000020000c50                . = (. + _Min_Stack_Size)
 *fill*         0x0000000020000850      0x400 
                0x0000000020000c50                . = ALIGN (0x8)

/DISCARD/
 libc.a(*)
 libm.a(*)
 libgcc.a(*)

.ARM.attributes
                0x0000000000000000       0x36
 *(.ARM.attributes)
 .ARM.attributes
                0x0000000000000000       0x22 /opt/st/stm32cubeide_1.11.0/plugins/com.st.stm32cube.ide.mcu.externaltools.gnu-tools-for-stm32.10.3-2021.10.linux64_1.0.100.202210260954/tools/bin/../lib/gcc/arm-none-eabi/10.3.1/thumb/v8-m.main+fp/hard/crti.o
 .ARM.attributes
                0x0000000000000022       0x38 /opt/st/stm32cubeide_1.11.0/plugins/com.st.stm32cube.ide.mcu.externaltools.gnu-tools-for-stm32.10.3-2021.10.linux64_1.0.100.202210260954/tools/bin/../lib/gcc/arm-none-eabi/10.3.1/thumb/v8-m.main+fp/hard/crtbegin.o
 .ARM.attributes
                0x000000000000005a       0x3a ./Core/Src/main.o
 .ARM.attributes
                0x0000000000000094       0x3a ./Core/Src/stm32l5xx_hal_msp.o
 .ARM.attributes
                0x00000000000000ce       0x3a ./Core/Src/stm32l5xx_it.o
 .ARM.attributes
                0x0000000000000108       0x3a ./Core/Src/system_stm32l5xx.o
 .ARM.attributes
                0x0000000000000142       0x24 ./Core/Startup/startup_stm32l562zetxq.o
 .ARM.attributes
                0x0000000000000166       0x3a ./Drivers/STM32L5xx_HAL_Driver/Src/stm32l5xx_hal.o
 .ARM.attributes
                0x00000000000001a0       0x3a ./Drivers/STM32L5xx_HAL_Driver/Src/stm32l5xx_hal_cortex.o
 .ARM.attributes
                0x00000000000001da       0x3a ./Drivers/STM32L5xx_HAL_Driver/Src/stm32l5xx_hal_gpio.o
 .ARM.attributes
                0x0000000000000214       0x3a ./Drivers/STM32L5xx_HAL_Driver/Src/stm32l5xx_hal_i2c.o
 .ARM.attributes
                0x000000000000024e       0x3a ./Drivers/STM32L5xx_HAL_Driver/Src/stm32l5xx_hal_i2c_ex.o
 .ARM.attributes
                0x0000000000000288       0x3a ./Drivers/STM32L5xx_HAL_Driver/Src/stm32l5xx_hal_pwr_ex.o
 .ARM.attributes
                0x00000000000002c2       0x3a ./Drivers/STM32L5xx_HAL_Driver/Src/stm32l5xx_hal_rcc.o
 .ARM.attributes
                0x00000000000002fc       0x3a ./Drivers/STM32L5xx_HAL_Driver/Src/stm32l5xx_hal_rcc_ex.o
 .ARM.attributes
                0x0000000000000336       0x3a ./Drivers/STM32L5xx_HAL_Driver/Src/stm32l5xx_hal_spi.o
 .ARM.attributes
                0x0000000000000370       0x3a ./Drivers/STM32L5xx_HAL_Driver/Src/stm32l5xx_hal_tim.o
 .ARM.attributes
                0x00000000000003aa       0x3a ./Drivers/STM32L5xx_HAL_Driver/Src/stm32l5xx_hal_tim_ex.o
 .ARM.attributes
                0x00000000000003e4       0x3a ./Drivers/STM32L5xx_HAL_Driver/Src/stm32l5xx_hal_uart.o
 .ARM.attributes
                0x000000000000041e       0x3a ./Drivers/STM32L5xx_HAL_Driver/Src/stm32l5xx_hal_uart_ex.o
 .ARM.attributes
                0x0000000000000458       0x38 /opt/st/stm32cubeide_1.11.0/plugins/com.st.stm32cube.ide.mcu.externaltools.gnu-tools-for-stm32.10.3-2021.10.linux64_1.0.100.202210260954/tools/bin/../lib/gcc/arm-none-eabi/10.3.1/../../../../arm-none-eabi/lib/thumb/v8-m.main+fp/hard/libc_nano.a(lib_a-init.o)
 .ARM.attributes
                0x0000000000000490       0x38 /opt/st/stm32cubeide_1.11.0/plugins/com.st.stm32cube.ide.mcu.externaltools.gnu-tools-for-stm32.10.3-2021.10.linux64_1.0.100.202210260954/tools/bin/../lib/gcc/arm-none-eabi/10.3.1/../../../../arm-none-eabi/lib/thumb/v8-m.main+fp/hard/libc_nano.a(lib_a-memset.o)
 .ARM.attributes
                0x00000000000004c8       0x22 /opt/st/stm32cubeide_1.11.0/plugins/com.st.stm32cube.ide.mcu.externaltools.gnu-tools-for-stm32.10.3-2021.10.linux64_1.0.100.202210260954/tools/bin/../lib/gcc/arm-none-eabi/10.3.1/thumb/v8-m.main+fp/hard/libgcc.a(_aeabi_uldivmod.o)
 .ARM.attributes
                0x00000000000004ea       0x38 /opt/st/stm32cubeide_1.11.0/plugins/com.st.stm32cube.ide.mcu.externaltools.gnu-tools-for-stm32.10.3-2021.10.linux64_1.0.100.202210260954/tools/bin/../lib/gcc/arm-none-eabi/10.3.1/thumb/v8-m.main+fp/hard/libgcc.a(_udivmoddi4.o)
 .ARM.attributes
                0x0000000000000522       0x22 /opt/st/stm32cubeide_1.11.0/plugins/com.st.stm32cube.ide.mcu.externaltools.gnu-tools-for-stm32.10.3-2021.10.linux64_1.0.100.202210260954/tools/bin/../lib/gcc/arm-none-eabi/10.3.1/thumb/v8-m.main+fp/hard/libgcc.a(_dvmd_tls.o)
 .ARM.attributes
                0x0000000000000544       0x22 /opt/st/stm32cubeide_1.11.0/plugins/com.st.stm32cube.ide.mcu.externaltools.gnu-tools-for-stm32.10.3-2021.10.linux64_1.0.100.202210260954/tools/bin/../lib/gcc/arm-none-eabi/10.3.1/thumb/v8-m.main+fp/hard/crtn.o
OUTPUT(ZP3_PCB_Testing.elf elf32-littlearm)
LOAD linker stubs
LOAD /opt/st/stm32cubeide_1.11.0/plugins/com.st.stm32cube.ide.mcu.externaltools.gnu-tools-for-stm32.10.3-2021.10.linux64_1.0.100.202210260954/tools/bin/../lib/gcc/arm-none-eabi/10.3.1/../../../../arm-none-eabi/lib/thumb/v8-m.main+fp/hard/libc.a
LOAD /opt/st/stm32cubeide_1.11.0/plugins/com.st.stm32cube.ide.mcu.externaltools.gnu-tools-for-stm32.10.3-2021.10.linux64_1.0.100.202210260954/tools/bin/../lib/gcc/arm-none-eabi/10.3.1/../../../../arm-none-eabi/lib/thumb/v8-m.main+fp/hard/libm.a
LOAD /opt/st/stm32cubeide_1.11.0/plugins/com.st.stm32cube.ide.mcu.externaltools.gnu-tools-for-stm32.10.3-2021.10.linux64_1.0.100.202210260954/tools/bin/../lib/gcc/arm-none-eabi/10.3.1/thumb/v8-m.main+fp/hard/libgcc.a

.debug_info     0x0000000000000000    0x189e7
 .debug_info    0x0000000000000000     0x1f21 ./Core/Src/main.o
 .debug_info    0x0000000000001f21     0x1e17 ./Core/Src/stm32l5xx_hal_msp.o
 .debug_info    0x0000000000003d38      0x122 ./Core/Src/stm32l5xx_it.o
 .debug_info    0x0000000000003e5a      0x7fc ./Core/Src/system_stm32l5xx.o
 .debug_info    0x0000000000004656       0x22 ./Core/Startup/startup_stm32l562zetxq.o
 .debug_info    0x0000000000004678      0xd55 ./Drivers/STM32L5xx_HAL_Driver/Src/stm32l5xx_hal.o
 .debug_info    0x00000000000053cd     0x1189 ./Drivers/STM32L5xx_HAL_Driver/Src/stm32l5xx_hal_cortex.o
 .debug_info    0x0000000000006556      0x655 ./Drivers/STM32L5xx_HAL_Driver/Src/stm32l5xx_hal_gpio.o
 .debug_info    0x0000000000006bab     0x23b4 ./Drivers/STM32L5xx_HAL_Driver/Src/stm32l5xx_hal_i2c.o
 .debug_info    0x0000000000008f5f      0xc90 ./Drivers/STM32L5xx_HAL_Driver/Src/stm32l5xx_hal_i2c_ex.o
 .debug_info    0x0000000000009bef      0xdf9 ./Drivers/STM32L5xx_HAL_Driver/Src/stm32l5xx_hal_pwr_ex.o
 .debug_info    0x000000000000a9e8     0x1083 ./Drivers/STM32L5xx_HAL_Driver/Src/stm32l5xx_hal_rcc.o
 .debug_info    0x000000000000ba6b     0x121a ./Drivers/STM32L5xx_HAL_Driver/Src/stm32l5xx_hal_rcc_ex.o
 .debug_info    0x000000000000cc85     0x18c4 ./Drivers/STM32L5xx_HAL_Driver/Src/stm32l5xx_hal_spi.o
 .debug_info    0x000000000000e549     0x2e46 ./Drivers/STM32L5xx_HAL_Driver/Src/stm32l5xx_hal_tim.o
 .debug_info    0x000000000001138f     0x1a0e ./Drivers/STM32L5xx_HAL_Driver/Src/stm32l5xx_hal_tim_ex.o
 .debug_info    0x0000000000012d9d     0x4ba2 ./Drivers/STM32L5xx_HAL_Driver/Src/stm32l5xx_hal_uart.o
 .debug_info    0x000000000001793f     0x10a8 ./Drivers/STM32L5xx_HAL_Driver/Src/stm32l5xx_hal_uart_ex.o

.debug_abbrev   0x0000000000000000     0x27d3
 .debug_abbrev  0x0000000000000000      0x2e1 ./Core/Src/main.o
 .debug_abbrev  0x00000000000002e1      0x270 ./Core/Src/stm32l5xx_hal_msp.o
 .debug_abbrev  0x0000000000000551       0x74 ./Core/Src/stm32l5xx_it.o
 .debug_abbrev  0x00000000000005c5      0x127 ./Core/Src/system_stm32l5xx.o
 .debug_abbrev  0x00000000000006ec       0x12 ./Core/Startup/startup_stm32l562zetxq.o
 .debug_abbrev  0x00000000000006fe      0x2c3 ./Drivers/STM32L5xx_HAL_Driver/Src/stm32l5xx_hal.o
 .debug_abbrev  0x00000000000009c1      0x31d ./Drivers/STM32L5xx_HAL_Driver/Src/stm32l5xx_hal_cortex.o
 .debug_abbrev  0x0000000000000cde      0x1b2 ./Drivers/STM32L5xx_HAL_Driver/Src/stm32l5xx_hal_gpio.o
 .debug_abbrev  0x0000000000000e90      0x243 ./Drivers/STM32L5xx_HAL_Driver/Src/stm32l5xx_hal_i2c.o
 .debug_abbrev  0x00000000000010d3      0x1d0 ./Drivers/STM32L5xx_HAL_Driver/Src/stm32l5xx_hal_i2c_ex.o
 .debug_abbrev  0x00000000000012a3      0x283 ./Drivers/STM32L5xx_HAL_Driver/Src/stm32l5xx_hal_pwr_ex.o
 .debug_abbrev  0x0000000000001526      0x2ee ./Drivers/STM32L5xx_HAL_Driver/Src/stm32l5xx_hal_rcc.o
 .debug_abbrev  0x0000000000001814      0x2b9 ./Drivers/STM32L5xx_HAL_Driver/Src/stm32l5xx_hal_rcc_ex.o
 .debug_abbrev  0x0000000000001acd      0x254 ./Drivers/STM32L5xx_HAL_Driver/Src/stm32l5xx_hal_spi.o
 .debug_abbrev  0x0000000000001d21      0x264 ./Drivers/STM32L5xx_HAL_Driver/Src/stm32l5xx_hal_tim.o
 .debug_abbrev  0x0000000000001f85      0x281 ./Drivers/STM32L5xx_HAL_Driver/Src/stm32l5xx_hal_tim_ex.o
 .debug_abbrev  0x0000000000002206      0x310 ./Drivers/STM32L5xx_HAL_Driver/Src/stm32l5xx_hal_uart.o
 .debug_abbrev  0x0000000000002516      0x2bd ./Drivers/STM32L5xx_HAL_Driver/Src/stm32l5xx_hal_uart_ex.o

.debug_aranges  0x0000000000000000     0x1530
 .debug_aranges
                0x0000000000000000       0xb0 ./Core/Src/main.o
 .debug_aranges
                0x00000000000000b0       0x78 ./Core/Src/stm32l5xx_hal_msp.o
 .debug_aranges
                0x0000000000000128       0x60 ./Core/Src/stm32l5xx_it.o
 .debug_aranges
                0x0000000000000188       0x28 ./Core/Src/system_stm32l5xx.o
 .debug_aranges
                0x00000000000001b0       0x28 ./Core/Startup/startup_stm32l562zetxq.o
 .debug_aranges
                0x00000000000001d8      0x130 ./Drivers/STM32L5xx_HAL_Driver/Src/stm32l5xx_hal.o
 .debug_aranges
                0x0000000000000308      0x130 ./Drivers/STM32L5xx_HAL_Driver/Src/stm32l5xx_hal_cortex.o
 .debug_aranges
                0x0000000000000438       0x60 ./Drivers/STM32L5xx_HAL_Driver/Src/stm32l5xx_hal_gpio.o
 .debug_aranges
                0x0000000000000498      0x2a0 ./Drivers/STM32L5xx_HAL_Driver/Src/stm32l5xx_hal_i2c.o
 .debug_aranges
                0x0000000000000738       0x48 ./Drivers/STM32L5xx_HAL_Driver/Src/stm32l5xx_hal_i2c_ex.o
 .debug_aranges
                0x0000000000000780      0x1b8 ./Drivers/STM32L5xx_HAL_Driver/Src/stm32l5xx_hal_pwr_ex.o
 .debug_aranges
                0x0000000000000938       0xa8 ./Drivers/STM32L5xx_HAL_Driver/Src/stm32l5xx_hal_rcc.o
 .debug_aranges
                0x00000000000009e0      0x118 ./Drivers/STM32L5xx_HAL_Driver/Src/stm32l5xx_hal_rcc_ex.o
 .debug_aranges
                0x0000000000000af8      0x1d8 ./Drivers/STM32L5xx_HAL_Driver/Src/stm32l5xx_hal_spi.o
 .debug_aranges
                0x0000000000000cd0      0x3e0 ./Drivers/STM32L5xx_HAL_Driver/Src/stm32l5xx_hal_tim.o
 .debug_aranges
                0x00000000000010b0      0x190 ./Drivers/STM32L5xx_HAL_Driver/Src/stm32l5xx_hal_tim_ex.o
 .debug_aranges
                0x0000000000001240      0x248 ./Drivers/STM32L5xx_HAL_Driver/Src/stm32l5xx_hal_uart.o
 .debug_aranges
                0x0000000000001488       0xa8 ./Drivers/STM32L5xx_HAL_Driver/Src/stm32l5xx_hal_uart_ex.o

.debug_ranges   0x0000000000000000     0x1448
 .debug_ranges  0x0000000000000000       0xa0 ./Core/Src/main.o
 .debug_ranges  0x00000000000000a0       0x68 ./Core/Src/stm32l5xx_hal_msp.o
 .debug_ranges  0x0000000000000108       0x50 ./Core/Src/stm32l5xx_it.o
 .debug_ranges  0x0000000000000158       0x18 ./Core/Src/system_stm32l5xx.o
 .debug_ranges  0x0000000000000170       0x20 ./Core/Startup/startup_stm32l562zetxq.o
 .debug_ranges  0x0000000000000190      0x120 ./Drivers/STM32L5xx_HAL_Driver/Src/stm32l5xx_hal.o
 .debug_ranges  0x00000000000002b0      0x120 ./Drivers/STM32L5xx_HAL_Driver/Src/stm32l5xx_hal_cortex.o
 .debug_ranges  0x00000000000003d0       0x50 ./Drivers/STM32L5xx_HAL_Driver/Src/stm32l5xx_hal_gpio.o
 .debug_ranges  0x0000000000000420      0x290 ./Drivers/STM32L5xx_HAL_Driver/Src/stm32l5xx_hal_i2c.o
 .debug_ranges  0x00000000000006b0       0x38 ./Drivers/STM32L5xx_HAL_Driver/Src/stm32l5xx_hal_i2c_ex.o
 .debug_ranges  0x00000000000006e8      0x1a8 ./Drivers/STM32L5xx_HAL_Driver/Src/stm32l5xx_hal_pwr_ex.o
 .debug_ranges  0x0000000000000890       0x98 ./Drivers/STM32L5xx_HAL_Driver/Src/stm32l5xx_hal_rcc.o
 .debug_ranges  0x0000000000000928      0x108 ./Drivers/STM32L5xx_HAL_Driver/Src/stm32l5xx_hal_rcc_ex.o
 .debug_ranges  0x0000000000000a30      0x1c8 ./Drivers/STM32L5xx_HAL_Driver/Src/stm32l5xx_hal_spi.o
 .debug_ranges  0x0000000000000bf8      0x3d0 ./Drivers/STM32L5xx_HAL_Driver/Src/stm32l5xx_hal_tim.o
 .debug_ranges  0x0000000000000fc8      0x180 ./Drivers/STM32L5xx_HAL_Driver/Src/stm32l5xx_hal_tim_ex.o
 .debug_ranges  0x0000000000001148      0x268 ./Drivers/STM32L5xx_HAL_Driver/Src/stm32l5xx_hal_uart.o
 .debug_ranges  0x00000000000013b0       0x98 ./Drivers/STM32L5xx_HAL_Driver/Src/stm32l5xx_hal_uart_ex.o

.debug_macro    0x0000000000000000    0x29a4d
 .debug_macro   0x0000000000000000      0x20f ./Core/Src/main.o
 .debug_macro   0x000000000000020f      0xa7e ./Core/Src/main.o
 .debug_macro   0x0000000000000c8d      0x19c ./Core/Src/main.o
 .debug_macro   0x0000000000000e29       0x2e ./Core/Src/main.o
 .debug_macro   0x0000000000000e57       0x42 ./Core/Src/main.o
 .debug_macro   0x0000000000000e99       0x22 ./Core/Src/main.o
 .debug_macro   0x0000000000000ebb       0x8e ./Core/Src/main.o
 .debug_macro   0x0000000000000f49       0x51 ./Core/Src/main.o
 .debug_macro   0x0000000000000f9a      0x103 ./Core/Src/main.o
 .debug_macro   0x000000000000109d       0x6a ./Core/Src/main.o
 .debug_macro   0x0000000000001107      0x1df ./Core/Src/main.o
 .debug_macro   0x00000000000012e6       0x1c ./Core/Src/main.o
 .debug_macro   0x0000000000001302       0x29 ./Core/Src/main.o
 .debug_macro   0x000000000000132b       0xfb ./Core/Src/main.o
 .debug_macro   0x0000000000001426     0x1336 ./Core/Src/main.o
 .debug_macro   0x000000000000275c       0x5e ./Core/Src/main.o
 .debug_macro   0x00000000000027ba    0x1bca6 ./Core/Src/main.o
 .debug_macro   0x000000000001e460       0x6c ./Core/Src/main.o
 .debug_macro   0x000000000001e4cc     0x3535 ./Core/Src/main.o
 .debug_macro   0x0000000000021a01      0x174 ./Core/Src/main.o
 .debug_macro   0x0000000000021b75       0x5c ./Core/Src/main.o
 .debug_macro   0x0000000000021bd1     0x19cd ./Core/Src/main.o
 .debug_macro   0x000000000002359e      0xa52 ./Core/Src/main.o
 .debug_macro   0x0000000000023ff0      0x1cf ./Core/Src/main.o
 .debug_macro   0x00000000000241bf      0x1d8 ./Core/Src/main.o
 .debug_macro   0x0000000000024397      0x4e1 ./Core/Src/main.o
 .debug_macro   0x0000000000024878      0x1ab ./Core/Src/main.o
 .debug_macro   0x0000000000024a23       0x4a ./Core/Src/main.o
 .debug_macro   0x0000000000024a6d      0x1b9 ./Core/Src/main.o
 .debug_macro   0x0000000000024c26      0x230 ./Core/Src/main.o
 .debug_macro   0x0000000000024e56      0x3bb ./Core/Src/main.o
 .debug_macro   0x0000000000025211       0x36 ./Core/Src/main.o
 .debug_macro   0x0000000000025247      0x11c ./Core/Src/main.o
 .debug_macro   0x0000000000025363      0x22c ./Core/Src/main.o
 .debug_macro   0x000000000002558f       0x5b ./Core/Src/main.o
 .debug_macro   0x00000000000255ea       0xa5 ./Core/Src/main.o
 .debug_macro   0x000000000002568f       0xc8 ./Core/Src/main.o
 .debug_macro   0x0000000000025757      0x199 ./Core/Src/main.o
 .debug_macro   0x00000000000258f0      0x487 ./Core/Src/main.o
 .debug_macro   0x0000000000025d77      0x2fe ./Core/Src/main.o
 .debug_macro   0x0000000000026075      0xab4 ./Core/Src/main.o
 .debug_macro   0x0000000000026b29      0x184 ./Core/Src/main.o
 .debug_macro   0x0000000000026cad      0x693 ./Core/Src/main.o
 .debug_macro   0x0000000000027340       0xa6 ./Core/Src/main.o
 .debug_macro   0x00000000000273e6      0x3f1 ./Core/Src/main.o
 .debug_macro   0x00000000000277d7      0x20f ./Core/Src/stm32l5xx_hal_msp.o
 .debug_macro   0x00000000000279e6      0x219 ./Core/Src/stm32l5xx_it.o
 .debug_macro   0x0000000000027bff      0x205 ./Core/Src/system_stm32l5xx.o
 .debug_macro   0x0000000000027e04      0x235 ./Drivers/STM32L5xx_HAL_Driver/Src/stm32l5xx_hal.o
 .debug_macro   0x0000000000028039      0x205 ./Drivers/STM32L5xx_HAL_Driver/Src/stm32l5xx_hal_cortex.o
 .debug_macro   0x000000000002823e      0x20b ./Drivers/STM32L5xx_HAL_Driver/Src/stm32l5xx_hal_gpio.o
 .debug_macro   0x0000000000028449      0x2d1 ./Drivers/STM32L5xx_HAL_Driver/Src/stm32l5xx_hal_i2c.o
 .debug_macro   0x000000000002871a      0x205 ./Drivers/STM32L5xx_HAL_Driver/Src/stm32l5xx_hal_i2c_ex.o
 .debug_macro   0x000000000002891f      0x235 ./Drivers/STM32L5xx_HAL_Driver/Src/stm32l5xx_hal_pwr_ex.o
 .debug_macro   0x0000000000028b54      0x22f ./Drivers/STM32L5xx_HAL_Driver/Src/stm32l5xx_hal_rcc.o
 .debug_macro   0x0000000000028d83      0x26b ./Drivers/STM32L5xx_HAL_Driver/Src/stm32l5xx_hal_rcc_ex.o
 .debug_macro   0x0000000000028fee      0x20d ./Drivers/STM32L5xx_HAL_Driver/Src/stm32l5xx_hal_spi.o
 .debug_macro   0x00000000000291fb      0x206 ./Drivers/STM32L5xx_HAL_Driver/Src/stm32l5xx_hal_tim.o
 .debug_macro   0x0000000000029401      0x20b ./Drivers/STM32L5xx_HAL_Driver/Src/stm32l5xx_hal_tim_ex.o
 .debug_macro   0x000000000002960c      0x230 ./Drivers/STM32L5xx_HAL_Driver/Src/stm32l5xx_hal_uart.o
 .debug_macro   0x000000000002983c      0x211 ./Drivers/STM32L5xx_HAL_Driver/Src/stm32l5xx_hal_uart_ex.o

.debug_line     0x0000000000000000    0x18eeb
 .debug_line    0x0000000000000000      0xdbf ./Core/Src/main.o
 .debug_line    0x0000000000000dbf      0xb9a ./Core/Src/stm32l5xx_hal_msp.o
 .debug_line    0x0000000000001959      0x7fa ./Core/Src/stm32l5xx_it.o
 .debug_line    0x0000000000002153      0x7cf ./Core/Src/system_stm32l5xx.o
 .debug_line    0x0000000000002922       0x88 ./Core/Startup/startup_stm32l562zetxq.o
 .debug_line    0x00000000000029aa      0xb42 ./Drivers/STM32L5xx_HAL_Driver/Src/stm32l5xx_hal.o
 .debug_line    0x00000000000034ec      0xd3a ./Drivers/STM32L5xx_HAL_Driver/Src/stm32l5xx_hal_cortex.o
 .debug_line    0x0000000000004226      0xb87 ./Drivers/STM32L5xx_HAL_Driver/Src/stm32l5xx_hal_gpio.o
 .debug_line    0x0000000000004dad     0x3790 ./Drivers/STM32L5xx_HAL_Driver/Src/stm32l5xx_hal_i2c.o
 .debug_line    0x000000000000853d      0x955 ./Drivers/STM32L5xx_HAL_Driver/Src/stm32l5xx_hal_i2c_ex.o
 .debug_line    0x0000000000008e92      0xef6 ./Drivers/STM32L5xx_HAL_Driver/Src/stm32l5xx_hal_pwr_ex.o
 .debug_line    0x0000000000009d88     0x1282 ./Drivers/STM32L5xx_HAL_Driver/Src/stm32l5xx_hal_rcc.o
 .debug_line    0x000000000000b00a     0x1b9a ./Drivers/STM32L5xx_HAL_Driver/Src/stm32l5xx_hal_rcc_ex.o
 .debug_line    0x000000000000cba4     0x1f61 ./Drivers/STM32L5xx_HAL_Driver/Src/stm32l5xx_hal_spi.o
 .debug_line    0x000000000000eb05     0x3d91 ./Drivers/STM32L5xx_HAL_Driver/Src/stm32l5xx_hal_tim.o
 .debug_line    0x0000000000012896     0x1d35 ./Drivers/STM32L5xx_HAL_Driver/Src/stm32l5xx_hal_tim_ex.o
 .debug_line    0x00000000000145cb     0x3b9d ./Drivers/STM32L5xx_HAL_Driver/Src/stm32l5xx_hal_uart.o
 .debug_line    0x0000000000018168      0xd83 ./Drivers/STM32L5xx_HAL_Driver/Src/stm32l5xx_hal_uart_ex.o

.debug_str      0x0000000000000000   0x10dc26
 .debug_str     0x0000000000000000   0x107e21 ./Core/Src/main.o
                                     0x1082a7 (size before relaxing)
 .debug_str     0x0000000000107e21      0x3f6 ./Core/Src/stm32l5xx_hal_msp.o
                                     0x10807e (size before relaxing)
 .debug_str     0x0000000000108217       0xc9 ./Core/Src/stm32l5xx_it.o
                                     0x106d76 (size before relaxing)
 .debug_str     0x00000000001082e0      0x182 ./Core/Src/system_stm32l5xx.o
                                     0x107012 (size before relaxing)
 .debug_str     0x0000000000108462       0x37 ./Core/Startup/startup_stm32l562zetxq.o
                                         0x76 (size before relaxing)
 .debug_str     0x0000000000108499      0xbb5 ./Drivers/STM32L5xx_HAL_Driver/Src/stm32l5xx_hal.o
                                     0x107ba8 (size before relaxing)
 .debug_str     0x000000000010904e      0x3b9 ./Drivers/STM32L5xx_HAL_Driver/Src/stm32l5xx_hal_cortex.o
                                     0x1079af (size before relaxing)
 .debug_str     0x0000000000109407      0x190 ./Drivers/STM32L5xx_HAL_Driver/Src/stm32l5xx_hal_gpio.o
                                     0x106f9b (size before relaxing)
 .debug_str     0x0000000000109597      0xddf ./Drivers/STM32L5xx_HAL_Driver/Src/stm32l5xx_hal_i2c.o
                                     0x108234 (size before relaxing)
 .debug_str     0x000000000010a376       0xb8 ./Drivers/STM32L5xx_HAL_Driver/Src/stm32l5xx_hal_i2c_ex.o
                                     0x1075ff (size before relaxing)
 .debug_str     0x000000000010a42e      0x72e ./Drivers/STM32L5xx_HAL_Driver/Src/stm32l5xx_hal_pwr_ex.o
                                     0x107777 (size before relaxing)
 .debug_str     0x000000000010ab5c      0x3ef ./Drivers/STM32L5xx_HAL_Driver/Src/stm32l5xx_hal_rcc.o
                                     0x10762c (size before relaxing)
 .debug_str     0x000000000010af4b      0x7cc ./Drivers/STM32L5xx_HAL_Driver/Src/stm32l5xx_hal_rcc_ex.o
                                     0x107b82 (size before relaxing)
 .debug_str     0x000000000010b717      0x574 ./Drivers/STM32L5xx_HAL_Driver/Src/stm32l5xx_hal_spi.o
                                     0x107851 (size before relaxing)
 .debug_str     0x000000000010bc8b      0xe24 ./Drivers/STM32L5xx_HAL_Driver/Src/stm32l5xx_hal_tim.o
                                     0x108360 (size before relaxing)
 .debug_str     0x000000000010caaf      0x55f ./Drivers/STM32L5xx_HAL_Driver/Src/stm32l5xx_hal_tim_ex.o
                                     0x107d09 (size before relaxing)
 .debug_str     0x000000000010d00e      0x9b4 ./Drivers/STM32L5xx_HAL_Driver/Src/stm32l5xx_hal_uart.o
                                     0x107f52 (size before relaxing)
 .debug_str     0x000000000010d9c2      0x264 ./Drivers/STM32L5xx_HAL_Driver/Src/stm32l5xx_hal_uart_ex.o
                                     0x1076e0 (size before relaxing)

.comment        0x0000000000000000       0x50
 .comment       0x0000000000000000       0x50 ./Core/Src/main.o
                                         0x51 (size before relaxing)
 .comment       0x0000000000000050       0x51 ./Core/Src/stm32l5xx_hal_msp.o
 .comment       0x0000000000000050       0x51 ./Core/Src/stm32l5xx_it.o
 .comment       0x0000000000000050       0x51 ./Core/Src/system_stm32l5xx.o
 .comment       0x0000000000000050       0x51 ./Drivers/STM32L5xx_HAL_Driver/Src/stm32l5xx_hal.o
 .comment       0x0000000000000050       0x51 ./Drivers/STM32L5xx_HAL_Driver/Src/stm32l5xx_hal_cortex.o
 .comment       0x0000000000000050       0x51 ./Drivers/STM32L5xx_HAL_Driver/Src/stm32l5xx_hal_gpio.o
 .comment       0x0000000000000050       0x51 ./Drivers/STM32L5xx_HAL_Driver/Src/stm32l5xx_hal_i2c.o
 .comment       0x0000000000000050       0x51 ./Drivers/STM32L5xx_HAL_Driver/Src/stm32l5xx_hal_i2c_ex.o
 .comment       0x0000000000000050       0x51 ./Drivers/STM32L5xx_HAL_Driver/Src/stm32l5xx_hal_pwr_ex.o
 .comment       0x0000000000000050       0x51 ./Drivers/STM32L5xx_HAL_Driver/Src/stm32l5xx_hal_rcc.o
 .comment       0x0000000000000050       0x51 ./Drivers/STM32L5xx_HAL_Driver/Src/stm32l5xx_hal_rcc_ex.o
 .comment       0x0000000000000050       0x51 ./Drivers/STM32L5xx_HAL_Driver/Src/stm32l5xx_hal_spi.o
 .comment       0x0000000000000050       0x51 ./Drivers/STM32L5xx_HAL_Driver/Src/stm32l5xx_hal_tim.o
 .comment       0x0000000000000050       0x51 ./Drivers/STM32L5xx_HAL_Driver/Src/stm32l5xx_hal_tim_ex.o
 .comment       0x0000000000000050       0x51 ./Drivers/STM32L5xx_HAL_Driver/Src/stm32l5xx_hal_uart.o
 .comment       0x0000000000000050       0x51 ./Drivers/STM32L5xx_HAL_Driver/Src/stm32l5xx_hal_uart_ex.o

.debug_frame    0x0000000000000000     0x5b84
 .debug_frame   0x0000000000000000      0x258 ./Core/Src/main.o
 .debug_frame   0x0000000000000258      0x1dc ./Core/Src/stm32l5xx_hal_msp.o
 .debug_frame   0x0000000000000434      0x104 ./Core/Src/stm32l5xx_it.o
 .debug_frame   0x0000000000000538       0x58 ./Core/Src/system_stm32l5xx.o
 .debug_frame   0x0000000000000590      0x4a4 ./Drivers/STM32L5xx_HAL_Driver/Src/stm32l5xx_hal.o
 .debug_frame   0x0000000000000a34      0x508 ./Drivers/STM32L5xx_HAL_Driver/Src/stm32l5xx_hal_cortex.o
 .debug_frame   0x0000000000000f3c      0x174 ./Drivers/STM32L5xx_HAL_Driver/Src/stm32l5xx_hal_gpio.o
 .debug_frame   0x00000000000010b0      0xc38 ./Drivers/STM32L5xx_HAL_Driver/Src/stm32l5xx_hal_i2c.o
 .debug_frame   0x0000000000001ce8      0x100 ./Drivers/STM32L5xx_HAL_Driver/Src/stm32l5xx_hal_i2c_ex.o
 .debug_frame   0x0000000000001de8      0x6fc ./Drivers/STM32L5xx_HAL_Driver/Src/stm32l5xx_hal_pwr_ex.o
 .debug_frame   0x00000000000024e4      0x298 ./Drivers/STM32L5xx_HAL_Driver/Src/stm32l5xx_hal_rcc.o
 .debug_frame   0x000000000000277c      0x48c ./Drivers/STM32L5xx_HAL_Driver/Src/stm32l5xx_hal_rcc_ex.o
 .debug_frame   0x0000000000002c08      0x860 ./Drivers/STM32L5xx_HAL_Driver/Src/stm32l5xx_hal_spi.o
 .debug_frame   0x0000000000003468     0x121c ./Drivers/STM32L5xx_HAL_Driver/Src/stm32l5xx_hal_tim.o
 .debug_frame   0x0000000000004684      0x6fc ./Drivers/STM32L5xx_HAL_Driver/Src/stm32l5xx_hal_tim_ex.o
 .debug_frame   0x0000000000004d80      0xa94 ./Drivers/STM32L5xx_HAL_Driver/Src/stm32l5xx_hal_uart.o
 .debug_frame   0x0000000000005814      0x2c0 ./Drivers/STM32L5xx_HAL_Driver/Src/stm32l5xx_hal_uart_ex.o
 .debug_frame   0x0000000000005ad4       0x2c /opt/st/stm32cubeide_1.11.0/plugins/com.st.stm32cube.ide.mcu.externaltools.gnu-tools-for-stm32.10.3-2021.10.linux64_1.0.100.202210260954/tools/bin/../lib/gcc/arm-none-eabi/10.3.1/../../../../arm-none-eabi/lib/thumb/v8-m.main+fp/hard/libc_nano.a(lib_a-init.o)
 .debug_frame   0x0000000000005b00       0x20 /opt/st/stm32cubeide_1.11.0/plugins/com.st.stm32cube.ide.mcu.externaltools.gnu-tools-for-stm32.10.3-2021.10.linux64_1.0.100.202210260954/tools/bin/../lib/gcc/arm-none-eabi/10.3.1/../../../../arm-none-eabi/lib/thumb/v8-m.main+fp/hard/libc_nano.a(lib_a-memset.o)
 .debug_frame   0x0000000000005b20       0x2c /opt/st/stm32cubeide_1.11.0/plugins/com.st.stm32cube.ide.mcu.externaltools.gnu-tools-for-stm32.10.3-2021.10.linux64_1.0.100.202210260954/tools/bin/../lib/gcc/arm-none-eabi/10.3.1/thumb/v8-m.main+fp/hard/libgcc.a(_aeabi_uldivmod.o)
 .debug_frame   0x0000000000005b4c       0x38 /opt/st/stm32cubeide_1.11.0/plugins/com.st.stm32cube.ide.mcu.externaltools.gnu-tools-for-stm32.10.3-2021.10.linux64_1.0.100.202210260954/tools/bin/../lib/gcc/arm-none-eabi/10.3.1/thumb/v8-m.main+fp/hard/libgcc.a(_udivmoddi4.o)
