Archive member included to satisfy reference by file (symbol)

/home/stanley/st/stm32cubeide_1.11.2/plugins/com.st.stm32cube.ide.mcu.externaltools.gnu-tools-for-stm32.10.3-2021.10.linux64_1.0.100.202210260954/tools/bin/../lib/gcc/arm-none-eabi/10.3.1/../../../../arm-none-eabi/lib/thumb/v8-m.main+fp/hard/libc_nano.a(lib_a-errno.o)
                              ./Core/Src/syscalls.o (__errno)
/home/stanley/st/stm32cubeide_1.11.2/plugins/com.st.stm32cube.ide.mcu.externaltools.gnu-tools-for-stm32.10.3-2021.10.linux64_1.0.100.202210260954/tools/bin/../lib/gcc/arm-none-eabi/10.3.1/../../../../arm-none-eabi/lib/thumb/v8-m.main+fp/hard/libc_nano.a(lib_a-exit.o)
                              /home/stanley/st/stm32cubeide_1.11.2/plugins/com.st.stm32cube.ide.mcu.externaltools.gnu-tools-for-stm32.10.3-2021.10.linux64_1.0.100.202210260954/tools/bin/../lib/gcc/arm-none-eabi/10.3.1/../../../../arm-none-eabi/lib/thumb/v8-m.main+fp/hard/crt0.o (exit)
/home/stanley/st/stm32cubeide_1.11.2/plugins/com.st.stm32cube.ide.mcu.externaltools.gnu-tools-for-stm32.10.3-2021.10.linux64_1.0.100.202210260954/tools/bin/../lib/gcc/arm-none-eabi/10.3.1/../../../../arm-none-eabi/lib/thumb/v8-m.main+fp/hard/libc_nano.a(lib_a-impure.o)
                              /home/stanley/st/stm32cubeide_1.11.2/plugins/com.st.stm32cube.ide.mcu.externaltools.gnu-tools-for-stm32.10.3-2021.10.linux64_1.0.100.202210260954/tools/bin/../lib/gcc/arm-none-eabi/10.3.1/../../../../arm-none-eabi/lib/thumb/v8-m.main+fp/hard/libc_nano.a(lib_a-exit.o) (_global_impure_ptr)
/home/stanley/st/stm32cubeide_1.11.2/plugins/com.st.stm32cube.ide.mcu.externaltools.gnu-tools-for-stm32.10.3-2021.10.linux64_1.0.100.202210260954/tools/bin/../lib/gcc/arm-none-eabi/10.3.1/../../../../arm-none-eabi/lib/thumb/v8-m.main+fp/hard/libc_nano.a(lib_a-init.o)
                              /home/stanley/st/stm32cubeide_1.11.2/plugins/com.st.stm32cube.ide.mcu.externaltools.gnu-tools-for-stm32.10.3-2021.10.linux64_1.0.100.202210260954/tools/bin/../lib/gcc/arm-none-eabi/10.3.1/../../../../arm-none-eabi/lib/thumb/v8-m.main+fp/hard/crt0.o (__libc_init_array)
/home/stanley/st/stm32cubeide_1.11.2/plugins/com.st.stm32cube.ide.mcu.externaltools.gnu-tools-for-stm32.10.3-2021.10.linux64_1.0.100.202210260954/tools/bin/../lib/gcc/arm-none-eabi/10.3.1/../../../../arm-none-eabi/lib/thumb/v8-m.main+fp/hard/libc_nano.a(lib_a-memcpy-stub.o)
                              ./Core/Src/CircularBuffer.o (memcpy)
/home/stanley/st/stm32cubeide_1.11.2/plugins/com.st.stm32cube.ide.mcu.externaltools.gnu-tools-for-stm32.10.3-2021.10.linux64_1.0.100.202210260954/tools/bin/../lib/gcc/arm-none-eabi/10.3.1/../../../../arm-none-eabi/lib/thumb/v8-m.main+fp/hard/libc_nano.a(lib_a-memset.o)
                              /home/stanley/st/stm32cubeide_1.11.2/plugins/com.st.stm32cube.ide.mcu.externaltools.gnu-tools-for-stm32.10.3-2021.10.linux64_1.0.100.202210260954/tools/bin/../lib/gcc/arm-none-eabi/10.3.1/../../../../arm-none-eabi/lib/thumb/v8-m.main+fp/hard/crt0.o (memset)
/home/stanley/st/stm32cubeide_1.11.2/plugins/com.st.stm32cube.ide.mcu.externaltools.gnu-tools-for-stm32.10.3-2021.10.linux64_1.0.100.202210260954/tools/bin/../lib/gcc/arm-none-eabi/10.3.1/../../../../arm-none-eabi/lib/thumb/v8-m.main+fp/hard/libc_nano.a(lib_a-strlen.o)
                              ./Core/Src/main.o (strlen)
/home/stanley/st/stm32cubeide_1.11.2/plugins/com.st.stm32cube.ide.mcu.externaltools.gnu-tools-for-stm32.10.3-2021.10.linux64_1.0.100.202210260954/tools/bin/../lib/gcc/arm-none-eabi/10.3.1/thumb/v8-m.main+fp/hard/libgcc.a(_aeabi_uldivmod.o)
                              ./Drivers/STM32L5xx_HAL_Driver/Src/stm32l5xx_hal_uart.o (__aeabi_uldivmod)
/home/stanley/st/stm32cubeide_1.11.2/plugins/com.st.stm32cube.ide.mcu.externaltools.gnu-tools-for-stm32.10.3-2021.10.linux64_1.0.100.202210260954/tools/bin/../lib/gcc/arm-none-eabi/10.3.1/thumb/v8-m.main+fp/hard/libgcc.a(_udivmoddi4.o)
                              /home/stanley/st/stm32cubeide_1.11.2/plugins/com.st.stm32cube.ide.mcu.externaltools.gnu-tools-for-stm32.10.3-2021.10.linux64_1.0.100.202210260954/tools/bin/../lib/gcc/arm-none-eabi/10.3.1/thumb/v8-m.main+fp/hard/libgcc.a(_aeabi_uldivmod.o) (__udivmoddi4)
/home/stanley/st/stm32cubeide_1.11.2/plugins/com.st.stm32cube.ide.mcu.externaltools.gnu-tools-for-stm32.10.3-2021.10.linux64_1.0.100.202210260954/tools/bin/../lib/gcc/arm-none-eabi/10.3.1/thumb/v8-m.main+fp/hard/libgcc.a(_dvmd_tls.o)
                              /home/stanley/st/stm32cubeide_1.11.2/plugins/com.st.stm32cube.ide.mcu.externaltools.gnu-tools-for-stm32.10.3-2021.10.linux64_1.0.100.202210260954/tools/bin/../lib/gcc/arm-none-eabi/10.3.1/thumb/v8-m.main+fp/hard/libgcc.a(_aeabi_uldivmod.o) (__aeabi_ldiv0)

Discarded input sections

[...]
Memory Configuration

Name             Origin             Length             Attributes
RAM              0x0000000020000000 0x0000000000030000 xrw
RAM2             0x0000000020030000 0x0000000000010000 xrw
FLASH            0x0000000008000000 0x0000000000080000 xr
*default*        0x0000000000000000 0xffffffffffffffff

Linker script and memory map

LOAD /home/stanley/st/stm32cubeide_1.11.2/plugins/com.st.stm32cube.ide.mcu.externaltools.gnu-tools-for-stm32.10.3-2021.10.linux64_1.0.100.202210260954/tools/bin/../lib/gcc/arm-none-eabi/10.3.1/thumb/v8-m.main+fp/hard/crti.o
LOAD /home/stanley/st/stm32cubeide_1.11.2/plugins/com.st.stm32cube.ide.mcu.externaltools.gnu-tools-for-stm32.10.3-2021.10.linux64_1.0.100.202210260954/tools/bin/../lib/gcc/arm-none-eabi/10.3.1/thumb/v8-m.main+fp/hard/crtbegin.o
LOAD /home/stanley/st/stm32cubeide_1.11.2/plugins/com.st.stm32cube.ide.mcu.externaltools.gnu-tools-for-stm32.10.3-2021.10.linux64_1.0.100.202210260954/tools/bin/../lib/gcc/arm-none-eabi/10.3.1/../../../../arm-none-eabi/lib/thumb/v8-m.main+fp/hard/crt0.o
LOAD ./Core/Src/CircularBuffer.o
LOAD ./Core/Src/LOS_D_UART.o
LOAD ./Core/Src/adc.o
LOAD ./Core/Src/gpio.o
LOAD ./Core/Src/main.o
LOAD ./Core/Src/rtc.o
LOAD ./Core/Src/stm32l5xx_hal_msp.o
LOAD ./Core/Src/stm32l5xx_it.o
LOAD ./Core/Src/syscalls.o
LOAD ./Core/Src/sysmem.o
LOAD ./Core/Src/system_stm32l5xx.o
LOAD ./Core/Src/ucpd.o
LOAD ./Core/Src/usart.o
LOAD ./Core/Src/usb.o
LOAD ./Core/Startup/startup_stm32l552zetxq.o
LOAD ./Drivers/STM32L5xx_HAL_Driver/Src/stm32l5xx_hal.o
LOAD ./Drivers/STM32L5xx_HAL_Driver/Src/stm32l5xx_hal_adc.o
LOAD ./Drivers/STM32L5xx_HAL_Driver/Src/stm32l5xx_hal_adc_ex.o
LOAD ./Drivers/STM32L5xx_HAL_Driver/Src/stm32l5xx_hal_cortex.o
LOAD ./Drivers/STM32L5xx_HAL_Driver/Src/stm32l5xx_hal_dma.o
LOAD ./Drivers/STM32L5xx_HAL_Driver/Src/stm32l5xx_hal_dma_ex.o
LOAD ./Drivers/STM32L5xx_HAL_Driver/Src/stm32l5xx_hal_exti.o
LOAD ./Drivers/STM32L5xx_HAL_Driver/Src/stm32l5xx_hal_flash.o
LOAD ./Drivers/STM32L5xx_HAL_Driver/Src/stm32l5xx_hal_flash_ex.o
LOAD ./Drivers/STM32L5xx_HAL_Driver/Src/stm32l5xx_hal_flash_ramfunc.o
LOAD ./Drivers/STM32L5xx_HAL_Driver/Src/stm32l5xx_hal_gpio.o
LOAD ./Drivers/STM32L5xx_HAL_Driver/Src/stm32l5xx_hal_i2c.o
LOAD ./Drivers/STM32L5xx_HAL_Driver/Src/stm32l5xx_hal_i2c_ex.o
LOAD ./Drivers/STM32L5xx_HAL_Driver/Src/stm32l5xx_hal_icache.o
LOAD ./Drivers/STM32L5xx_HAL_Driver/Src/stm32l5xx_hal_pcd.o
LOAD ./Drivers/STM32L5xx_HAL_Driver/Src/stm32l5xx_hal_pcd_ex.o
LOAD ./Drivers/STM32L5xx_HAL_Driver/Src/stm32l5xx_hal_pwr.o
LOAD ./Drivers/STM32L5xx_HAL_Driver/Src/stm32l5xx_hal_pwr_ex.o
LOAD ./Drivers/STM32L5xx_HAL_Driver/Src/stm32l5xx_hal_rcc.o
LOAD ./Drivers/STM32L5xx_HAL_Driver/Src/stm32l5xx_hal_rcc_ex.o
LOAD ./Drivers/STM32L5xx_HAL_Driver/Src/stm32l5xx_hal_rtc.o
LOAD ./Drivers/STM32L5xx_HAL_Driver/Src/stm32l5xx_hal_rtc_ex.o
LOAD ./Drivers/STM32L5xx_HAL_Driver/Src/stm32l5xx_hal_tim.o
LOAD ./Drivers/STM32L5xx_HAL_Driver/Src/stm32l5xx_hal_tim_ex.o
LOAD ./Drivers/STM32L5xx_HAL_Driver/Src/stm32l5xx_hal_uart.o
LOAD ./Drivers/STM32L5xx_HAL_Driver/Src/stm32l5xx_hal_uart_ex.o
LOAD ./Drivers/STM32L5xx_HAL_Driver/Src/stm32l5xx_ll_dma.o
LOAD ./Drivers/STM32L5xx_HAL_Driver/Src/stm32l5xx_ll_exti.o
LOAD ./Drivers/STM32L5xx_HAL_Driver/Src/stm32l5xx_ll_gpio.o
LOAD ./Drivers/STM32L5xx_HAL_Driver/Src/stm32l5xx_ll_ucpd.o
LOAD ./Drivers/STM32L5xx_HAL_Driver/Src/stm32l5xx_ll_usb.o
LOAD ./Drivers/STM32L5xx_HAL_Driver/Src/stm32l5xx_ll_utils.o
START GROUP
LOAD /home/stanley/st/stm32cubeide_1.11.2/plugins/com.st.stm32cube.ide.mcu.externaltools.gnu-tools-for-stm32.10.3-2021.10.linux64_1.0.100.202210260954/tools/bin/../lib/gcc/arm-none-eabi/10.3.1/../../../../arm-none-eabi/lib/thumb/v8-m.main+fp/hard/libstdc++_nano.a
LOAD /home/stanley/st/stm32cubeide_1.11.2/plugins/com.st.stm32cube.ide.mcu.externaltools.gnu-tools-for-stm32.10.3-2021.10.linux64_1.0.100.202210260954/tools/bin/../lib/gcc/arm-none-eabi/10.3.1/../../../../arm-none-eabi/lib/thumb/v8-m.main+fp/hard/libsupc++_nano.a
END GROUP
LOAD /home/stanley/st/stm32cubeide_1.11.2/plugins/com.st.stm32cube.ide.mcu.externaltools.gnu-tools-for-stm32.10.3-2021.10.linux64_1.0.100.202210260954/tools/bin/../lib/gcc/arm-none-eabi/10.3.1/../../../../arm-none-eabi/lib/thumb/v8-m.main+fp/hard/libstdc++_nano.a
LOAD /home/stanley/st/stm32cubeide_1.11.2/plugins/com.st.stm32cube.ide.mcu.externaltools.gnu-tools-for-stm32.10.3-2021.10.linux64_1.0.100.202210260954/tools/bin/../lib/gcc/arm-none-eabi/10.3.1/../../../../arm-none-eabi/lib/thumb/v8-m.main+fp/hard/libm.a
LOAD /home/stanley/st/stm32cubeide_1.11.2/plugins/com.st.stm32cube.ide.mcu.externaltools.gnu-tools-for-stm32.10.3-2021.10.linux64_1.0.100.202210260954/tools/bin/../lib/gcc/arm-none-eabi/10.3.1/../../../../arm-none-eabi/lib/thumb/v8-m.main+fp/hard/libc_nano.a
START GROUP
LOAD /home/stanley/st/stm32cubeide_1.11.2/plugins/com.st.stm32cube.ide.mcu.externaltools.gnu-tools-for-stm32.10.3-2021.10.linux64_1.0.100.202210260954/tools/bin/../lib/gcc/arm-none-eabi/10.3.1/thumb/v8-m.main+fp/hard/libgcc.a
LOAD /home/stanley/st/stm32cubeide_1.11.2/plugins/com.st.stm32cube.ide.mcu.externaltools.gnu-tools-for-stm32.10.3-2021.10.linux64_1.0.100.202210260954/tools/bin/../lib/gcc/arm-none-eabi/10.3.1/../../../../arm-none-eabi/lib/thumb/v8-m.main+fp/hard/libc_nano.a
END GROUP
START GROUP
LOAD /home/stanley/st/stm32cubeide_1.11.2/plugins/com.st.stm32cube.ide.mcu.externaltools.gnu-tools-for-stm32.10.3-2021.10.linux64_1.0.100.202210260954/tools/bin/../lib/gcc/arm-none-eabi/10.3.1/thumb/v8-m.main+fp/hard/libgcc.a
LOAD /home/stanley/st/stm32cubeide_1.11.2/plugins/com.st.stm32cube.ide.mcu.externaltools.gnu-tools-for-stm32.10.3-2021.10.linux64_1.0.100.202210260954/tools/bin/../lib/gcc/arm-none-eabi/10.3.1/../../../../arm-none-eabi/lib/thumb/v8-m.main+fp/hard/libc_nano.a
LOAD /home/stanley/st/stm32cubeide_1.11.2/plugins/com.st.stm32cube.ide.mcu.externaltools.gnu-tools-for-stm32.10.3-2021.10.linux64_1.0.100.202210260954/tools/bin/../lib/gcc/arm-none-eabi/10.3.1/../../../../arm-none-eabi/lib/thumb/v8-m.main+fp/hard/libnosys.a
END GROUP
START GROUP
LOAD /home/stanley/st/stm32cubeide_1.11.2/plugins/com.st.stm32cube.ide.mcu.externaltools.gnu-tools-for-stm32.10.3-2021.10.linux64_1.0.100.202210260954/tools/bin/../lib/gcc/arm-none-eabi/10.3.1/thumb/v8-m.main+fp/hard/libgcc.a
LOAD /home/stanley/st/stm32cubeide_1.11.2/plugins/com.st.stm32cube.ide.mcu.externaltools.gnu-tools-for-stm32.10.3-2021.10.linux64_1.0.100.202210260954/tools/bin/../lib/gcc/arm-none-eabi/10.3.1/../../../../arm-none-eabi/lib/thumb/v8-m.main+fp/hard/libc_nano.a
LOAD /home/stanley/st/stm32cubeide_1.11.2/plugins/com.st.stm32cube.ide.mcu.externaltools.gnu-tools-for-stm32.10.3-2021.10.linux64_1.0.100.202210260954/tools/bin/../lib/gcc/arm-none-eabi/10.3.1/../../../../arm-none-eabi/lib/thumb/v8-m.main+fp/hard/libnosys.a
END GROUP
LOAD /home/stanley/st/stm32cubeide_1.11.2/plugins/com.st.stm32cube.ide.mcu.externaltools.gnu-tools-for-stm32.10.3-2021.10.linux64_1.0.100.202210260954/tools/bin/../lib/gcc/arm-none-eabi/10.3.1/thumb/v8-m.main+fp/hard/crtend.o
LOAD /home/stanley/st/stm32cubeide_1.11.2/plugins/com.st.stm32cube.ide.mcu.externaltools.gnu-tools-for-stm32.10.3-2021.10.linux64_1.0.100.202210260954/tools/bin/../lib/gcc/arm-none-eabi/10.3.1/thumb/v8-m.main+fp/hard/crtn.o
                0x0000000020030000                _estack = (ORIGIN (RAM) + LENGTH (RAM))
                0x0000000000000200                _Min_Heap_Size = 0x200
                0x0000000000000400                _Min_Stack_Size = 0x400

.isr_vector     0x0000000008000000      0x1f4
                0x0000000008000000                . = ALIGN (0x4)
 *(.isr_vector)
 .isr_vector    0x0000000008000000      0x1f4 ./Core/Startup/startup_stm32l552zetxq.o
                0x0000000008000000                g_pfnVectors
                0x00000000080001f4                . = ALIGN (0x4)

.text           0x00000000080001f4     0x5960
                0x00000000080001f4                . = ALIGN (0x4)
 *(.text)
 .text          0x00000000080001f4       0x40 /home/stanley/st/stm32cubeide_1.11.2/plugins/com.st.stm32cube.ide.mcu.externaltools.gnu-tools-for-stm32.10.3-2021.10.linux64_1.0.100.202210260954/tools/bin/../lib/gcc/arm-none-eabi/10.3.1/thumb/v8-m.main+fp/hard/crtbegin.o
 .text          0x0000000008000234       0x10 /home/stanley/st/stm32cubeide_1.11.2/plugins/com.st.stm32cube.ide.mcu.externaltools.gnu-tools-for-stm32.10.3-2021.10.linux64_1.0.100.202210260954/tools/bin/../lib/gcc/arm-none-eabi/10.3.1/../../../../arm-none-eabi/lib/thumb/v8-m.main+fp/hard/libc_nano.a(lib_a-strlen.o)
                0x0000000008000234                strlen
 .text          0x0000000008000244       0x30 /home/stanley/st/stm32cubeide_1.11.2/plugins/com.st.stm32cube.ide.mcu.externaltools.gnu-tools-for-stm32.10.3-2021.10.linux64_1.0.100.202210260954/tools/bin/../lib/gcc/arm-none-eabi/10.3.1/thumb/v8-m.main+fp/hard/libgcc.a(_aeabi_uldivmod.o)
                0x0000000008000244                __aeabi_uldivmod
 .text          0x0000000008000274      0x2ec /home/stanley/st/stm32cubeide_1.11.2/plugins/com.st.stm32cube.ide.mcu.externaltools.gnu-tools-for-stm32.10.3-2021.10.linux64_1.0.100.202210260954/tools/bin/../lib/gcc/arm-none-eabi/10.3.1/thumb/v8-m.main+fp/hard/libgcc.a(_udivmoddi4.o)
                0x0000000008000274                __udivmoddi4
 .text          0x0000000008000560        0x4 /home/stanley/st/stm32cubeide_1.11.2/plugins/com.st.stm32cube.ide.mcu.externaltools.gnu-tools-for-stm32.10.3-2021.10.linux64_1.0.100.202210260954/tools/bin/../lib/gcc/arm-none-eabi/10.3.1/thumb/v8-m.main+fp/hard/libgcc.a(_dvmd_tls.o)
                0x0000000008000560                __aeabi_ldiv0
                0x0000000008000560                __aeabi_idiv0
 *(.text*)
 .text._ZN14CircularBuffer4readEPht
                0x0000000008000564      0x116 ./Core/Src/CircularBuffer.o
                0x0000000008000564                CircularBuffer::read(unsigned char*, unsigned short)
 .text._ZN14CircularBufferC2EPht
                0x000000000800067a       0x34 ./Core/Src/CircularBuffer.o
                0x000000000800067a                CircularBuffer::CircularBuffer(unsigned char*, unsigned short)
                0x000000000800067a                CircularBuffer::CircularBuffer(unsigned char*, unsigned short)
 .text._ZN14CircularBuffer11getDataSizeEv
                0x00000000080006ae       0x20 ./Core/Src/CircularBuffer.o
                0x00000000080006ae                CircularBuffer::getDataSize()
 .text._ZN10UARTDeviceC2EP20__UART_HandleTypeDef
                0x00000000080006ce       0x2e ./Core/Src/LOS_D_UART.o
                0x00000000080006ce                UARTDevice::UARTDevice(__UART_HandleTypeDef*)
                0x00000000080006ce                UARTDevice::UARTDevice(__UART_HandleTypeDef*)
 .text._ZN10UARTDevice14getCurDataSizeEv
                0x00000000080006fc       0x1e ./Core/Src/LOS_D_UART.o
                0x00000000080006fc                UARTDevice::getCurDataSize()
 .text._ZN10UARTDevice4readEPht
                0x000000000800071a       0x32 ./Core/Src/LOS_D_UART.o
                0x000000000800071a                UARTDevice::read(unsigned char*, unsigned short)
 .text.MX_ADC1_Init
                0x000000000800074c       0xec ./Core/Src/adc.o
                0x000000000800074c                MX_ADC1_Init
 .text.HAL_ADC_MspInit
                0x0000000008000838       0xb4 ./Core/Src/adc.o
                0x0000000008000838                HAL_ADC_MspInit
 .text.MX_GPIO_Init
                0x00000000080008ec      0x124 ./Core/Src/gpio.o
                0x00000000080008ec                MX_GPIO_Init
 .text.main     0x0000000008000a10       0xec ./Core/Src/main.o
                0x0000000008000a10                main
 .text._Z18SystemClock_Configv
                0x0000000008000afc       0xe0 ./Core/Src/main.o
                0x0000000008000afc                SystemClock_Config()
 .text.Error_Handler
                0x0000000008000bdc        0xa ./Core/Src/main.o
                0x0000000008000bdc                Error_Handler
 *fill*         0x0000000008000be6        0x2 
 .text.MX_RTC_Init
                0x0000000008000be8       0x94 ./Core/Src/rtc.o
                0x0000000008000be8                MX_RTC_Init
 .text.HAL_RTC_MspInit
                0x0000000008000c7c       0x7c ./Core/Src/rtc.o
                0x0000000008000c7c                HAL_RTC_MspInit
 .text.HAL_MspInit
                0x0000000008000cf8       0x48 ./Core/Src/stm32l5xx_hal_msp.o
                0x0000000008000cf8                HAL_MspInit
 .text.NMI_Handler
                0x0000000008000d40        0x6 ./Core/Src/stm32l5xx_it.o
                0x0000000008000d40                NMI_Handler
 .text.HardFault_Handler
                0x0000000008000d46        0x6 ./Core/Src/stm32l5xx_it.o
                0x0000000008000d46                HardFault_Handler
 .text.MemManage_Handler
                0x0000000008000d4c        0x6 ./Core/Src/stm32l5xx_it.o
                0x0000000008000d4c                MemManage_Handler
 .text.BusFault_Handler
                0x0000000008000d52        0x6 ./Core/Src/stm32l5xx_it.o
                0x0000000008000d52                BusFault_Handler
 .text.UsageFault_Handler
                0x0000000008000d58        0x6 ./Core/Src/stm32l5xx_it.o
                0x0000000008000d58                UsageFault_Handler
 .text.SVC_Handler
                0x0000000008000d5e        0xe ./Core/Src/stm32l5xx_it.o
                0x0000000008000d5e                SVC_Handler
 .text.DebugMon_Handler
                0x0000000008000d6c        0xe ./Core/Src/stm32l5xx_it.o
                0x0000000008000d6c                DebugMon_Handler
 .text.PendSV_Handler
                0x0000000008000d7a        0xe ./Core/Src/stm32l5xx_it.o
                0x0000000008000d7a                PendSV_Handler
 .text.SysTick_Handler
                0x0000000008000d88        0xc ./Core/Src/stm32l5xx_it.o
                0x0000000008000d88                SysTick_Handler
 .text.SystemInit
                0x0000000008000d94       0x24 ./Core/Src/system_stm32l5xx.o
                0x0000000008000d94                SystemInit
 .text.SystemCoreClockUpdate
                0x0000000008000db8      0x15c ./Core/Src/system_stm32l5xx.o
                0x0000000008000db8                SystemCoreClockUpdate
 .text.LL_AHB2_GRP1_EnableClock
                0x0000000008000f14       0x30 ./Core/Src/ucpd.o
 .text.LL_APB1_GRP2_EnableClock
                0x0000000008000f44       0x30 ./Core/Src/ucpd.o
 .text.MX_UCPD1_Init
                0x0000000008000f74       0x6c ./Core/Src/ucpd.o
                0x0000000008000f74                MX_UCPD1_Init
 .text.MX_LPUART1_UART_Init
                0x0000000008000fe0       0x9c ./Core/Src/usart.o
                0x0000000008000fe0                MX_LPUART1_UART_Init
 .text.MX_USART2_UART_Init
                0x000000000800107c       0x98 ./Core/Src/usart.o
                0x000000000800107c                MX_USART2_UART_Init
 .text.HAL_UART_MspInit
                0x0000000008001114      0x1d8 ./Core/Src/usart.o
                0x0000000008001114                HAL_UART_MspInit
 .text.MX_USB_PCD_Init
                0x00000000080012ec       0x50 ./Core/Src/usb.o
                0x00000000080012ec                MX_USB_PCD_Init
 .text.HAL_PCD_MspInit
                0x000000000800133c       0xc0 ./Core/Src/usb.o
                0x000000000800133c                HAL_PCD_MspInit
 .text.Reset_Handler
                0x00000000080013fc       0x50 ./Core/Startup/startup_stm32l552zetxq.o
                0x00000000080013fc                Reset_Handler
 .text.Default_Handler
                0x000000000800144c        0x2 ./Core/Startup/startup_stm32l552zetxq.o
                0x000000000800144c                EXTI2_IRQHandler
                0x000000000800144c                TIM8_TRG_COM_IRQHandler
                0x000000000800144c                TIM8_CC_IRQHandler
                0x000000000800144c                EXTI5_IRQHandler
                0x000000000800144c                FLASH_S_IRQHandler
                0x000000000800144c                EXTI13_IRQHandler
                0x000000000800144c                TIM1_CC_IRQHandler
                0x000000000800144c                TSC_IRQHandler
                0x000000000800144c                TAMP_IRQHandler
                0x000000000800144c                TIM6_IRQHandler
                0x000000000800144c                EXTI12_IRQHandler
                0x000000000800144c                DMA2_Channel8_IRQHandler
                0x000000000800144c                EXTI3_IRQHandler
                0x000000000800144c                EXTI8_IRQHandler
                0x000000000800144c                LPTIM2_IRQHandler
                0x000000000800144c                DFSDM1_FLT1_IRQHandler
                0x000000000800144c                USB_FS_IRQHandler
                0x000000000800144c                I2C3_ER_IRQHandler
                0x000000000800144c                DFSDM1_FLT2_IRQHandler
                0x000000000800144c                DMAMUX1_IRQHandler
                0x000000000800144c                LPTIM3_IRQHandler
                0x000000000800144c                EXTI0_IRQHandler
                0x000000000800144c                I2C2_EV_IRQHandler
                0x000000000800144c                FPU_IRQHandler
                0x000000000800144c                FDCAN1_IT1_IRQHandler
                0x000000000800144c                ADC1_2_IRQHandler
                0x000000000800144c                SPI1_IRQHandler
                0x000000000800144c                OCTOSPI1_IRQHandler
                0x000000000800144c                TIM8_UP_IRQHandler
                0x000000000800144c                RCC_S_IRQHandler
                0x000000000800144c                DMA2_Channel2_IRQHandler
                0x000000000800144c                DMA1_Channel4_IRQHandler
                0x000000000800144c                SAI2_IRQHandler
                0x000000000800144c                DFSDM1_FLT3_IRQHandler
                0x000000000800144c                EXTI15_IRQHandler
                0x000000000800144c                TIM17_IRQHandler
                0x000000000800144c                USART3_IRQHandler
                0x000000000800144c                RTC_IRQHandler
                0x000000000800144c                EXTI9_IRQHandler
                0x000000000800144c                DMA1_Channel7_IRQHandler
                0x000000000800144c                UART5_IRQHandler
                0x000000000800144c                TIM4_IRQHandler
                0x000000000800144c                DMA2_Channel1_IRQHandler
                0x000000000800144c                I2C1_EV_IRQHandler
                0x000000000800144c                DMA1_Channel6_IRQHandler
                0x000000000800144c                TIM16_IRQHandler
                0x000000000800144c                UART4_IRQHandler
                0x000000000800144c                DMA2_Channel4_IRQHandler
                0x000000000800144c                SecureFault_Handler
                0x000000000800144c                TIM3_IRQHandler
                0x000000000800144c                RCC_IRQHandler
                0x000000000800144c                TIM1_TRG_COM_IRQHandler
                0x000000000800144c                DMA1_Channel1_IRQHandler
                0x000000000800144c                Default_Handler
                0x000000000800144c                DMA2_Channel7_IRQHandler
                0x000000000800144c                DMA1_Channel8_IRQHandler
                0x000000000800144c                TIM7_IRQHandler
                0x000000000800144c                SDMMC1_IRQHandler
                0x000000000800144c                TIM5_IRQHandler
                0x000000000800144c                UCPD1_IRQHandler
                0x000000000800144c                TIM15_IRQHandler
                0x000000000800144c                I2C3_EV_IRQHandler
                0x000000000800144c                PVD_PVM_IRQHandler
                0x000000000800144c                SPI2_IRQHandler
                0x000000000800144c                EXTI14_IRQHandler
                0x000000000800144c                EXTI11_IRQHandler
                0x000000000800144c                DMA2_Channel5_IRQHandler
                0x000000000800144c                CRS_IRQHandler
                0x000000000800144c                DMA1_Channel5_IRQHandler
                0x000000000800144c                EXTI4_IRQHandler
                0x000000000800144c                RTC_S_IRQHandler
                0x000000000800144c                RNG_IRQHandler
                0x000000000800144c                DMAMUX1_S_IRQHandler
                0x000000000800144c                DMA1_Channel3_IRQHandler
                0x000000000800144c                COMP_IRQHandler
                0x000000000800144c                TIM1_UP_IRQHandler
                0x000000000800144c                WWDG_IRQHandler
                0x000000000800144c                I2C4_EV_IRQHandler
                0x000000000800144c                LPUART1_IRQHandler
                0x000000000800144c                DMA2_Channel6_IRQHandler
                0x000000000800144c                FDCAN1_IT0_IRQHandler
                0x000000000800144c                TIM2_IRQHandler
                0x000000000800144c                TAMP_S_IRQHandler
                0x000000000800144c                EXTI7_IRQHandler
                0x000000000800144c                TIM1_BRK_IRQHandler
                0x000000000800144c                DAC_IRQHandler
                0x000000000800144c                EXTI1_IRQHandler
                0x000000000800144c                GTZC_IRQHandler
                0x000000000800144c                USART2_IRQHandler
                0x000000000800144c                DFSDM1_FLT0_IRQHandler
                0x000000000800144c                I2C2_ER_IRQHandler
                0x000000000800144c                DMA1_Channel2_IRQHandler
                0x000000000800144c                TIM8_BRK_IRQHandler
                0x000000000800144c                FLASH_IRQHandler
                0x000000000800144c                USART1_IRQHandler
                0x000000000800144c                EXTI10_IRQHandler
                0x000000000800144c                SPI3_IRQHandler
                0x000000000800144c                I2C1_ER_IRQHandler
                0x000000000800144c                FMC_IRQHandler
                0x000000000800144c                EXTI6_IRQHandler
                0x000000000800144c                LPTIM1_IRQHandler
                0x000000000800144c                I2C4_ER_IRQHandler
                0x000000000800144c                ICACHE_IRQHandler
                0x000000000800144c                SAI1_IRQHandler
                0x000000000800144c                HASH_IRQHandler
                0x000000000800144c                DMA2_Channel3_IRQHandler
 .text.HAL_Init
                0x000000000800144e       0x34 ./Drivers/STM32L5xx_HAL_Driver/Src/stm32l5xx_hal.o
                0x000000000800144e                HAL_Init
 *fill*         0x0000000008001482        0x2 
 .text.HAL_InitTick
                0x0000000008001484       0x78 ./Drivers/STM32L5xx_HAL_Driver/Src/stm32l5xx_hal.o
                0x0000000008001484                HAL_InitTick
 .text.HAL_IncTick
                0x00000000080014fc       0x28 ./Drivers/STM32L5xx_HAL_Driver/Src/stm32l5xx_hal.o
                0x00000000080014fc                HAL_IncTick
 .text.HAL_GetTick
                0x0000000008001524       0x18 ./Drivers/STM32L5xx_HAL_Driver/Src/stm32l5xx_hal.o
                0x0000000008001524                HAL_GetTick
 .text.LL_ADC_SetCommonClock
                0x000000000800153c       0x26 ./Drivers/STM32L5xx_HAL_Driver/Src/stm32l5xx_hal_adc.o
 .text.LL_ADC_SetCommonPathInternalCh
                0x0000000008001562       0x26 ./Drivers/STM32L5xx_HAL_Driver/Src/stm32l5xx_hal_adc.o
 .text.LL_ADC_GetCommonPathInternalCh
                0x0000000008001588       0x1c ./Drivers/STM32L5xx_HAL_Driver/Src/stm32l5xx_hal_adc.o
 .text.LL_ADC_SetOffset
                0x00000000080015a4       0x48 ./Drivers/STM32L5xx_HAL_Driver/Src/stm32l5xx_hal_adc.o
 .text.LL_ADC_GetOffsetChannel
                0x00000000080015ec       0x2c ./Drivers/STM32L5xx_HAL_Driver/Src/stm32l5xx_hal_adc.o
 .text.LL_ADC_SetOffsetState
                0x0000000008001618       0x36 ./Drivers/STM32L5xx_HAL_Driver/Src/stm32l5xx_hal_adc.o
 .text.LL_ADC_SetSamplingTimeCommonConfig
                0x000000000800164e       0x26 ./Drivers/STM32L5xx_HAL_Driver/Src/stm32l5xx_hal_adc.o
 .text.LL_ADC_REG_SetSequencerRanks
                0x0000000008001674       0x58 ./Drivers/STM32L5xx_HAL_Driver/Src/stm32l5xx_hal_adc.o
 .text.LL_ADC_SetChannelSamplingTime
                0x00000000080016cc       0x56 ./Drivers/STM32L5xx_HAL_Driver/Src/stm32l5xx_hal_adc.o
 *fill*         0x0000000008001722        0x2 
 .text.LL_ADC_SetChannelSingleDiff
                0x0000000008001724       0x48 ./Drivers/STM32L5xx_HAL_Driver/Src/stm32l5xx_hal_adc.o
 .text.LL_ADC_DisableDeepPowerDown
                0x000000000800176c       0x24 ./Drivers/STM32L5xx_HAL_Driver/Src/stm32l5xx_hal_adc.o
 .text.LL_ADC_IsDeepPowerDownEnabled
                0x0000000008001790       0x28 ./Drivers/STM32L5xx_HAL_Driver/Src/stm32l5xx_hal_adc.o
 .text.LL_ADC_EnableInternalRegulator
                0x00000000080017b8       0x28 ./Drivers/STM32L5xx_HAL_Driver/Src/stm32l5xx_hal_adc.o
 .text.LL_ADC_IsInternalRegulatorEnabled
                0x00000000080017e0       0x28 ./Drivers/STM32L5xx_HAL_Driver/Src/stm32l5xx_hal_adc.o
 .text.LL_ADC_IsEnabled
                0x0000000008001808       0x26 ./Drivers/STM32L5xx_HAL_Driver/Src/stm32l5xx_hal_adc.o
 .text.LL_ADC_REG_IsConversionOngoing
                0x000000000800182e       0x26 ./Drivers/STM32L5xx_HAL_Driver/Src/stm32l5xx_hal_adc.o
 .text.LL_ADC_INJ_IsConversionOngoing
                0x0000000008001854       0x26 ./Drivers/STM32L5xx_HAL_Driver/Src/stm32l5xx_hal_adc.o
 *fill*         0x000000000800187a        0x2 
 .text.HAL_ADC_Init
                0x000000000800187c      0x298 ./Drivers/STM32L5xx_HAL_Driver/Src/stm32l5xx_hal_adc.o
                0x000000000800187c                HAL_ADC_Init
 .text.HAL_ADC_ConfigChannel
                0x0000000008001b14      0x7d4 ./Drivers/STM32L5xx_HAL_Driver/Src/stm32l5xx_hal_adc.o
                0x0000000008001b14                HAL_ADC_ConfigChannel
 .text.LL_ADC_IsEnabled
                0x00000000080022e8       0x26 ./Drivers/STM32L5xx_HAL_Driver/Src/stm32l5xx_hal_adc_ex.o
 .text.LL_ADC_REG_IsConversionOngoing
                0x000000000800230e       0x26 ./Drivers/STM32L5xx_HAL_Driver/Src/stm32l5xx_hal_adc_ex.o
 .text.HAL_ADCEx_MultiModeConfigChannel
                0x0000000008002334      0x148 ./Drivers/STM32L5xx_HAL_Driver/Src/stm32l5xx_hal_adc_ex.o
                0x0000000008002334                HAL_ADCEx_MultiModeConfigChannel
 .text.__NVIC_SetPriorityGrouping
                0x000000000800247c       0x48 ./Drivers/STM32L5xx_HAL_Driver/Src/stm32l5xx_hal_cortex.o
 .text.__NVIC_GetPriorityGrouping
                0x00000000080024c4       0x1c ./Drivers/STM32L5xx_HAL_Driver/Src/stm32l5xx_hal_cortex.o
 .text.__NVIC_SetPriority
                0x00000000080024e0       0x54 ./Drivers/STM32L5xx_HAL_Driver/Src/stm32l5xx_hal_cortex.o
 .text.NVIC_EncodePriority
                0x0000000008002534       0x66 ./Drivers/STM32L5xx_HAL_Driver/Src/stm32l5xx_hal_cortex.o
 *fill*         0x000000000800259a        0x2 
 .text.SysTick_Config
                0x000000000800259c       0x44 ./Drivers/STM32L5xx_HAL_Driver/Src/stm32l5xx_hal_cortex.o
 .text.HAL_NVIC_SetPriorityGrouping
                0x00000000080025e0       0x16 ./Drivers/STM32L5xx_HAL_Driver/Src/stm32l5xx_hal_cortex.o
                0x00000000080025e0                HAL_NVIC_SetPriorityGrouping
 .text.HAL_NVIC_SetPriority
                0x00000000080025f6       0x34 ./Drivers/STM32L5xx_HAL_Driver/Src/stm32l5xx_hal_cortex.o
                0x00000000080025f6                HAL_NVIC_SetPriority
 .text.HAL_SYSTICK_Config
                0x000000000800262a       0x18 ./Drivers/STM32L5xx_HAL_Driver/Src/stm32l5xx_hal_cortex.o
                0x000000000800262a                HAL_SYSTICK_Config
 *fill*         0x0000000008002642        0x2 
 .text.HAL_GPIO_Init
                0x0000000008002644      0x300 ./Drivers/STM32L5xx_HAL_Driver/Src/stm32l5xx_hal_gpio.o
                0x0000000008002644                HAL_GPIO_Init
 .text.HAL_GPIO_WritePin
                0x0000000008002944       0x30 ./Drivers/STM32L5xx_HAL_Driver/Src/stm32l5xx_hal_gpio.o
                0x0000000008002944                HAL_GPIO_WritePin
 .text.HAL_PCD_Init
                0x0000000008002974      0x1b2 ./Drivers/STM32L5xx_HAL_Driver/Src/stm32l5xx_hal_pcd.o
                0x0000000008002974                HAL_PCD_Init
 .text.HAL_PCDEx_ActivateLPM
                0x0000000008002b26       0x54 ./Drivers/STM32L5xx_HAL_Driver/Src/stm32l5xx_hal_pcd_ex.o
                0x0000000008002b26                HAL_PCDEx_ActivateLPM
 *fill*         0x0000000008002b7a        0x2 
 .text.HAL_PWR_EnableBkUpAccess
                0x0000000008002b7c       0x20 ./Drivers/STM32L5xx_HAL_Driver/Src/stm32l5xx_hal_pwr.o
                0x0000000008002b7c                HAL_PWR_EnableBkUpAccess
 .text.HAL_PWREx_GetVoltageRange
                0x0000000008002b9c       0x1c ./Drivers/STM32L5xx_HAL_Driver/Src/stm32l5xx_hal_pwr_ex.o
                0x0000000008002b9c                HAL_PWREx_GetVoltageRange
 .text.HAL_PWREx_ControlVoltageScaling
                0x0000000008002bb8       0xb8 ./Drivers/STM32L5xx_HAL_Driver/Src/stm32l5xx_hal_pwr_ex.o
                0x0000000008002bb8                HAL_PWREx_ControlVoltageScaling
 .text.HAL_PWREx_EnableVddIO2
                0x0000000008002c70       0x20 ./Drivers/STM32L5xx_HAL_Driver/Src/stm32l5xx_hal_pwr_ex.o
                0x0000000008002c70                HAL_PWREx_EnableVddIO2
 .text.HAL_PWREx_SMPS_GetEffectiveMode
                0x0000000008002c90       0x48 ./Drivers/STM32L5xx_HAL_Driver/Src/stm32l5xx_hal_pwr_ex.o
                0x0000000008002c90                HAL_PWREx_SMPS_GetEffectiveMode
 .text.HAL_RCC_OscConfig
                0x0000000008002cd8      0x9ac ./Drivers/STM32L5xx_HAL_Driver/Src/stm32l5xx_hal_rcc.o
                0x0000000008002cd8                HAL_RCC_OscConfig
 .text.HAL_RCC_ClockConfig
                0x0000000008003684      0x270 ./Drivers/STM32L5xx_HAL_Driver/Src/stm32l5xx_hal_rcc.o
                0x0000000008003684                HAL_RCC_ClockConfig
 .text.HAL_RCC_GetSysClockFreq
                0x00000000080038f4      0x13c ./Drivers/STM32L5xx_HAL_Driver/Src/stm32l5xx_hal_rcc.o
                0x00000000080038f4                HAL_RCC_GetSysClockFreq
 .text.HAL_RCC_GetHCLKFreq
                0x0000000008003a30       0x28 ./Drivers/STM32L5xx_HAL_Driver/Src/stm32l5xx_hal_rcc.o
                0x0000000008003a30                HAL_RCC_GetHCLKFreq
 .text.HAL_RCC_GetPCLK1Freq
                0x0000000008003a58       0x28 ./Drivers/STM32L5xx_HAL_Driver/Src/stm32l5xx_hal_rcc.o
                0x0000000008003a58                HAL_RCC_GetPCLK1Freq
 .text.HAL_RCC_GetPCLK2Freq
                0x0000000008003a80       0x28 ./Drivers/STM32L5xx_HAL_Driver/Src/stm32l5xx_hal_rcc.o
                0x0000000008003a80                HAL_RCC_GetPCLK2Freq
 .text.RCC_SetFlashLatencyFromMSIRange
                0x0000000008003aa8       0xc8 ./Drivers/STM32L5xx_HAL_Driver/Src/stm32l5xx_hal_rcc.o
 .text.RCC_GetSysClockFreqFromPLLSource
                0x0000000008003b70       0xdc ./Drivers/STM32L5xx_HAL_Driver/Src/stm32l5xx_hal_rcc.o
 .text.HAL_RCCEx_PeriphCLKConfig
                0x0000000008003c4c      0x708 ./Drivers/STM32L5xx_HAL_Driver/Src/stm32l5xx_hal_rcc_ex.o
                0x0000000008003c4c                HAL_RCCEx_PeriphCLKConfig
 .text.RCCEx_PLLSAI1_Config
                0x0000000008004354      0x1cc ./Drivers/STM32L5xx_HAL_Driver/Src/stm32l5xx_hal_rcc_ex.o
 .text.RCCEx_PLLSAI2_Config
                0x0000000008004520      0x158 ./Drivers/STM32L5xx_HAL_Driver/Src/stm32l5xx_hal_rcc_ex.o
 .text.HAL_RTC_Init
                0x0000000008004678       0xf0 ./Drivers/STM32L5xx_HAL_Driver/Src/stm32l5xx_hal_rtc.o
                0x0000000008004678                HAL_RTC_Init
 .text.HAL_RTC_WaitForSynchro
                0x0000000008004768       0x48 ./Drivers/STM32L5xx_HAL_Driver/Src/stm32l5xx_hal_rtc.o
                0x0000000008004768                HAL_RTC_WaitForSynchro
 .text.RTC_EnterInitMode
                0x00000000080047b0       0x68 ./Drivers/STM32L5xx_HAL_Driver/Src/stm32l5xx_hal_rtc.o
                0x00000000080047b0                RTC_EnterInitMode
 .text.RTC_ExitInitMode
                0x0000000008004818       0x7c ./Drivers/STM32L5xx_HAL_Driver/Src/stm32l5xx_hal_rtc.o
                0x0000000008004818                RTC_ExitInitMode
 .text.HAL_RTCEx_PrivilegeModeSet
                0x0000000008004894       0x58 ./Drivers/STM32L5xx_HAL_Driver/Src/stm32l5xx_hal_rtc_ex.o
                0x0000000008004894                HAL_RTCEx_PrivilegeModeSet
 .text.HAL_UART_Init
                0x00000000080048ec       0xa0 ./Drivers/STM32L5xx_HAL_Driver/Src/stm32l5xx_hal_uart.o
                0x00000000080048ec                HAL_UART_Init
 .text.HAL_UART_Transmit
                0x000000000800498c      0x11c ./Drivers/STM32L5xx_HAL_Driver/Src/stm32l5xx_hal_uart.o
                0x000000000800498c                HAL_UART_Transmit
 .text.UART_SetConfig
                0x0000000008004aa8      0x600 ./Drivers/STM32L5xx_HAL_Driver/Src/stm32l5xx_hal_uart.o
                0x0000000008004aa8                UART_SetConfig
 .text.UART_AdvFeatureConfig
                0x00000000080050a8      0x144 ./Drivers/STM32L5xx_HAL_Driver/Src/stm32l5xx_hal_uart.o
                0x00000000080050a8                UART_AdvFeatureConfig
 .text.UART_CheckIdleState
                0x00000000080051ec      0x154 ./Drivers/STM32L5xx_HAL_Driver/Src/stm32l5xx_hal_uart.o
                0x00000000080051ec                UART_CheckIdleState
 .text.UART_WaitOnFlagUntilTimeout
                0x0000000008005340       0xce ./Drivers/STM32L5xx_HAL_Driver/Src/stm32l5xx_hal_uart.o
                0x0000000008005340                UART_WaitOnFlagUntilTimeout
 .text.UART_EndRxTransfer
                0x000000000800540e       0xcc ./Drivers/STM32L5xx_HAL_Driver/Src/stm32l5xx_hal_uart.o
 .text.HAL_UARTEx_DisableFifoMode
                0x00000000080054da       0x72 ./Drivers/STM32L5xx_HAL_Driver/Src/stm32l5xx_hal_uart_ex.o
                0x00000000080054da                HAL_UARTEx_DisableFifoMode
 .text.HAL_UARTEx_SetTxFifoThreshold
                0x000000000800554c       0x7c ./Drivers/STM32L5xx_HAL_Driver/Src/stm32l5xx_hal_uart_ex.o
                0x000000000800554c                HAL_UARTEx_SetTxFifoThreshold
 .text.HAL_UARTEx_SetRxFifoThreshold
                0x00000000080055c8       0x7c ./Drivers/STM32L5xx_HAL_Driver/Src/stm32l5xx_hal_uart_ex.o
                0x00000000080055c8                HAL_UARTEx_SetRxFifoThreshold
 .text.UARTEx_SetNbDataToProcess
                0x0000000008005644       0x9c ./Drivers/STM32L5xx_HAL_Driver/Src/stm32l5xx_hal_uart_ex.o
 .text.LL_GPIO_SetPinMode
                0x00000000080056e0       0x7a ./Drivers/STM32L5xx_HAL_Driver/Src/stm32l5xx_ll_gpio.o
 .text.LL_GPIO_SetPinOutputType
                0x000000000800575a       0x30 ./Drivers/STM32L5xx_HAL_Driver/Src/stm32l5xx_ll_gpio.o
 .text.LL_GPIO_SetPinSpeed
                0x000000000800578a       0x7a ./Drivers/STM32L5xx_HAL_Driver/Src/stm32l5xx_ll_gpio.o
 .text.LL_GPIO_SetPinPull
                0x0000000008005804       0x7a ./Drivers/STM32L5xx_HAL_Driver/Src/stm32l5xx_ll_gpio.o
 .text.LL_GPIO_SetAFPin_0_7
                0x000000000800587e       0x7a ./Drivers/STM32L5xx_HAL_Driver/Src/stm32l5xx_ll_gpio.o
 .text.LL_GPIO_SetAFPin_8_15
                0x00000000080058f8       0x7e ./Drivers/STM32L5xx_HAL_Driver/Src/stm32l5xx_ll_gpio.o
 .text.LL_GPIO_Init
                0x0000000008005976       0xda ./Drivers/STM32L5xx_HAL_Driver/Src/stm32l5xx_ll_gpio.o
                0x0000000008005976                LL_GPIO_Init
 .text.USB_DisableGlobalInt
                0x0000000008005a50       0x36 ./Drivers/STM32L5xx_HAL_Driver/Src/stm32l5xx_ll_usb.o
                0x0000000008005a50                USB_DisableGlobalInt
 .text.USB_DevInit
                0x0000000008005a86       0x42 ./Drivers/STM32L5xx_HAL_Driver/Src/stm32l5xx_ll_usb.o
                0x0000000008005a86                USB_DevInit
 .text.__libc_init_array
                0x0000000008005ac8       0x48 /home/stanley/st/stm32cubeide_1.11.2/plugins/com.st.stm32cube.ide.mcu.externaltools.gnu-tools-for-stm32.10.3-2021.10.linux64_1.0.100.202210260954/tools/bin/../lib/gcc/arm-none-eabi/10.3.1/../../../../arm-none-eabi/lib/thumb/v8-m.main+fp/hard/libc_nano.a(lib_a-init.o)
                0x0000000008005ac8                __libc_init_array
 .text.memcpy   0x0000000008005b10       0x1a /home/stanley/st/stm32cubeide_1.11.2/plugins/com.st.stm32cube.ide.mcu.externaltools.gnu-tools-for-stm32.10.3-2021.10.linux64_1.0.100.202210260954/tools/bin/../lib/gcc/arm-none-eabi/10.3.1/../../../../arm-none-eabi/lib/thumb/v8-m.main+fp/hard/libc_nano.a(lib_a-memcpy-stub.o)
                0x0000000008005b10                memcpy
 .text.memset   0x0000000008005b2a       0x10 /home/stanley/st/stm32cubeide_1.11.2/plugins/com.st.stm32cube.ide.mcu.externaltools.gnu-tools-for-stm32.10.3-2021.10.linux64_1.0.100.202210260954/tools/bin/../lib/gcc/arm-none-eabi/10.3.1/../../../../arm-none-eabi/lib/thumb/v8-m.main+fp/hard/libc_nano.a(lib_a-memset.o)
                0x0000000008005b2a                memset
 *(.glue_7)
 .glue_7        0x0000000008005b3a        0x0 linker stubs
 *(.glue_7t)
 .glue_7t       0x0000000008005b3a        0x0 linker stubs
 *(.eh_frame)
 *fill*         0x0000000008005b3a        0x2 
 .eh_frame      0x0000000008005b3c        0x0 /home/stanley/st/stm32cubeide_1.11.2/plugins/com.st.stm32cube.ide.mcu.externaltools.gnu-tools-for-stm32.10.3-2021.10.linux64_1.0.100.202210260954/tools/bin/../lib/gcc/arm-none-eabi/10.3.1/thumb/v8-m.main+fp/hard/crtbegin.o
 *(.init)
 .init          0x0000000008005b3c        0x4 /home/stanley/st/stm32cubeide_1.11.2/plugins/com.st.stm32cube.ide.mcu.externaltools.gnu-tools-for-stm32.10.3-2021.10.linux64_1.0.100.202210260954/tools/bin/../lib/gcc/arm-none-eabi/10.3.1/thumb/v8-m.main+fp/hard/crti.o
                0x0000000008005b3c                _init
 .init          0x0000000008005b40        0x8 /home/stanley/st/stm32cubeide_1.11.2/plugins/com.st.stm32cube.ide.mcu.externaltools.gnu-tools-for-stm32.10.3-2021.10.linux64_1.0.100.202210260954/tools/bin/../lib/gcc/arm-none-eabi/10.3.1/thumb/v8-m.main+fp/hard/crtn.o
 *(.fini)
 .fini          0x0000000008005b48        0x4 /home/stanley/st/stm32cubeide_1.11.2/plugins/com.st.stm32cube.ide.mcu.externaltools.gnu-tools-for-stm32.10.3-2021.10.linux64_1.0.100.202210260954/tools/bin/../lib/gcc/arm-none-eabi/10.3.1/thumb/v8-m.main+fp/hard/crti.o
                0x0000000008005b48                _fini
 .fini          0x0000000008005b4c        0x8 /home/stanley/st/stm32cubeide_1.11.2/plugins/com.st.stm32cube.ide.mcu.externaltools.gnu-tools-for-stm32.10.3-2021.10.linux64_1.0.100.202210260954/tools/bin/../lib/gcc/arm-none-eabi/10.3.1/thumb/v8-m.main+fp/hard/crtn.o
                0x0000000008005b54                . = ALIGN (0x4)
                0x0000000008005b54                _etext = .

.vfp11_veneer   0x0000000008005b54        0x0
 .vfp11_veneer  0x0000000008005b54        0x0 linker stubs

.v4_bx          0x0000000008005b54        0x0
 .v4_bx         0x0000000008005b54        0x0 linker stubs

.iplt           0x0000000008005b54        0x0
 .iplt          0x0000000008005b54        0x0 /home/stanley/st/stm32cubeide_1.11.2/plugins/com.st.stm32cube.ide.mcu.externaltools.gnu-tools-for-stm32.10.3-2021.10.linux64_1.0.100.202210260954/tools/bin/../lib/gcc/arm-none-eabi/10.3.1/thumb/v8-m.main+fp/hard/crtbegin.o

.rodata         0x0000000008005b54       0xa0
                0x0000000008005b54                . = ALIGN (0x4)
 *(.rodata)
 .rodata        0x0000000008005b54       0x1d ./Core/Src/main.o
 *(.rodata*)
 *fill*         0x0000000008005b71        0x3 
 .rodata.AHBPrescTable
                0x0000000008005b74       0x10 ./Core/Src/system_stm32l5xx.o
                0x0000000008005b74                AHBPrescTable
 .rodata.APBPrescTable
                0x0000000008005b84        0x8 ./Core/Src/system_stm32l5xx.o
                0x0000000008005b84                APBPrescTable
 .rodata.MSIRangeTable
                0x0000000008005b8c       0x40 ./Core/Src/system_stm32l5xx.o
                0x0000000008005b8c                MSIRangeTable
 .rodata.UARTPrescTable
                0x0000000008005bcc       0x18 ./Drivers/STM32L5xx_HAL_Driver/Src/stm32l5xx_hal_uart.o
                0x0000000008005bcc                UARTPrescTable
 .rodata.numerator.1
                0x0000000008005be4        0x8 ./Drivers/STM32L5xx_HAL_Driver/Src/stm32l5xx_hal_uart_ex.o
 .rodata.denominator.0
                0x0000000008005bec        0x8 ./Drivers/STM32L5xx_HAL_Driver/Src/stm32l5xx_hal_uart_ex.o
                0x0000000008005bf4                . = ALIGN (0x4)

.ARM.extab      0x0000000008005bf4        0x0
                0x0000000008005bf4                . = ALIGN (0x4)
 *(.ARM.extab* .gnu.linkonce.armextab.*)
                0x0000000008005bf4                . = ALIGN (0x4)

.ARM            0x0000000008005bf4        0x8
                0x0000000008005bf4                . = ALIGN (0x4)
                0x0000000008005bf4                __exidx_start = .
 *(.ARM.exidx*)
 .ARM.exidx     0x0000000008005bf4        0x8 /home/stanley/st/stm32cubeide_1.11.2/plugins/com.st.stm32cube.ide.mcu.externaltools.gnu-tools-for-stm32.10.3-2021.10.linux64_1.0.100.202210260954/tools/bin/../lib/gcc/arm-none-eabi/10.3.1/thumb/v8-m.main+fp/hard/libgcc.a(_udivmoddi4.o)
                0x0000000008005bfc                __exidx_end = .
                0x0000000008005bfc                . = ALIGN (0x4)

.rel.dyn        0x0000000008005bfc        0x0
 .rel.iplt      0x0000000008005bfc        0x0 /home/stanley/st/stm32cubeide_1.11.2/plugins/com.st.stm32cube.ide.mcu.externaltools.gnu-tools-for-stm32.10.3-2021.10.linux64_1.0.100.202210260954/tools/bin/../lib/gcc/arm-none-eabi/10.3.1/thumb/v8-m.main+fp/hard/crtbegin.o

.preinit_array  0x0000000008005bfc        0x0
                0x0000000008005bfc                . = ALIGN (0x4)
                0x0000000008005bfc                PROVIDE (__preinit_array_start = .)
 *(.preinit_array*)
                0x0000000008005bfc                PROVIDE (__preinit_array_end = .)
                0x0000000008005bfc                . = ALIGN (0x4)

.init_array     0x0000000008005bfc        0x4
                0x0000000008005bfc                . = ALIGN (0x4)
                0x0000000008005bfc                PROVIDE (__init_array_start = .)
 *(SORT_BY_NAME(.init_array.*))
 *(.init_array*)
 .init_array    0x0000000008005bfc        0x4 /home/stanley/st/stm32cubeide_1.11.2/plugins/com.st.stm32cube.ide.mcu.externaltools.gnu-tools-for-stm32.10.3-2021.10.linux64_1.0.100.202210260954/tools/bin/../lib/gcc/arm-none-eabi/10.3.1/thumb/v8-m.main+fp/hard/crtbegin.o
                0x0000000008005c00                PROVIDE (__init_array_end = .)
                0x0000000008005c00                . = ALIGN (0x4)

.fini_array     0x0000000008005c00        0x4
                0x0000000008005c00                . = ALIGN (0x4)
                [!provide]                        PROVIDE (__fini_array_start = .)
 *(SORT_BY_NAME(.fini_array.*))
 *(.fini_array*)
 .fini_array    0x0000000008005c00        0x4 /home/stanley/st/stm32cubeide_1.11.2/plugins/com.st.stm32cube.ide.mcu.externaltools.gnu-tools-for-stm32.10.3-2021.10.linux64_1.0.100.202210260954/tools/bin/../lib/gcc/arm-none-eabi/10.3.1/thumb/v8-m.main+fp/hard/crtbegin.o
                [!provide]                        PROVIDE (__fini_array_end = .)
                0x0000000008005c04                . = ALIGN (0x4)
                0x0000000008005c04                _sidata = LOADADDR (.data)

.data           0x0000000020000000        0xc load address 0x0000000008005c04
                0x0000000020000000                . = ALIGN (0x4)
                0x0000000020000000                _sdata = .
 *(.data)
 *(.data*)
 .data.SystemCoreClock
                0x0000000020000000        0x4 ./Core/Src/system_stm32l5xx.o
                0x0000000020000000                SystemCoreClock
 .data.uwTickPrio
                0x0000000020000004        0x4 ./Drivers/STM32L5xx_HAL_Driver/Src/stm32l5xx_hal.o
                0x0000000020000004                uwTickPrio
 .data.uwTickFreq
                0x0000000020000008        0x1 ./Drivers/STM32L5xx_HAL_Driver/Src/stm32l5xx_hal.o
                0x0000000020000008                uwTickFreq
 *(.RamFunc)
 *(.RamFunc*)
                0x000000002000000c                . = ALIGN (0x4)
 *fill*         0x0000000020000009        0x3 
                0x000000002000000c                _edata = .

.igot.plt       0x000000002000000c        0x0 load address 0x0000000008005c10
 .igot.plt      0x000000002000000c        0x0 /home/stanley/st/stm32cubeide_1.11.2/plugins/com.st.stm32cube.ide.mcu.externaltools.gnu-tools-for-stm32.10.3-2021.10.linux64_1.0.100.202210260954/tools/bin/../lib/gcc/arm-none-eabi/10.3.1/thumb/v8-m.main+fp/hard/crtbegin.o
                0x000000002000000c                . = ALIGN (0x4)

.bss            0x000000002000000c      0x564 load address 0x0000000008005c10
                0x000000002000000c                _sbss = .
                0x000000002000000c                __bss_start__ = _sbss
 *(.bss)
 .bss           0x000000002000000c       0x1c /home/stanley/st/stm32cubeide_1.11.2/plugins/com.st.stm32cube.ide.mcu.externaltools.gnu-tools-for-stm32.10.3-2021.10.linux64_1.0.100.202210260954/tools/bin/../lib/gcc/arm-none-eabi/10.3.1/thumb/v8-m.main+fp/hard/crtbegin.o
 *(.bss*)
 .bss.hadc1     0x0000000020000028       0x68 ./Core/Src/adc.o
                0x0000000020000028                hadc1
 .bss.p_uart_dev
                0x0000000020000090        0x4 ./Core/Src/main.o
                0x0000000020000090                p_uart_dev
 .bss.hrtc      0x0000000020000094       0x28 ./Core/Src/rtc.o
                0x0000000020000094                hrtc
 .bss.hlpuart1  0x00000000200000bc       0x94 ./Core/Src/usart.o
                0x00000000200000bc                hlpuart1
 .bss.huart2    0x0000000020000150       0x94 ./Core/Src/usart.o
                0x0000000020000150                huart2
 .bss.huart3    0x00000000200001e4       0x94 ./Core/Src/usart.o
                0x00000000200001e4                huart3
 .bss.hpcd_USB_FS
                0x0000000020000278      0x2f4 ./Core/Src/usb.o
                0x0000000020000278                hpcd_USB_FS
 .bss.uwTick    0x000000002000056c        0x4 ./Drivers/STM32L5xx_HAL_Driver/Src/stm32l5xx_hal.o
                0x000000002000056c                uwTick
 *(COMMON)
                0x0000000020000570                . = ALIGN (0x4)
                0x0000000020000570                _ebss = .
                0x0000000020000570                __bss_end__ = _ebss

._user_heap_stack
                0x0000000020000570      0x600 load address 0x0000000008005c10
                0x0000000020000570                . = ALIGN (0x8)
                [!provide]                        PROVIDE (end = .)
                0x0000000020000570                PROVIDE (_end = .)
                0x0000000020000770                . = (. + _Min_Heap_Size)
 *fill*         0x0000000020000570      0x200 
                0x0000000020000b70                . = (. + _Min_Stack_Size)
 *fill*         0x0000000020000770      0x400 
                0x0000000020000b70                . = ALIGN (0x8)

/DISCARD/
 libc.a(*)
 libm.a(*)
 libgcc.a(*)

.ARM.attributes
                0x0000000000000000       0x36
 *(.ARM.attributes)
 .ARM.attributes
                0x0000000000000000       0x22 /home/stanley/st/stm32cubeide_1.11.2/plugins/com.st.stm32cube.ide.mcu.externaltools.gnu-tools-for-stm32.10.3-2021.10.linux64_1.0.100.202210260954/tools/bin/../lib/gcc/arm-none-eabi/10.3.1/thumb/v8-m.main+fp/hard/crti.o
 .ARM.attributes
                0x0000000000000022       0x38 /home/stanley/st/stm32cubeide_1.11.2/plugins/com.st.stm32cube.ide.mcu.externaltools.gnu-tools-for-stm32.10.3-2021.10.linux64_1.0.100.202210260954/tools/bin/../lib/gcc/arm-none-eabi/10.3.1/thumb/v8-m.main+fp/hard/crtbegin.o
 .ARM.attributes
                0x000000000000005a       0x3a ./Core/Src/CircularBuffer.o
 .ARM.attributes
                0x0000000000000094       0x3a ./Core/Src/LOS_D_UART.o
 .ARM.attributes
                0x00000000000000ce       0x3a ./Core/Src/adc.o
 .ARM.attributes
                0x0000000000000108       0x3a ./Core/Src/gpio.o
 .ARM.attributes
                0x0000000000000142       0x3a ./Core/Src/main.o
 .ARM.attributes
                0x000000000000017c       0x3a ./Core/Src/rtc.o
 .ARM.attributes
                0x00000000000001b6       0x3a ./Core/Src/stm32l5xx_hal_msp.o
 .ARM.attributes
                0x00000000000001f0       0x3a ./Core/Src/stm32l5xx_it.o
 .ARM.attributes
                0x000000000000022a       0x3a ./Core/Src/system_stm32l5xx.o
 .ARM.attributes
                0x0000000000000264       0x3a ./Core/Src/ucpd.o
 .ARM.attributes
                0x000000000000029e       0x3a ./Core/Src/usart.o
 .ARM.attributes
                0x00000000000002d8       0x3a ./Core/Src/usb.o
 .ARM.attributes
                0x0000000000000312       0x24 ./Core/Startup/startup_stm32l552zetxq.o
 .ARM.attributes
                0x0000000000000336       0x3a ./Drivers/STM32L5xx_HAL_Driver/Src/stm32l5xx_hal.o
 .ARM.attributes
                0x0000000000000370       0x3a ./Drivers/STM32L5xx_HAL_Driver/Src/stm32l5xx_hal_adc.o
 .ARM.attributes
                0x00000000000003aa       0x3a ./Drivers/STM32L5xx_HAL_Driver/Src/stm32l5xx_hal_adc_ex.o
 .ARM.attributes
                0x00000000000003e4       0x3a ./Drivers/STM32L5xx_HAL_Driver/Src/stm32l5xx_hal_cortex.o
 .ARM.attributes
                0x000000000000041e       0x3a ./Drivers/STM32L5xx_HAL_Driver/Src/stm32l5xx_hal_gpio.o
 .ARM.attributes
                0x0000000000000458       0x3a ./Drivers/STM32L5xx_HAL_Driver/Src/stm32l5xx_hal_pcd.o
 .ARM.attributes
                0x0000000000000492       0x3a ./Drivers/STM32L5xx_HAL_Driver/Src/stm32l5xx_hal_pcd_ex.o
 .ARM.attributes
                0x00000000000004cc       0x3a ./Drivers/STM32L5xx_HAL_Driver/Src/stm32l5xx_hal_pwr.o
 .ARM.attributes
                0x0000000000000506       0x3a ./Drivers/STM32L5xx_HAL_Driver/Src/stm32l5xx_hal_pwr_ex.o
 .ARM.attributes
                0x0000000000000540       0x3a ./Drivers/STM32L5xx_HAL_Driver/Src/stm32l5xx_hal_rcc.o
 .ARM.attributes
                0x000000000000057a       0x3a ./Drivers/STM32L5xx_HAL_Driver/Src/stm32l5xx_hal_rcc_ex.o
 .ARM.attributes
                0x00000000000005b4       0x3a ./Drivers/STM32L5xx_HAL_Driver/Src/stm32l5xx_hal_rtc.o
 .ARM.attributes
                0x00000000000005ee       0x3a ./Drivers/STM32L5xx_HAL_Driver/Src/stm32l5xx_hal_rtc_ex.o
 .ARM.attributes
                0x0000000000000628       0x3a ./Drivers/STM32L5xx_HAL_Driver/Src/stm32l5xx_hal_uart.o
 .ARM.attributes
                0x0000000000000662       0x3a ./Drivers/STM32L5xx_HAL_Driver/Src/stm32l5xx_hal_uart_ex.o
 .ARM.attributes
                0x000000000000069c       0x3a ./Drivers/STM32L5xx_HAL_Driver/Src/stm32l5xx_ll_gpio.o
 .ARM.attributes
                0x00000000000006d6       0x3a ./Drivers/STM32L5xx_HAL_Driver/Src/stm32l5xx_ll_usb.o
 .ARM.attributes
                0x0000000000000710       0x38 /home/stanley/st/stm32cubeide_1.11.2/plugins/com.st.stm32cube.ide.mcu.externaltools.gnu-tools-for-stm32.10.3-2021.10.linux64_1.0.100.202210260954/tools/bin/../lib/gcc/arm-none-eabi/10.3.1/../../../../arm-none-eabi/lib/thumb/v8-m.main+fp/hard/libc_nano.a(lib_a-init.o)
 .ARM.attributes
                0x0000000000000748       0x38 /home/stanley/st/stm32cubeide_1.11.2/plugins/com.st.stm32cube.ide.mcu.externaltools.gnu-tools-for-stm32.10.3-2021.10.linux64_1.0.100.202210260954/tools/bin/../lib/gcc/arm-none-eabi/10.3.1/../../../../arm-none-eabi/lib/thumb/v8-m.main+fp/hard/libc_nano.a(lib_a-memcpy-stub.o)
 .ARM.attributes
                0x0000000000000780       0x38 /home/stanley/st/stm32cubeide_1.11.2/plugins/com.st.stm32cube.ide.mcu.externaltools.gnu-tools-for-stm32.10.3-2021.10.linux64_1.0.100.202210260954/tools/bin/../lib/gcc/arm-none-eabi/10.3.1/../../../../arm-none-eabi/lib/thumb/v8-m.main+fp/hard/libc_nano.a(lib_a-memset.o)
 .ARM.attributes
                0x00000000000007b8       0x17 /home/stanley/st/stm32cubeide_1.11.2/plugins/com.st.stm32cube.ide.mcu.externaltools.gnu-tools-for-stm32.10.3-2021.10.linux64_1.0.100.202210260954/tools/bin/../lib/gcc/arm-none-eabi/10.3.1/../../../../arm-none-eabi/lib/thumb/v8-m.main+fp/hard/libc_nano.a(lib_a-strlen.o)
 .ARM.attributes
                0x00000000000007cf       0x22 /home/stanley/st/stm32cubeide_1.11.2/plugins/com.st.stm32cube.ide.mcu.externaltools.gnu-tools-for-stm32.10.3-2021.10.linux64_1.0.100.202210260954/tools/bin/../lib/gcc/arm-none-eabi/10.3.1/thumb/v8-m.main+fp/hard/libgcc.a(_aeabi_uldivmod.o)
 .ARM.attributes
                0x00000000000007f1       0x38 /home/stanley/st/stm32cubeide_1.11.2/plugins/com.st.stm32cube.ide.mcu.externaltools.gnu-tools-for-stm32.10.3-2021.10.linux64_1.0.100.202210260954/tools/bin/../lib/gcc/arm-none-eabi/10.3.1/thumb/v8-m.main+fp/hard/libgcc.a(_udivmoddi4.o)
 .ARM.attributes
                0x0000000000000829       0x22 /home/stanley/st/stm32cubeide_1.11.2/plugins/com.st.stm32cube.ide.mcu.externaltools.gnu-tools-for-stm32.10.3-2021.10.linux64_1.0.100.202210260954/tools/bin/../lib/gcc/arm-none-eabi/10.3.1/thumb/v8-m.main+fp/hard/libgcc.a(_dvmd_tls.o)
 .ARM.attributes
                0x000000000000084b       0x22 /home/stanley/st/stm32cubeide_1.11.2/plugins/com.st.stm32cube.ide.mcu.externaltools.gnu-tools-for-stm32.10.3-2021.10.linux64_1.0.100.202210260954/tools/bin/../lib/gcc/arm-none-eabi/10.3.1/thumb/v8-m.main+fp/hard/crtn.o
OUTPUT(UART_driver.elf elf32-littlearm)
LOAD linker stubs
LOAD /home/stanley/st/stm32cubeide_1.11.2/plugins/com.st.stm32cube.ide.mcu.externaltools.gnu-tools-for-stm32.10.3-2021.10.linux64_1.0.100.202210260954/tools/bin/../lib/gcc/arm-none-eabi/10.3.1/../../../../arm-none-eabi/lib/thumb/v8-m.main+fp/hard/libc.a
LOAD /home/stanley/st/stm32cubeide_1.11.2/plugins/com.st.stm32cube.ide.mcu.externaltools.gnu-tools-for-stm32.10.3-2021.10.linux64_1.0.100.202210260954/tools/bin/../lib/gcc/arm-none-eabi/10.3.1/../../../../arm-none-eabi/lib/thumb/v8-m.main+fp/hard/libm.a
LOAD /home/stanley/st/stm32cubeide_1.11.2/plugins/com.st.stm32cube.ide.mcu.externaltools.gnu-tools-for-stm32.10.3-2021.10.linux64_1.0.100.202210260954/tools/bin/../lib/gcc/arm-none-eabi/10.3.1/thumb/v8-m.main+fp/hard/libgcc.a

.debug_info     0x0000000000000000    0x1ed90
 .debug_info    0x0000000000000000      0x4e8 ./Core/Src/CircularBuffer.o
 .debug_info    0x00000000000004e8     0x112a ./Core/Src/LOS_D_UART.o
 .debug_info    0x0000000000001612     0x11a9 ./Core/Src/adc.o
 .debug_info    0x00000000000027bb      0x622 ./Core/Src/gpio.o
 .debug_info    0x0000000000002ddd     0x182c ./Core/Src/main.o
 .debug_info    0x0000000000004609      0xa5d ./Core/Src/rtc.o
 .debug_info    0x0000000000005066      0x424 ./Core/Src/stm32l5xx_hal_msp.o
 .debug_info    0x000000000000548a      0x166 ./Core/Src/stm32l5xx_it.o
 .debug_info    0x00000000000055f0      0x7fc ./Core/Src/system_stm32l5xx.o
 .debug_info    0x0000000000005dec      0x5f5 ./Core/Src/ucpd.o
 .debug_info    0x00000000000063e1     0x1119 ./Core/Src/usart.o
 .debug_info    0x00000000000074fa      0xdea ./Core/Src/usb.o
 .debug_info    0x00000000000082e4       0x22 ./Core/Startup/startup_stm32l552zetxq.o
 .debug_info    0x0000000000008306      0xd43 ./Drivers/STM32L5xx_HAL_Driver/Src/stm32l5xx_hal.o
 .debug_info    0x0000000000009049     0x2026 ./Drivers/STM32L5xx_HAL_Driver/Src/stm32l5xx_hal_adc.o
 .debug_info    0x000000000000b06f     0x1da4 ./Drivers/STM32L5xx_HAL_Driver/Src/stm32l5xx_hal_adc_ex.o
 .debug_info    0x000000000000ce13     0x1177 ./Drivers/STM32L5xx_HAL_Driver/Src/stm32l5xx_hal_cortex.o
 .debug_info    0x000000000000df8a      0x655 ./Drivers/STM32L5xx_HAL_Driver/Src/stm32l5xx_hal_gpio.o
 .debug_info    0x000000000000e5df     0x1714 ./Drivers/STM32L5xx_HAL_Driver/Src/stm32l5xx_hal_pcd.o
 .debug_info    0x000000000000fcf3      0x882 ./Drivers/STM32L5xx_HAL_Driver/Src/stm32l5xx_hal_pcd_ex.o
 .debug_info    0x0000000000010575      0xd12 ./Drivers/STM32L5xx_HAL_Driver/Src/stm32l5xx_hal_pwr.o
 .debug_info    0x0000000000011287      0xdf9 ./Drivers/STM32L5xx_HAL_Driver/Src/stm32l5xx_hal_pwr_ex.o
 .debug_info    0x0000000000012080     0x1083 ./Drivers/STM32L5xx_HAL_Driver/Src/stm32l5xx_hal_rcc.o
 .debug_info    0x0000000000013103     0x121a ./Drivers/STM32L5xx_HAL_Driver/Src/stm32l5xx_hal_rcc_ex.o
 .debug_info    0x000000000001431d     0x1079 ./Drivers/STM32L5xx_HAL_Driver/Src/stm32l5xx_hal_rtc.o
 .debug_info    0x0000000000015396     0x1b9b ./Drivers/STM32L5xx_HAL_Driver/Src/stm32l5xx_hal_rtc_ex.o
 .debug_info    0x0000000000016f31     0x4ba2 ./Drivers/STM32L5xx_HAL_Driver/Src/stm32l5xx_hal_uart.o
 .debug_info    0x000000000001bad3     0x10a8 ./Drivers/STM32L5xx_HAL_Driver/Src/stm32l5xx_hal_uart_ex.o
 .debug_info    0x000000000001cb7b      0xaec ./Drivers/STM32L5xx_HAL_Driver/Src/stm32l5xx_ll_gpio.o
 .debug_info    0x000000000001d667     0x1729 ./Drivers/STM32L5xx_HAL_Driver/Src/stm32l5xx_ll_usb.o

.debug_abbrev   0x0000000000000000     0x41f5
 .debug_abbrev  0x0000000000000000      0x211 ./Core/Src/CircularBuffer.o
 .debug_abbrev  0x0000000000000211      0x348 ./Core/Src/LOS_D_UART.o
 .debug_abbrev  0x0000000000000559      0x207 ./Core/Src/adc.o
 .debug_abbrev  0x0000000000000760      0x180 ./Core/Src/gpio.o
 .debug_abbrev  0x00000000000008e0      0x3ca ./Core/Src/main.o
 .debug_abbrev  0x0000000000000caa      0x1d1 ./Core/Src/rtc.o
 .debug_abbrev  0x0000000000000e7b       0xec ./Core/Src/stm32l5xx_hal_msp.o
 .debug_abbrev  0x0000000000000f67       0xad ./Core/Src/stm32l5xx_it.o
 .debug_abbrev  0x0000000000001014      0x127 ./Core/Src/system_stm32l5xx.o
 .debug_abbrev  0x000000000000113b      0x1b1 ./Core/Src/ucpd.o
 .debug_abbrev  0x00000000000012ec      0x26f ./Core/Src/usart.o
 .debug_abbrev  0x000000000000155b      0x224 ./Core/Src/usb.o
 .debug_abbrev  0x000000000000177f       0x12 ./Core/Startup/startup_stm32l552zetxq.o
 .debug_abbrev  0x0000000000001791      0x2c3 ./Drivers/STM32L5xx_HAL_Driver/Src/stm32l5xx_hal.o
 .debug_abbrev  0x0000000000001a54      0x2b6 ./Drivers/STM32L5xx_HAL_Driver/Src/stm32l5xx_hal_adc.o
 .debug_abbrev  0x0000000000001d0a      0x2da ./Drivers/STM32L5xx_HAL_Driver/Src/stm32l5xx_hal_adc_ex.o
 .debug_abbrev  0x0000000000001fe4      0x31d ./Drivers/STM32L5xx_HAL_Driver/Src/stm32l5xx_hal_cortex.o
 .debug_abbrev  0x0000000000002301      0x1b2 ./Drivers/STM32L5xx_HAL_Driver/Src/stm32l5xx_hal_gpio.o
 .debug_abbrev  0x00000000000024b3      0x2a4 ./Drivers/STM32L5xx_HAL_Driver/Src/stm32l5xx_hal_pcd.o
 .debug_abbrev  0x0000000000002757      0x21d ./Drivers/STM32L5xx_HAL_Driver/Src/stm32l5xx_hal_pcd_ex.o
 .debug_abbrev  0x0000000000002974      0x1fa ./Drivers/STM32L5xx_HAL_Driver/Src/stm32l5xx_hal_pwr.o
 .debug_abbrev  0x0000000000002b6e      0x283 ./Drivers/STM32L5xx_HAL_Driver/Src/stm32l5xx_hal_pwr_ex.o
 .debug_abbrev  0x0000000000002df1      0x2ee ./Drivers/STM32L5xx_HAL_Driver/Src/stm32l5xx_hal_rcc.o
 .debug_abbrev  0x00000000000030df      0x2b9 ./Drivers/STM32L5xx_HAL_Driver/Src/stm32l5xx_hal_rcc_ex.o
 .debug_abbrev  0x0000000000003398      0x1ff ./Drivers/STM32L5xx_HAL_Driver/Src/stm32l5xx_hal_rtc.o
 .debug_abbrev  0x0000000000003597      0x21f ./Drivers/STM32L5xx_HAL_Driver/Src/stm32l5xx_hal_rtc_ex.o
 .debug_abbrev  0x00000000000037b6      0x310 ./Drivers/STM32L5xx_HAL_Driver/Src/stm32l5xx_hal_uart.o
 .debug_abbrev  0x0000000000003ac6      0x2bd ./Drivers/STM32L5xx_HAL_Driver/Src/stm32l5xx_hal_uart_ex.o
 .debug_abbrev  0x0000000000003d83      0x243 ./Drivers/STM32L5xx_HAL_Driver/Src/stm32l5xx_ll_gpio.o
 .debug_abbrev  0x0000000000003fc6      0x22f ./Drivers/STM32L5xx_HAL_Driver/Src/stm32l5xx_ll_usb.o

.debug_aranges  0x0000000000000000     0x1640
 .debug_aranges
                0x0000000000000000       0x50 ./Core/Src/CircularBuffer.o
 .debug_aranges
                0x0000000000000050       0x50 ./Core/Src/LOS_D_UART.o
 .debug_aranges
                0x00000000000000a0       0x30 ./Core/Src/adc.o
 .debug_aranges
                0x00000000000000d0       0x20 ./Core/Src/gpio.o
 .debug_aranges
                0x00000000000000f0       0x48 ./Core/Src/main.o
 .debug_aranges
                0x0000000000000138       0x30 ./Core/Src/rtc.o
 .debug_aranges
                0x0000000000000168       0x20 ./Core/Src/stm32l5xx_hal_msp.o
 .debug_aranges
                0x0000000000000188       0x60 ./Core/Src/stm32l5xx_it.o
 .debug_aranges
                0x00000000000001e8       0x28 ./Core/Src/system_stm32l5xx.o
 .debug_aranges
                0x0000000000000210       0x30 ./Core/Src/ucpd.o
 .debug_aranges
                0x0000000000000240       0x40 ./Core/Src/usart.o
 .debug_aranges
                0x0000000000000280       0x30 ./Core/Src/usb.o
 .debug_aranges
                0x00000000000002b0       0x28 ./Core/Startup/startup_stm32l552zetxq.o
 .debug_aranges
                0x00000000000002d8      0x130 ./Drivers/STM32L5xx_HAL_Driver/Src/stm32l5xx_hal.o
 .debug_aranges
                0x0000000000000408      0x228 ./Drivers/STM32L5xx_HAL_Driver/Src/stm32l5xx_hal_adc.o
 .debug_aranges
                0x0000000000000630      0x1b0 ./Drivers/STM32L5xx_HAL_Driver/Src/stm32l5xx_hal_adc_ex.o
 .debug_aranges
                0x00000000000007e0      0x130 ./Drivers/STM32L5xx_HAL_Driver/Src/stm32l5xx_hal_cortex.o
 .debug_aranges
                0x0000000000000910       0x60 ./Drivers/STM32L5xx_HAL_Driver/Src/stm32l5xx_hal_gpio.o
 .debug_aranges
                0x0000000000000970      0x138 ./Drivers/STM32L5xx_HAL_Driver/Src/stm32l5xx_hal_pcd.o
 .debug_aranges
                0x0000000000000aa8       0x58 ./Drivers/STM32L5xx_HAL_Driver/Src/stm32l5xx_hal_pcd_ex.o
 .debug_aranges
                0x0000000000000b00       0xa8 ./Drivers/STM32L5xx_HAL_Driver/Src/stm32l5xx_hal_pwr.o
 .debug_aranges
                0x0000000000000ba8      0x1b8 ./Drivers/STM32L5xx_HAL_Driver/Src/stm32l5xx_hal_pwr_ex.o
 .debug_aranges
                0x0000000000000d60       0xa8 ./Drivers/STM32L5xx_HAL_Driver/Src/stm32l5xx_hal_rcc.o
 .debug_aranges
                0x0000000000000e08      0x118 ./Drivers/STM32L5xx_HAL_Driver/Src/stm32l5xx_hal_rcc_ex.o
 .debug_aranges
                0x0000000000000f20       0xe8 ./Drivers/STM32L5xx_HAL_Driver/Src/stm32l5xx_hal_rtc.o
 .debug_aranges
                0x0000000000001008      0x220 ./Drivers/STM32L5xx_HAL_Driver/Src/stm32l5xx_hal_rtc_ex.o
 .debug_aranges
                0x0000000000001228      0x248 ./Drivers/STM32L5xx_HAL_Driver/Src/stm32l5xx_hal_uart.o
 .debug_aranges
                0x0000000000001470       0xa8 ./Drivers/STM32L5xx_HAL_Driver/Src/stm32l5xx_hal_uart_ex.o
 .debug_aranges
                0x0000000000001518       0x70 ./Drivers/STM32L5xx_HAL_Driver/Src/stm32l5xx_ll_gpio.o
 .debug_aranges
                0x0000000000001588       0xb8 ./Drivers/STM32L5xx_HAL_Driver/Src/stm32l5xx_ll_usb.o

.debug_ranges   0x0000000000000000     0x1498
 .debug_ranges  0x0000000000000000       0x40 ./Core/Src/CircularBuffer.o
 .debug_ranges  0x0000000000000040       0x40 ./Core/Src/LOS_D_UART.o
 .debug_ranges  0x0000000000000080       0x20 ./Core/Src/adc.o
 .debug_ranges  0x00000000000000a0       0x10 ./Core/Src/gpio.o
 .debug_ranges  0x00000000000000b0       0x38 ./Core/Src/main.o
 .debug_ranges  0x00000000000000e8       0x20 ./Core/Src/rtc.o
 .debug_ranges  0x0000000000000108       0x10 ./Core/Src/stm32l5xx_hal_msp.o
 .debug_ranges  0x0000000000000118       0x50 ./Core/Src/stm32l5xx_it.o
 .debug_ranges  0x0000000000000168       0x18 ./Core/Src/system_stm32l5xx.o
 .debug_ranges  0x0000000000000180       0x20 ./Core/Src/ucpd.o
 .debug_ranges  0x00000000000001a0       0x30 ./Core/Src/usart.o
 .debug_ranges  0x00000000000001d0       0x20 ./Core/Src/usb.o
 .debug_ranges  0x00000000000001f0       0x20 ./Core/Startup/startup_stm32l552zetxq.o
 .debug_ranges  0x0000000000000210      0x120 ./Drivers/STM32L5xx_HAL_Driver/Src/stm32l5xx_hal.o
 .debug_ranges  0x0000000000000330      0x218 ./Drivers/STM32L5xx_HAL_Driver/Src/stm32l5xx_hal_adc.o
 .debug_ranges  0x0000000000000548      0x1a0 ./Drivers/STM32L5xx_HAL_Driver/Src/stm32l5xx_hal_adc_ex.o
 .debug_ranges  0x00000000000006e8      0x120 ./Drivers/STM32L5xx_HAL_Driver/Src/stm32l5xx_hal_cortex.o
 .debug_ranges  0x0000000000000808       0x50 ./Drivers/STM32L5xx_HAL_Driver/Src/stm32l5xx_hal_gpio.o
 .debug_ranges  0x0000000000000858      0x128 ./Drivers/STM32L5xx_HAL_Driver/Src/stm32l5xx_hal_pcd.o
 .debug_ranges  0x0000000000000980       0x48 ./Drivers/STM32L5xx_HAL_Driver/Src/stm32l5xx_hal_pcd_ex.o
 .debug_ranges  0x00000000000009c8       0x98 ./Drivers/STM32L5xx_HAL_Driver/Src/stm32l5xx_hal_pwr.o
 .debug_ranges  0x0000000000000a60      0x1a8 ./Drivers/STM32L5xx_HAL_Driver/Src/stm32l5xx_hal_pwr_ex.o
 .debug_ranges  0x0000000000000c08       0x98 ./Drivers/STM32L5xx_HAL_Driver/Src/stm32l5xx_hal_rcc.o
 .debug_ranges  0x0000000000000ca0      0x108 ./Drivers/STM32L5xx_HAL_Driver/Src/stm32l5xx_hal_rcc_ex.o
 .debug_ranges  0x0000000000000da8       0xd8 ./Drivers/STM32L5xx_HAL_Driver/Src/stm32l5xx_hal_rtc.o
 .debug_ranges  0x0000000000000e80      0x210 ./Drivers/STM32L5xx_HAL_Driver/Src/stm32l5xx_hal_rtc_ex.o
 .debug_ranges  0x0000000000001090      0x268 ./Drivers/STM32L5xx_HAL_Driver/Src/stm32l5xx_hal_uart.o
 .debug_ranges  0x00000000000012f8       0x98 ./Drivers/STM32L5xx_HAL_Driver/Src/stm32l5xx_hal_uart_ex.o
 .debug_ranges  0x0000000000001390       0x60 ./Drivers/STM32L5xx_HAL_Driver/Src/stm32l5xx_ll_gpio.o
 .debug_ranges  0x00000000000013f0       0xa8 ./Drivers/STM32L5xx_HAL_Driver/Src/stm32l5xx_ll_usb.o

.debug_macro    0x0000000000000000    0x31820
 .debug_macro   0x0000000000000000      0x171 ./Core/Src/CircularBuffer.o
 .debug_macro   0x0000000000000171      0xb5c ./Core/Src/CircularBuffer.o
 .debug_macro   0x0000000000000ccd       0x1c ./Core/Src/CircularBuffer.o
 .debug_macro   0x0000000000000ce9       0x22 ./Core/Src/CircularBuffer.o
 .debug_macro   0x0000000000000d0b       0x8e ./Core/Src/CircularBuffer.o
 .debug_macro   0x0000000000000d99       0x51 ./Core/Src/CircularBuffer.o
 .debug_macro   0x0000000000000dea      0x103 ./Core/Src/CircularBuffer.o
 .debug_macro   0x0000000000000eed       0x6a ./Core/Src/CircularBuffer.o
 .debug_macro   0x0000000000000f57      0x1df ./Core/Src/CircularBuffer.o
 .debug_macro   0x0000000000001136      0x18a ./Core/Src/CircularBuffer.o
 .debug_macro   0x00000000000012c0       0x10 ./Core/Src/CircularBuffer.o
 .debug_macro   0x00000000000012d0      0x3d1 ./Core/Src/CircularBuffer.o
 .debug_macro   0x00000000000016a1       0x52 ./Core/Src/CircularBuffer.o
 .debug_macro   0x00000000000016f3       0x1e ./Core/Src/CircularBuffer.o
 .debug_macro   0x0000000000001711       0x3c ./Core/Src/CircularBuffer.o
 .debug_macro   0x000000000000174d       0x34 ./Core/Src/CircularBuffer.o
 .debug_macro   0x0000000000001781      0x17b ./Core/Src/CircularBuffer.o
 .debug_macro   0x00000000000018fc       0x16 ./Core/Src/CircularBuffer.o
 .debug_macro   0x0000000000001912       0x43 ./Core/Src/CircularBuffer.o
 .debug_macro   0x0000000000001955       0x34 ./Core/Src/CircularBuffer.o
 .debug_macro   0x0000000000001989       0x10 ./Core/Src/CircularBuffer.o
 .debug_macro   0x0000000000001999       0x58 ./Core/Src/CircularBuffer.o
 .debug_macro   0x00000000000019f1       0x71 ./Core/Src/CircularBuffer.o
 .debug_macro   0x0000000000001a62       0x16 ./Core/Src/CircularBuffer.o
 .debug_macro   0x0000000000001a78      0x12a ./Core/Src/CircularBuffer.o
 .debug_macro   0x0000000000001ba2      0x364 ./Core/Src/CircularBuffer.o
 .debug_macro   0x0000000000001f06       0x10 ./Core/Src/CircularBuffer.o
 .debug_macro   0x0000000000001f16       0x35 ./Core/Src/CircularBuffer.o
 .debug_macro   0x0000000000001f4b       0x20 ./Core/Src/CircularBuffer.o
 .debug_macro   0x0000000000001f6b       0x8e ./Core/Src/CircularBuffer.o
 .debug_macro   0x0000000000001ff9      0x308 ./Core/Src/LOS_D_UART.o
 .debug_macro   0x0000000000002301      0x1a2 ./Core/Src/LOS_D_UART.o
 .debug_macro   0x00000000000024a3       0x2e ./Core/Src/LOS_D_UART.o
 .debug_macro   0x00000000000024d1       0x42 ./Core/Src/LOS_D_UART.o
 .debug_macro   0x0000000000002513       0x1c ./Core/Src/LOS_D_UART.o
 .debug_macro   0x000000000000252f       0x29 ./Core/Src/LOS_D_UART.o
 .debug_macro   0x0000000000002558       0xfb ./Core/Src/LOS_D_UART.o
 .debug_macro   0x0000000000002653     0x1336 ./Core/Src/LOS_D_UART.o
 .debug_macro   0x0000000000003989       0x5e ./Core/Src/LOS_D_UART.o
 .debug_macro   0x00000000000039e7    0x1aca2 ./Core/Src/LOS_D_UART.o
 .debug_macro   0x000000000001e689       0x6c ./Core/Src/LOS_D_UART.o
 .debug_macro   0x000000000001e6f5     0x3535 ./Core/Src/LOS_D_UART.o
 .debug_macro   0x0000000000021c2a       0x5c ./Core/Src/LOS_D_UART.o
 .debug_macro   0x0000000000021c86     0x1987 ./Core/Src/LOS_D_UART.o
 .debug_macro   0x000000000002360d      0xa52 ./Core/Src/LOS_D_UART.o
 .debug_macro   0x000000000002405f      0x1cf ./Core/Src/LOS_D_UART.o
 .debug_macro   0x000000000002422e      0x1d8 ./Core/Src/LOS_D_UART.o
 .debug_macro   0x0000000000024406      0x4e1 ./Core/Src/LOS_D_UART.o
 .debug_macro   0x00000000000248e7      0x1ab ./Core/Src/LOS_D_UART.o
 .debug_macro   0x0000000000024a92       0x4a ./Core/Src/LOS_D_UART.o
 .debug_macro   0x0000000000024adc      0x1b9 ./Core/Src/LOS_D_UART.o
 .debug_macro   0x0000000000024c95      0xecd ./Core/Src/LOS_D_UART.o
 .debug_macro   0x0000000000025b62      0x608 ./Core/Src/LOS_D_UART.o
 .debug_macro   0x000000000002616a      0x2e9 ./Core/Src/LOS_D_UART.o
 .debug_macro   0x0000000000026453      0x230 ./Core/Src/LOS_D_UART.o
 .debug_macro   0x0000000000026683      0x3bb ./Core/Src/LOS_D_UART.o
 .debug_macro   0x0000000000026a3e       0x36 ./Core/Src/LOS_D_UART.o
 .debug_macro   0x0000000000026a74      0x11c ./Core/Src/LOS_D_UART.o
 .debug_macro   0x0000000000026b90      0x22c ./Core/Src/LOS_D_UART.o
 .debug_macro   0x0000000000026dbc       0x5b ./Core/Src/LOS_D_UART.o
 .debug_macro   0x0000000000026e17       0xa5 ./Core/Src/LOS_D_UART.o
 .debug_macro   0x0000000000026ebc       0xc8 ./Core/Src/LOS_D_UART.o
 .debug_macro   0x0000000000026f84       0x73 ./Core/Src/LOS_D_UART.o
 .debug_macro   0x0000000000026ff7      0x22d ./Core/Src/LOS_D_UART.o
 .debug_macro   0x0000000000027224      0x199 ./Core/Src/LOS_D_UART.o
 .debug_macro   0x00000000000273bd      0x487 ./Core/Src/LOS_D_UART.o
 .debug_macro   0x0000000000027844      0x31a ./Core/Src/LOS_D_UART.o
 .debug_macro   0x0000000000027b5e      0x748 ./Core/Src/LOS_D_UART.o
 .debug_macro   0x00000000000282a6       0xeb ./Core/Src/LOS_D_UART.o
 .debug_macro   0x0000000000028391      0x693 ./Core/Src/LOS_D_UART.o
 .debug_macro   0x0000000000028a24       0xa6 ./Core/Src/LOS_D_UART.o
 .debug_macro   0x0000000000028aca      0x3f1 ./Core/Src/LOS_D_UART.o
 .debug_macro   0x0000000000028ebb      0x2b6 ./Core/Src/LOS_D_UART.o
 .debug_macro   0x0000000000029171      0x1e2 ./Core/Src/LOS_D_UART.o
 .debug_macro   0x0000000000029353      0x15a ./Core/Src/LOS_D_UART.o
 .debug_macro   0x00000000000294ad      0xbd0 ./Core/Src/LOS_D_UART.o
 .debug_macro   0x000000000002a07d      0x398 ./Core/Src/LOS_D_UART.o
 .debug_macro   0x000000000002a415       0xae ./Core/Src/LOS_D_UART.o
 .debug_macro   0x000000000002a4c3      0x21d ./Core/Src/LOS_D_UART.o
 .debug_macro   0x000000000002a6e0      0x165 ./Core/Src/LOS_D_UART.o
 .debug_macro   0x000000000002a845      0x5bf ./Core/Src/LOS_D_UART.o
 .debug_macro   0x000000000002ae04      0x314 ./Core/Src/LOS_D_UART.o
 .debug_macro   0x000000000002b118      0x215 ./Core/Src/LOS_D_UART.o
 .debug_macro   0x000000000002b32d       0x70 ./Core/Src/LOS_D_UART.o
 .debug_macro   0x000000000002b39d      0x2be ./Core/Src/adc.o
 .debug_macro   0x000000000002b65b      0xa84 ./Core/Src/adc.o
 .debug_macro   0x000000000002c0df     0x1336 ./Core/Src/adc.o
 .debug_macro   0x000000000002d415      0x174 ./Core/Src/adc.o
 .debug_macro   0x000000000002d589      0x2be ./Core/Src/gpio.o
 .debug_macro   0x000000000002d847      0x415 ./Core/Src/main.o
 .debug_macro   0x000000000002dc5c      0x2be ./Core/Src/rtc.o
 .debug_macro   0x000000000002df1a      0x2b4 ./Core/Src/stm32l5xx_hal_msp.o
 .debug_macro   0x000000000002e1ce      0x2be ./Core/Src/stm32l5xx_it.o
 .debug_macro   0x000000000002e48c      0x23c ./Core/Src/system_stm32l5xx.o
 .debug_macro   0x000000000002e6c8      0x2be ./Core/Src/ucpd.o
 .debug_macro   0x000000000002e986      0x2be ./Core/Src/usart.o
 .debug_macro   0x000000000002ec44      0x2be ./Core/Src/usb.o
 .debug_macro   0x000000000002ef02      0x26c ./Drivers/STM32L5xx_HAL_Driver/Src/stm32l5xx_hal.o
 .debug_macro   0x000000000002f16e      0x259 ./Drivers/STM32L5xx_HAL_Driver/Src/stm32l5xx_hal_adc.o
 .debug_macro   0x000000000002f3c7      0x248 ./Drivers/STM32L5xx_HAL_Driver/Src/stm32l5xx_hal_adc_ex.o
 .debug_macro   0x000000000002f60f      0x23c ./Drivers/STM32L5xx_HAL_Driver/Src/stm32l5xx_hal_cortex.o
 .debug_macro   0x000000000002f84b      0x242 ./Drivers/STM32L5xx_HAL_Driver/Src/stm32l5xx_hal_gpio.o
 .debug_macro   0x000000000002fa8d      0x248 ./Drivers/STM32L5xx_HAL_Driver/Src/stm32l5xx_hal_pcd.o
 .debug_macro   0x000000000002fcd5      0x23c ./Drivers/STM32L5xx_HAL_Driver/Src/stm32l5xx_hal_pcd_ex.o
 .debug_macro   0x000000000002ff11      0x254 ./Drivers/STM32L5xx_HAL_Driver/Src/stm32l5xx_hal_pwr.o
 .debug_macro   0x0000000000030165      0x26c ./Drivers/STM32L5xx_HAL_Driver/Src/stm32l5xx_hal_pwr_ex.o
 .debug_macro   0x00000000000303d1      0x266 ./Drivers/STM32L5xx_HAL_Driver/Src/stm32l5xx_hal_rcc.o
 .debug_macro   0x0000000000030637      0x2a2 ./Drivers/STM32L5xx_HAL_Driver/Src/stm32l5xx_hal_rcc_ex.o
 .debug_macro   0x00000000000308d9      0x23d ./Drivers/STM32L5xx_HAL_Driver/Src/stm32l5xx_hal_rtc.o
 .debug_macro   0x0000000000030b16      0x242 ./Drivers/STM32L5xx_HAL_Driver/Src/stm32l5xx_hal_rtc_ex.o
 .debug_macro   0x0000000000030d58      0x267 ./Drivers/STM32L5xx_HAL_Driver/Src/stm32l5xx_hal_uart.o
 .debug_macro   0x0000000000030fbf      0x248 ./Drivers/STM32L5xx_HAL_Driver/Src/stm32l5xx_hal_uart_ex.o
 .debug_macro   0x0000000000031207      0x27e ./Drivers/STM32L5xx_HAL_Driver/Src/stm32l5xx_ll_gpio.o
 .debug_macro   0x0000000000031485      0x15f ./Drivers/STM32L5xx_HAL_Driver/Src/stm32l5xx_ll_gpio.o
 .debug_macro   0x00000000000315e4      0x23c ./Drivers/STM32L5xx_HAL_Driver/Src/stm32l5xx_ll_usb.o

.debug_line     0x0000000000000000    0x1c567
 .debug_line    0x0000000000000000      0x897 ./Core/Src/CircularBuffer.o
 .debug_line    0x0000000000000897      0xb9e ./Core/Src/LOS_D_UART.o
 .debug_line    0x0000000000001435      0x96b ./Core/Src/adc.o
 .debug_line    0x0000000000001da0      0x8ef ./Core/Src/gpio.o
 .debug_line    0x000000000000268f      0xd9b ./Core/Src/main.o
 .debug_line    0x000000000000342a      0x937 ./Core/Src/rtc.o
 .debug_line    0x0000000000003d61      0x8b8 ./Core/Src/stm32l5xx_hal_msp.o
 .debug_line    0x0000000000004619      0x97b ./Core/Src/stm32l5xx_it.o
 .debug_line    0x0000000000004f94      0x850 ./Core/Src/system_stm32l5xx.o
 .debug_line    0x00000000000057e4      0x913 ./Core/Src/ucpd.o
 .debug_line    0x00000000000060f7      0xa8e ./Core/Src/usart.o
 .debug_line    0x0000000000006b85      0x930 ./Core/Src/usb.o
 .debug_line    0x00000000000074b5       0x88 ./Core/Startup/startup_stm32l552zetxq.o
 .debug_line    0x000000000000753d      0xbc3 ./Drivers/STM32L5xx_HAL_Driver/Src/stm32l5xx_hal.o
 .debug_line    0x0000000000008100     0x1f65 ./Drivers/STM32L5xx_HAL_Driver/Src/stm32l5xx_hal_adc.o
 .debug_line    0x000000000000a065     0x19cf ./Drivers/STM32L5xx_HAL_Driver/Src/stm32l5xx_hal_adc_ex.o
 .debug_line    0x000000000000ba34      0xdbb ./Drivers/STM32L5xx_HAL_Driver/Src/stm32l5xx_hal_cortex.o
 .debug_line    0x000000000000c7ef      0xc08 ./Drivers/STM32L5xx_HAL_Driver/Src/stm32l5xx_hal_gpio.o
 .debug_line    0x000000000000d3f7     0x13d0 ./Drivers/STM32L5xx_HAL_Driver/Src/stm32l5xx_hal_pcd.o
 .debug_line    0x000000000000e7c7      0x921 ./Drivers/STM32L5xx_HAL_Driver/Src/stm32l5xx_hal_pcd_ex.o
 .debug_line    0x000000000000f0e8      0x9ec ./Drivers/STM32L5xx_HAL_Driver/Src/stm32l5xx_hal_pwr.o
 .debug_line    0x000000000000fad4      0xf77 ./Drivers/STM32L5xx_HAL_Driver/Src/stm32l5xx_hal_pwr_ex.o
 .debug_line    0x0000000000010a4b     0x1303 ./Drivers/STM32L5xx_HAL_Driver/Src/stm32l5xx_hal_rcc.o
 .debug_line    0x0000000000011d4e     0x1c1b ./Drivers/STM32L5xx_HAL_Driver/Src/stm32l5xx_hal_rcc_ex.o
 .debug_line    0x0000000000013969      0xf99 ./Drivers/STM32L5xx_HAL_Driver/Src/stm32l5xx_hal_rtc.o
 .debug_line    0x0000000000014902     0x1719 ./Drivers/STM32L5xx_HAL_Driver/Src/stm32l5xx_hal_rtc_ex.o
 .debug_line    0x000000000001601b     0x3c1e ./Drivers/STM32L5xx_HAL_Driver/Src/stm32l5xx_hal_uart.o
 .debug_line    0x0000000000019c39      0xe04 ./Drivers/STM32L5xx_HAL_Driver/Src/stm32l5xx_hal_uart_ex.o
 .debug_line    0x000000000001aa3d      0xadd ./Drivers/STM32L5xx_HAL_Driver/Src/stm32l5xx_ll_gpio.o
 .debug_line    0x000000000001b51a     0x104d ./Drivers/STM32L5xx_HAL_Driver/Src/stm32l5xx_ll_usb.o

.debug_str      0x0000000000000000   0x12c0f6
 .debug_str     0x0000000000000000     0x89f7 ./Core/Src/CircularBuffer.o
                                       0x8bf9 (size before relaxing)
 .debug_str     0x00000000000089f7   0x11c0d6 ./Core/Src/LOS_D_UART.o
                                     0x123b3f (size before relaxing)
 .debug_str     0x0000000000124acd      0x99b ./Core/Src/adc.o
                                     0x121eb0 (size before relaxing)
 .debug_str     0x0000000000125468       0x5a ./Core/Src/gpio.o
                                     0x12153d (size before relaxing)
 .debug_str     0x00000000001254c2      0x366 ./Core/Src/main.o
                                     0x12702f (size before relaxing)
 .debug_str     0x0000000000125828      0x26b ./Core/Src/rtc.o
                                     0x121a39 (size before relaxing)
 .debug_str     0x0000000000125a93       0x2c ./Core/Src/stm32l5xx_hal_msp.o
                                     0x121452 (size before relaxing)
 .debug_str     0x0000000000125abf       0xc9 ./Core/Src/stm32l5xx_it.o
                                     0x121312 (size before relaxing)
 .debug_str     0x0000000000125b88      0x17d ./Core/Src/system_stm32l5xx.o
                                     0x10fffc (size before relaxing)
 .debug_str     0x0000000000125d05       0x6e ./Core/Src/ucpd.o
                                     0x121538 (size before relaxing)
 .debug_str     0x0000000000125d73       0xbc ./Core/Src/usart.o
                                     0x121e9e (size before relaxing)
 .debug_str     0x0000000000125e2f      0x325 ./Core/Src/usb.o
                                     0x121bac (size before relaxing)
 .debug_str     0x0000000000126154       0x37 ./Core/Startup/startup_stm32l552zetxq.o
                                         0x75 (size before relaxing)
 .debug_str     0x000000000012618b      0xb3c ./Drivers/STM32L5xx_HAL_Driver/Src/stm32l5xx_hal.o
                                     0x110b73 (size before relaxing)
 .debug_str     0x0000000000126cc7      0xaa5 ./Drivers/STM32L5xx_HAL_Driver/Src/stm32l5xx_hal_adc.o
                                     0x110e97 (size before relaxing)
 .debug_str     0x000000000012776c      0x665 ./Drivers/STM32L5xx_HAL_Driver/Src/stm32l5xx_hal_adc_ex.o
                                     0x110e52 (size before relaxing)
 .debug_str     0x0000000000127dd1      0x3aa ./Drivers/STM32L5xx_HAL_Driver/Src/stm32l5xx_hal_cortex.o
                                     0x11097a (size before relaxing)
 .debug_str     0x000000000012817b      0x190 ./Drivers/STM32L5xx_HAL_Driver/Src/stm32l5xx_hal_gpio.o
                                     0x10ff85 (size before relaxing)
 .debug_str     0x000000000012830b      0x543 ./Drivers/STM32L5xx_HAL_Driver/Src/stm32l5xx_hal_pcd.o
                                     0x11063c (size before relaxing)
 .debug_str     0x000000000012884e      0x186 ./Drivers/STM32L5xx_HAL_Driver/Src/stm32l5xx_hal_pcd_ex.o
                                     0x110298 (size before relaxing)
 .debug_str     0x00000000001289d4      0x396 ./Drivers/STM32L5xx_HAL_Driver/Src/stm32l5xx_hal_pwr.o
                                     0x11040a (size before relaxing)
 .debug_str     0x0000000000128d6a      0x618 ./Drivers/STM32L5xx_HAL_Driver/Src/stm32l5xx_hal_pwr_ex.o
                                     0x110761 (size before relaxing)
 .debug_str     0x0000000000129382      0x3d8 ./Drivers/STM32L5xx_HAL_Driver/Src/stm32l5xx_hal_rcc.o
                                     0x110616 (size before relaxing)
 .debug_str     0x000000000012975a      0x7ab ./Drivers/STM32L5xx_HAL_Driver/Src/stm32l5xx_hal_rcc_ex.o
                                     0x110b6c (size before relaxing)
 .debug_str     0x0000000000129f05      0x445 ./Drivers/STM32L5xx_HAL_Driver/Src/stm32l5xx_hal_rtc.o
                                     0x110434 (size before relaxing)
 .debug_str     0x000000000012a34a      0xae4 ./Drivers/STM32L5xx_HAL_Driver/Src/stm32l5xx_hal_rtc_ex.o
                                     0x110d88 (size before relaxing)
 .debug_str     0x000000000012ae2e      0x94f ./Drivers/STM32L5xx_HAL_Driver/Src/stm32l5xx_hal_uart.o
                                     0x110f3c (size before relaxing)
 .debug_str     0x000000000012b77d      0x24e ./Drivers/STM32L5xx_HAL_Driver/Src/stm32l5xx_hal_uart_ex.o
                                     0x1106ca (size before relaxing)
 .debug_str     0x000000000012b9cb      0x658 ./Drivers/STM32L5xx_HAL_Driver/Src/stm32l5xx_ll_gpio.o
                                     0x111a64 (size before relaxing)
 .debug_str     0x000000000012c023       0xd3 ./Drivers/STM32L5xx_HAL_Driver/Src/stm32l5xx_ll_usb.o
                                     0x110179 (size before relaxing)

.comment        0x0000000000000000       0x50
 .comment       0x0000000000000000       0x50 ./Core/Src/CircularBuffer.o
                                         0x51 (size before relaxing)
 .comment       0x0000000000000050       0x51 ./Core/Src/LOS_D_UART.o
 .comment       0x0000000000000050       0x51 ./Core/Src/adc.o
 .comment       0x0000000000000050       0x51 ./Core/Src/gpio.o
 .comment       0x0000000000000050       0x51 ./Core/Src/main.o
 .comment       0x0000000000000050       0x51 ./Core/Src/rtc.o
 .comment       0x0000000000000050       0x51 ./Core/Src/stm32l5xx_hal_msp.o
 .comment       0x0000000000000050       0x51 ./Core/Src/stm32l5xx_it.o
 .comment       0x0000000000000050       0x51 ./Core/Src/system_stm32l5xx.o
 .comment       0x0000000000000050       0x51 ./Core/Src/ucpd.o
 .comment       0x0000000000000050       0x51 ./Core/Src/usart.o
 .comment       0x0000000000000050       0x51 ./Core/Src/usb.o
 .comment       0x0000000000000050       0x51 ./Drivers/STM32L5xx_HAL_Driver/Src/stm32l5xx_hal.o
 .comment       0x0000000000000050       0x51 ./Drivers/STM32L5xx_HAL_Driver/Src/stm32l5xx_hal_adc.o
 .comment       0x0000000000000050       0x51 ./Drivers/STM32L5xx_HAL_Driver/Src/stm32l5xx_hal_adc_ex.o
 .comment       0x0000000000000050       0x51 ./Drivers/STM32L5xx_HAL_Driver/Src/stm32l5xx_hal_cortex.o
 .comment       0x0000000000000050       0x51 ./Drivers/STM32L5xx_HAL_Driver/Src/stm32l5xx_hal_gpio.o
 .comment       0x0000000000000050       0x51 ./Drivers/STM32L5xx_HAL_Driver/Src/stm32l5xx_hal_pcd.o
 .comment       0x0000000000000050       0x51 ./Drivers/STM32L5xx_HAL_Driver/Src/stm32l5xx_hal_pcd_ex.o
 .comment       0x0000000000000050       0x51 ./Drivers/STM32L5xx_HAL_Driver/Src/stm32l5xx_hal_pwr.o
 .comment       0x0000000000000050       0x51 ./Drivers/STM32L5xx_HAL_Driver/Src/stm32l5xx_hal_pwr_ex.o
 .comment       0x0000000000000050       0x51 ./Drivers/STM32L5xx_HAL_Driver/Src/stm32l5xx_hal_rcc.o
 .comment       0x0000000000000050       0x51 ./Drivers/STM32L5xx_HAL_Driver/Src/stm32l5xx_hal_rcc_ex.o
 .comment       0x0000000000000050       0x51 ./Drivers/STM32L5xx_HAL_Driver/Src/stm32l5xx_hal_rtc.o
 .comment       0x0000000000000050       0x51 ./Drivers/STM32L5xx_HAL_Driver/Src/stm32l5xx_hal_rtc_ex.o
 .comment       0x0000000000000050       0x51 ./Drivers/STM32L5xx_HAL_Driver/Src/stm32l5xx_hal_uart.o
 .comment       0x0000000000000050       0x51 ./Drivers/STM32L5xx_HAL_Driver/Src/stm32l5xx_hal_uart_ex.o
 .comment       0x0000000000000050       0x51 ./Drivers/STM32L5xx_HAL_Driver/Src/stm32l5xx_ll_gpio.o
 .comment       0x0000000000000050       0x51 ./Drivers/STM32L5xx_HAL_Driver/Src/stm32l5xx_ll_usb.o

.debug_frame    0x0000000000000000     0x5d0c
 .debug_frame   0x0000000000000000      0x128 ./Core/Src/CircularBuffer.o
 .debug_frame   0x0000000000000128      0x110 ./Core/Src/LOS_D_UART.o
 .debug_frame   0x0000000000000238       0x80 ./Core/Src/adc.o
 .debug_frame   0x00000000000002b8       0x34 ./Core/Src/gpio.o
 .debug_frame   0x00000000000002ec       0xd8 ./Core/Src/main.o
 .debug_frame   0x00000000000003c4       0x80 ./Core/Src/rtc.o
 .debug_frame   0x0000000000000444       0x38 ./Core/Src/stm32l5xx_hal_msp.o
 .debug_frame   0x000000000000047c      0x104 ./Core/Src/stm32l5xx_it.o
 .debug_frame   0x0000000000000580       0x58 ./Core/Src/system_stm32l5xx.o
 .debug_frame   0x00000000000005d8       0x84 ./Core/Src/ucpd.o
 .debug_frame   0x000000000000065c       0xb0 ./Core/Src/usart.o
 .debug_frame   0x000000000000070c       0x78 ./Core/Src/usb.o
 .debug_frame   0x0000000000000784      0x4a4 ./Drivers/STM32L5xx_HAL_Driver/Src/stm32l5xx_hal.o
 .debug_frame   0x0000000000000c28      0xa2c ./Drivers/STM32L5xx_HAL_Driver/Src/stm32l5xx_hal_adc.o
 .debug_frame   0x0000000000001654      0x7cc ./Drivers/STM32L5xx_HAL_Driver/Src/stm32l5xx_hal_adc_ex.o
 .debug_frame   0x0000000000001e20      0x508 ./Drivers/STM32L5xx_HAL_Driver/Src/stm32l5xx_hal_cortex.o
 .debug_frame   0x0000000000002328      0x174 ./Drivers/STM32L5xx_HAL_Driver/Src/stm32l5xx_hal_gpio.o
 .debug_frame   0x000000000000249c      0x578 ./Drivers/STM32L5xx_HAL_Driver/Src/stm32l5xx_hal_pcd.o
 .debug_frame   0x0000000000002a14      0x14c ./Drivers/STM32L5xx_HAL_Driver/Src/stm32l5xx_hal_pcd_ex.o
 .debug_frame   0x0000000000002b60      0x280 ./Drivers/STM32L5xx_HAL_Driver/Src/stm32l5xx_hal_pwr.o
 .debug_frame   0x0000000000002de0      0x6fc ./Drivers/STM32L5xx_HAL_Driver/Src/stm32l5xx_hal_pwr_ex.o
 .debug_frame   0x00000000000034dc      0x298 ./Drivers/STM32L5xx_HAL_Driver/Src/stm32l5xx_hal_rcc.o
 .debug_frame   0x0000000000003774      0x48c ./Drivers/STM32L5xx_HAL_Driver/Src/stm32l5xx_hal_rcc_ex.o
 .debug_frame   0x0000000000003c00      0x3f8 ./Drivers/STM32L5xx_HAL_Driver/Src/stm32l5xx_hal_rtc.o
 .debug_frame   0x0000000000003ff8      0x9f0 ./Drivers/STM32L5xx_HAL_Driver/Src/stm32l5xx_hal_rtc_ex.o
 .debug_frame   0x00000000000049e8      0xa94 ./Drivers/STM32L5xx_HAL_Driver/Src/stm32l5xx_hal_uart.o
 .debug_frame   0x000000000000547c      0x2c0 ./Drivers/STM32L5xx_HAL_Driver/Src/stm32l5xx_hal_uart_ex.o
 .debug_frame   0x000000000000573c      0x1c0 ./Drivers/STM32L5xx_HAL_Driver/Src/stm32l5xx_ll_gpio.o
 .debug_frame   0x00000000000058fc      0x338 ./Drivers/STM32L5xx_HAL_Driver/Src/stm32l5xx_ll_usb.o
 .debug_frame   0x0000000000005c34       0x2c /home/stanley/st/stm32cubeide_1.11.2/plugins/com.st.stm32cube.ide.mcu.externaltools.gnu-tools-for-stm32.10.3-2021.10.linux64_1.0.100.202210260954/tools/bin/../lib/gcc/arm-none-eabi/10.3.1/../../../../arm-none-eabi/lib/thumb/v8-m.main+fp/hard/libc_nano.a(lib_a-init.o)
 .debug_frame   0x0000000000005c60       0x28 /home/stanley/st/stm32cubeide_1.11.2/plugins/com.st.stm32cube.ide.mcu.externaltools.gnu-tools-for-stm32.10.3-2021.10.linux64_1.0.100.202210260954/tools/bin/../lib/gcc/arm-none-eabi/10.3.1/../../../../arm-none-eabi/lib/thumb/v8-m.main+fp/hard/libc_nano.a(lib_a-memcpy-stub.o)
 .debug_frame   0x0000000000005c88       0x20 /home/stanley/st/stm32cubeide_1.11.2/plugins/com.st.stm32cube.ide.mcu.externaltools.gnu-tools-for-stm32.10.3-2021.10.linux64_1.0.100.202210260954/tools/bin/../lib/gcc/arm-none-eabi/10.3.1/../../../../arm-none-eabi/lib/thumb/v8-m.main+fp/hard/libc_nano.a(lib_a-memset.o)
 .debug_frame   0x0000000000005ca8       0x2c /home/stanley/st/stm32cubeide_1.11.2/plugins/com.st.stm32cube.ide.mcu.externaltools.gnu-tools-for-stm32.10.3-2021.10.linux64_1.0.100.202210260954/tools/bin/../lib/gcc/arm-none-eabi/10.3.1/thumb/v8-m.main+fp/hard/libgcc.a(_aeabi_uldivmod.o)
 .debug_frame   0x0000000000005cd4       0x38 /home/stanley/st/stm32cubeide_1.11.2/plugins/com.st.stm32cube.ide.mcu.externaltools.gnu-tools-for-stm32.10.3-2021.10.linux64_1.0.100.202210260954/tools/bin/../lib/gcc/arm-none-eabi/10.3.1/thumb/v8-m.main+fp/hard/libgcc.a(_udivmoddi4.o)
