../Core/Src/main.c:96:5:main	8	static
../Core/Src/main.c:154:6:SystemClock_Config	104	static
../Core/Src/main.c:199:13:MX_I2C1_Init	8	static
../Core/Src/main.c:247:13:MX_I2C2_Init	8	static
../Core/Src/main.c:295:13:MX_I2C3_Init	8	static
../Core/Src/main.c:343:13:MX_LPUART1_UART_Init	8	static
../Core/Src/main.c:391:13:MX_UART4_Init	8	static
../Core/Src/main.c:439:13:MX_USART1_UART_Init	8	static
../Core/Src/main.c:487:13:MX_USART2_UART_Init	8	static
../Core/Src/main.c:535:13:MX_USART3_UART_Init	8	static
../Core/Src/main.c:583:13:MX_SPI1_Init	8	static
../Core/Src/main.c:623:13:MX_SPI2_Init	8	static
../Core/Src/main.c:663:13:MX_TIM3_Init	48	static
../Core/Src/main.c:724:13:MX_TIM4_Init	48	static
../Core/Src/main.c:785:13:MX_TIM5_Init	48	static
../Core/Src/main.c:846:13:MX_TIM16_Init	88	static
../Core/Src/main.c:909:13:MX_TIM17_Init	88	static
../Core/Src/main.c:972:13:MX_GPIO_Init	56	static
../Core/Src/main.c:1048:6:Error_Handler	4	static,ignoring_inline_asm
