../Core/Src/main.c:89:6:toggle_all_GPIO	8	static
../Core/Src/main.c:121:5:main	8	static
../Core/Src/main.c:180:6:SystemClock_Config	104	static
../Core/Src/main.c:225:13:MX_I2C1_Init	8	static
../Core/Src/main.c:273:13:MX_I2C2_Init	8	static
../Core/Src/main.c:321:13:MX_I2C3_Init	8	static
../Core/Src/main.c:369:13:MX_LPUART1_UART_Init	8	static
../Core/Src/main.c:417:13:MX_UART4_Init	8	static
../Core/Src/main.c:465:13:MX_USART1_UART_Init	8	static
../Core/Src/main.c:513:13:MX_USART2_UART_Init	8	static
../Core/Src/main.c:561:13:MX_USART3_UART_Init	8	static
../Core/Src/main.c:609:13:MX_SPI1_Init	8	static
../Core/Src/main.c:649:13:MX_SPI2_Init	8	static
../Core/Src/main.c:689:13:MX_TIM3_Init	48	static
../Core/Src/main.c:750:13:MX_TIM4_Init	48	static
../Core/Src/main.c:811:13:MX_TIM5_Init	48	static
../Core/Src/main.c:872:13:MX_TIM16_Init	88	static
../Core/Src/main.c:935:13:MX_TIM17_Init	88	static
../Core/Src/main.c:998:13:MX_GPIO_Init	56	static
../Core/Src/main.c:1074:6:Error_Handler	4	static,ignoring_inline_asm
