../Core/Src/main.cpp:75:5:int main()	40	static
../Core/Src/main.cpp:203:6:void SystemClock_Config()	88	static
../Core/Src/main.cpp:250:13:void MX_TIM2_Init()	48	static
../Core/Src/main.cpp:304:13:void MX_TIM3_Init()	48	static
../Core/Src/main.cpp:353:13:void MX_TIM4_Init()	48	static
../Core/Src/main.cpp:407:13:void MX_TIM5_Init()	48	static
../Core/Src/main.cpp:456:13:void MX_USART2_UART_Init()	8	static
../Core/Src/main.cpp:489:13:void MX_GPIO_Init()	48	static
../Core/Src/main.cpp:525:6:void Error_Handler()	4	static,ignoring_inline_asm
